******************************************************************************
              TMS320C55x Linker PC v4.3.9                      
******************************************************************************
>> Linked Fri Nov 04 09:32:30 2011

OUTPUT FILE NAME:   <../multicast.out>
ENTRY POINT SYMBOL: "_c_int00"  address: 000540d1


MEMORY CONFIGURATION

         name            origin    length      used     unused   attr    fill
                        (bytes)   (bytes)    (bytes)   (bytes)
----------------------  --------  ---------  --------  --------  ----  --------
PAGE 0:
  MMR                   00000000   000000c0  00000000  000000c0  RWIX
  BTRSVD                000000c0   00000240  00000000  00000240  RWIX
  DARAM                 00000300   0000fb00  00003782  0000c37e  RWIX
  VECS                  0000fe00   00000200  00000100  00000100  RWIX
  SDRAMTEXT             00010000   00010000  00006ec8  00009138  RWIX
  SDRAMSYSMEM           00020000   00010000  00008000  00008000  RWIX
  SDRAMDATA             00030000   00010000  000012ec  0000ed14  RWIX
  SDRAMCIO              00040000   00010000  00000a60  0000f5a0  RWIX
  SDRAMRTSTEXT          00050000   00010000  000041f6  0000be0a  RWIX
  SDRAMRTSDATA          00060000   00010000  000008e0  0000f720  RWIX
  SDRAMFREE             00070000   00340000  00000000  00340000  RWIX
  SDRAMINIT             003b0000   00010000  00000758  0000f8a8  RWIX
  PDROM                 00ff8000   00008000  00000000  00008000  R IX

PAGE 2:
  IOPORT                00000000   00020000  00000000  00020000  RWI 


SECTION ALLOCATION MAP
(Addresses surrounded by []'s are displayed for convenience only!)

output                                                          attributes/
section   page  orgn(bytes) orgn(words) len(bytes) len(words)   input sections
--------  ----  ----------- ----------- ---------- ----------   --------------
.bss         0   [ 00000300 ]  00000180          *   000013c1   
                 [ 00000300 ]  00000180          *   00000a1b   netdemo.lib : tcp.obj (.bss) [fill = 0]
                 [ 00001736 ]  00000b9b          *   00000001   --HOLE-- [fill = 0]
                 [ 00001738 ]  00000b9c          *   00000004               : memb.obj (.bss) [fill = 0]
                 [ 00001740 ]  00000ba0          *   00000548               : arp.obj (.bss) [fill = 0]
                 [ 000021d0 ]  000010e8          *   000003ba               : ezdsk5502.obj (.bss) [fill = 0]
                 [ 00002944 ]  000014a2          *   0000002f               : socket.obj (.bss) [fill = 0]
                 [ 000029a2 ]  000014d1          *   00000001   --HOLE-- [fill = 0]
                 [ 000029a4 ]  000014d2          *   00000027               : ksz8851.obj (.bss) [fill = 0]
                 [ 000029f2 ]  000014f9          *   00000001   --HOLE-- [fill = 0]
                 [ 000029f4 ]  000014fa          *   00000018               : Dhcp.obj (.bss) [fill = 0]
                 [ 00002a24 ]  00001512          *   00000016   multicast.obj (.bss) [fill = 0]
                 [ 00002a50 ]  00001528          *   00000008   ezdsp5502bsl.lib : ezdsp5502_gpio.obj (.bss) [fill = 0]
                 [ 00002a60 ]  00001530          *   00000004   netdemo.lib : multicast.obj (.bss) [fill = 0]
                 [ 00002a68 ]  00001534          *   00000003   common.obj (.bss) [fill = 0]
                 [ 00002a6e ]  00001537          *   00000001   --HOLE-- [fill = 0]
                 [ 00002a70 ]  00001538          *   00000003   netdemo.lib : adapter.obj (.bss) [fill = 0]
                 [ 00002a76 ]  0000153b          *   00000002   cprintf.obj (.bss) [fill = 0]
                 [ 00002a7a ]  0000153d          *   00000002   netdemo.lib : Dns.obj (.bss) [fill = 0]
                 [ 00002a7e ]  0000153f          *   00000002               : udp.obj (.bss) [fill = 0]

.stack       0   [ 00002aa0 ]  00001550          *   00000400   
                 [ 00002aa0 ]  00001550          *   00000400   --HOLE-- [fill = 0]

.sysstack 
*            0   [ 000032a0 ]  00001950          *   00000400   
                 [ 000032a0 ]  00001950          *   00000400   --HOLE-- [fill = 0]

vectors      0     0000fe00  [ 00007f00 ] 00000100          *   
                   0000fe00  [ 00007f00 ] 00000100          *   rts55x.lib : vectors.obj (vectors)

.nettextslow 
*            0     00010000  [ 00008000 ] 000031ca          *   
                   00010000  [ 00008000 ] 00000362          *   netdemo.lib : Dhcp.obj (.nettextslow:_dhcp_option)
                   00010362  [ 000081b1 ] 00000338          *               : ksz8851.obj (.nettextslow:_dsk_init)
                   0001069a  [ 0000834d ] 000002ef          *               : socket.obj (.nettextslow:_net_post_init)
                   00010989  [ 000084c4+] 00000230          *               : Dhcp.obj (.nettextslow:_dhcp_recv)
                   00010bb9  [ 000085dc+] 00000215          *               : socket.obj (.nettextslow:_socket_open)
                   00010dce  [ 000086e7 ] 000001fb          *               : Dhcp.obj (.nettextslow:_auto_ip_config)
                   00010fc9  [ 000087e4+] 000001d6          *               : Dns.obj (.nettextslow:_open_dns_socket)
                   0001119f  [ 000088cf+] 000001cc          *               : ksz8851.obj (.nettextslow:_MDIO_poll_phy)
                   0001136b  [ 000089b5+] 00000194          *               : socket.obj (.nettextslow:_net_init)
                   000114ff  [ 00008a7f+] 00000192          *               : Dhcp.obj (.nettextslow:_build_dhcp_message)
                   00011691  [ 00008b48+] 0000018f          *               : icmp.obj (.nettextslow:_icmp_recv_socket)
                   00011820  [ 00008c10 ] 00000170          *               : socket.obj (.nettextslow:_socket_close)
                   00011990  [ 00008cc8 ] 00000164          *               : tcp.obj (.nettextslow:_tcp_send_opening)
                   00011af4  [ 00008d7a ] 00000163          *               : Dns.obj (.nettextslow:_dns_recv)
                   00011c57  [ 00008e2b+] 00000148          *               : socket.obj (.nettextslow:_net_print_stat)
                   00011d9f  [ 00008ecf+] 00000144          *               : socket.obj (.nettextslow:_make_dhcp_request)
                   00011ee3  [ 00008f71+] 0000011d          *               : icmp.obj (.nettextslow:_send_ping_reply)
                   00012000  [ 00009000 ] 000000e1          *               : ksz8851.obj (.nettextslow:_ksz_get_hw_address)
                   000120e1  [ 00009070+] 000000d8          *               : Dhcp.obj (.nettextslow:_dhcp_enable)
                   000121b9  [ 000090dc+] 000000cd          *               : socket.obj (.nettextslow:_inet_ntoa)
                   00012286  [ 00009143 ] 000000c8          *               : ksz8851.obj (.nettextslow:_ksz_setmulticast)
                   0001234e  [ 000091a7 ] 000000bf          *               : ksz8851.obj (.nettextslow:_ksz_cycle_eeprom_io)
                   0001240d  [ 00009206+] 000000bf          *               : multicast.obj (.nettextslow:_multicast_add)
                   000124cc  [ 00009266 ] 000000bd          *               : Dhcp.obj (.nettextslow:_open_dhcp_socket)
                   00012589  [ 000092c4+] 000000aa          *               : arp.obj (.nettextslow:_arp_init)
                   00012633  [ 00009319+] 000000aa          *               : socket.obj (.nettextslow:_install_icmp_socket)
                   000126dd  [ 0000936e+] 000000a8          *               : adapter.obj (.nettextslow:_add_adapter)
                   00012785  [ 000093c2+] 000000a4          *               : ksz8851.obj (.nettextslow:_ksz_set_hw_address)
                   00012829  [ 00009414+] 00000095          *               : udp.obj (.nettextslow:_udp_init)
                   000128be  [ 0000945f ] 0000008e          *               : multicast.obj (.nettextslow:_multicast_del)
                   0001294c  [ 000094a6 ] 0000007b          *               : socket.obj (.nettextslow:_get_free_socket)
                   000129c7  [ 000094e3+] 00000075          *               : ezdsk5502.obj (.nettextslow:_dsk_spiflash_cycle)
                   00012a3c  [ 0000951e ] 00000073          *               : ezdsk5502.obj (.nettextslow:_dsk_flash_sectorerase)
                   00012aaf  [ 00009557+] 0000006d          *               : ezdsk5502.obj (.nettextslow:_dsk_spiflash_write)
                   00012b1c  [ 0000958e ] 00000068          *               : ksz8851.obj (.nettextslow:_ksz_read_eeprom_word)
                   00012b84  [ 000095c2 ] 00000066          *               : ezdsk5502.obj (.nettextslow:_dsk_flash_put_byte)
                   00012bea  [ 000095f5 ] 0000005f          *               : ezdsk5502.obj (.nettextslow:_dsk_init_sectors)
                   00012c49  [ 00009624+] 0000005e          *               : socket.obj (.nettextslow:_inet_aton)
                   00012ca7  [ 00009653+] 00000059          *               : ksz8851.obj (.nettextslow:_ksz_verify_hw_address)
                   00012d00  [ 00009680 ] 00000055          *               : socket.obj (.nettextslow:_prepare_for_broadcast)
                   00012d55  [ 000096aa+] 00000055          *               : ksz8851.obj (.nettextslow:_set_phy_cap)
                   00012daa  [ 000096d5 ] 00000054          *               : ezdsk5502.obj (.nettextslow:_dsk_flash_get_byte)
                   00012dfe  [ 000096ff ] 00000054          *               : icmp.obj (.nettextslow:_icmp_init)
                   00012e52  [ 00009729 ] 0000004f          *               : ezdsk5502.obj (.nettextslow:_dsk_spiflash_read)
                   00012ea1  [ 00009750+] 00000040          *               : memb.obj (.nettextslow:_memb_arp_init)
                   00012ee1  [ 00009770+] 0000003e          *               : ezdsk5502.obj (.nettextslow:_dsk_spiflash_erase)
                   00012f1f  [ 0000978f+] 0000003d          *               : ezdsk5502.obj (.nettextslow:_dsk_hal_dc_init)
                   00012f5c  [ 000097ae ] 00000039          *               : ezdsk5502.obj (.nettextslow:_dsk_check_sectorerase)
                   00012f95  [ 000097ca+] 00000039          *               : ezdsk5502.obj (.nettextslow:_dsk_flush_buffer)
                   00012fce  [ 000097e7 ] 00000037          *               : socket.obj (.nettextslow:_net_set_gateway)
                   00013005  [ 00009802+] 00000034          *               : icmp.obj (.nettextslow:_icmp_read_ip)
                   00013039  [ 0000981c+] 00000031          *               : socket.obj (.nettextslow:_get_mac_address)
                   0001306a  [ 00009835 ] 0000002e          *               : socket.obj (.nettextslow:_net_delay)
                   00013098  [ 0000984c ] 00000025          *               : socket.obj (.nettextslow:_set_recv_buffer)
                   000130bd  [ 0000985e+] 00000024          *               : Dhcp.obj (.nettextslow:_dhcp_get_address)
                   000130e1  [ 00009870+] 00000024          *               : socket.obj (.nettextslow:_socket_define_callback)
                   00013105  [ 00009882+] 0000001f          *               : ezdsk5502.obj (.nettextslow:_dsk_flash_erase_addr)
                   00013124  [ 00009892 ] 0000001d          *               : ezdsk5502.obj (.nettextslow:_dsk_spiflash_status)
                   00013141  [ 000098a0+] 0000001c          *               : socket.obj (.nettextslow:_get_ip_address)
                   0001315d  [ 000098ae+] 0000001a          *               : Dns.obj (.nettextslow:_dns_enable_server)
                   00013177  [ 000098bb+] 00000016          *               : multicast.obj (.nettextslow:_multicast_join_group)
                   0001318d  [ 000098c6+] 00000015          *               : arp.obj (.nettextslow:_arp_invalid_ip_address)
                   000131a2  [ 000098d1 ] 00000013          *               : socket.obj (.nettextslow:_get_netlib_ver)
                   000131b5  [ 000098da+] 0000000c          *               : socket.obj (.nettextslow:_net_allocate_aligned_buffer)
                   000131c1  [ 000098e0+] 00000004          *               : icmp.obj (.nettextslow:_icmp_get_checksum)
                   000131c5  [ 000098e2+] 00000003          *               : ksz8851.obj (.nettextslow:__dummy_link_status)
                   000131c8  [ 000098e4 ] 00000002          *   --HOLE-- [fill = 20]

.nettextfast 
*            0     000131e0  [ 000098f0 ] 0000264c          *   
                   000131e0  [ 000098f0 ] 00000589          *   netdemo.lib : ksz8851.obj (.nettextfast:_ksz_read_packet_data)
                   00013769  [ 00009bb4+] 000002ea          *               : arp.obj (.nettextfast:_check_arp_address)
                   00013a53  [ 00009d29+] 000002c0          *               : ksz8851.obj (.nettextfast:_smc_write_packet_data)
                   00013d13  [ 00009e89+] 00000237          *               : socket.obj (.nettextfast:_net_check_callback)
                   00013f4a  [ 00009fa5 ] 00000216          *               : tcp.obj (.nettextfast:_send_tcp_option)
                   00014160  [ 0000a0b0 ] 000001ed          *               : socket.obj (.nettextfast:_get_socket)
                   0001434d  [ 0000a1a6+] 000001e3          *               : ip.obj (.nettextfast:_send_ip)
                   00014530  [ 0000a298 ] 000001b5          *               : socket.obj (.nettextfast:_net_resend_all)
                   000146e5  [ 0000a372+] 000001b4          *               : ksz8851.obj (.nettextfast:_ksz_write_arp_packet_data)
                   00014899  [ 0000a44c+] 000001ae          *               : socket.obj (.nettextfast:_net_recv)
                   00014a47  [ 0000a523+] 00000186          *               : ip.obj (.nettextfast:_read_ip)
                   00014bcd  [ 0000a5e6+] 0000017f          *               : socket.obj (.nettextfast:_net_send)
                   00014d4c  [ 0000a6a6 ] 00000174          *               : ksz8851.obj (.nettextfast:_ksz_isr)
                   00014ec0  [ 0000a760 ] 00000147          *               : udp.obj (.nettextfast:_udp_send_socket)
                   00015007  [ 0000a803+] 00000134          *               : arp.obj (.nettextfast:_arp_timer)
                   0001513b  [ 0000a89d+] 00000113          *               : socket.obj (.nettextfast:_net_isq)
                   0001524e  [ 0000a927 ] 00000105          *               : arp.obj (.nettextfast:_save_arp_address)
                   00015353  [ 0000a9a9+] 00000103          *               : arp.obj (.nettextfast:_read_arp)
                   00015456  [ 0000aa2b ] 000000de          *               : tcp.obj (.nettextfast:_tcp_send_pending)
                   00015534  [ 0000aa9a ] 000000ae          *               : udp.obj (.nettextfast:_udp_read_ip)
                   000155e2  [ 0000aaf1 ] 00000084          *               : arp.obj (.nettextfast:_send_arp)
                   00015666  [ 0000ab33 ] 00000078          *               : arp.obj (.nettextfast:_arp_check_ip_address)
                   000156de  [ 0000ab6f ] 00000064          *               : memb.obj (.nettextfast:_memb_free)
                   00015742  [ 0000aba1 ] 00000041          *               : memb.obj (.nettextfast:_memb_alloc)
                   00015783  [ 0000abc1+] 00000034          *               : ksz8851.obj (.nettextfast:_ksz_release_packet)
                   000157b7  [ 0000abdb+] 00000034          *               : udp.obj (.nettextfast:_udp_recv_socket)
                   000157eb  [ 0000abf5+] 00000021          *               : socket.obj (.nettextfast:_net_malloc)
                   0001580c  [ 0000ac06 ] 0000001a          *               : arp.obj (.nettextfast:_arp_reply_function)
                   00015826  [ 0000ac13 ] 00000004          *               : udp.obj (.nettextfast:_udp_get_checksum)
                   0001582a  [ 0000ac15 ] 00000002          *   --HOLE-- [fill = 20]

.text        0     00015840  [ 0000ac20 ] 00000ee0          *   
                   00015840  [ 0000ac20 ] 000003b0          *   multicast.obj (.text)
                   00015bf0  [ 0000adf8 ] 0000020c          *   ezdsp5502bsl.lib : ezdsp5502_gpio.obj (.text)
                   00015dfc  [ 0000aefe ] 0000018e          *   csl5502x.lib : i2c_write.obj (.text:I2C_write)
                   00015f8a  [ 0000afc5 ] 0000018b          *   lcd.obj (.text)
                   00016115  [ 0000b08a ] 00000003          *   --HOLE-- [fill = 20]
                   00016118  [ 0000b08c ] 0000015d          *   csl5502x.lib : i2c_read.obj (.text:I2C_read)
                   00016275  [ 0000b13a+] 0000014e          *   ezdsp5502bsl.lib : ezdsp5502_i2cgpio.obj (.text)
                   000163c3  [ 0000b1e1 ] 00000001          *   --HOLE-- [fill = 20]
                   000163c4  [ 0000b1e2 ] 00000072          *   csl5502x.lib : i2c_cfg.obj (.text:I2C_config)
                   00016436  [ 0000b21b ] 0000006f          *   ezdsp5502bsl.lib : ezdsp5502.obj (.text)
                   000164a5  [ 0000b252+] 0000006d          *                    : ezdsp5502_i2c.obj (.text)
                   00016512  [ 0000b289 ] 00000055          *   dskpll.obj (.text)
                   00016567  [ 0000b2b3+] 00000051          *   netdemo.lib : ksz8851.obj (.text:_crc32)
                   000165b8  [ 0000b2dc ] 0000004f          *   csl5502x.lib : gpio_open.obj (.text:GPIO_open)
                   00016607  [ 0000b303+] 0000004c          *   dskemif.obj (.text)
                   00016653  [ 0000b329 ] 00000001          *   --HOLE-- [fill = 20]
                   00016654  [ 0000b32a ] 0000001f          *   csl5502x.lib : gpio_dir.obj (.text:GPIO_pinDirection)
                   00016673  [ 0000b339 ] 00000001          *   --HOLE-- [fill = 20]
                   00016674  [ 0000b33a ] 0000001f          *                : gpio_write.obj (.text:GPIO_pinWrite)
                   00016693  [ 0000b349 ] 00000001          *   --HOLE-- [fill = 20]
                   00016694  [ 0000b34a ] 00000016          *                : icache_init.obj (.text)
                   000166aa  [ 0000b355 ] 00000002          *   --HOLE-- [fill = 20]
                   000166ac  [ 0000b356 ] 00000014          *                : gpio_read.obj (.text:GPIO_pinRead)
                   000166c0  [ 0000b360 ] 00000013          *                : gpio_enab.obj (.text:GPIO_pinEnable)
                   000166d3  [ 0000b369 ] 00000001          *   --HOLE-- [fill = 20]
                   000166d4  [ 0000b36a ] 0000000f          *                : irq_gdisab.obj (.text:IRQ_globalDisable)
                   000166e3  [ 0000b371 ] 00000001          *   --HOLE-- [fill = 20]
                   000166e4  [ 0000b372 ] 0000000d          *                : icache_enbl.obj (.text:ICACHE_enable)
                   000166f1  [ 0000b378 ] 00000003          *   --HOLE-- [fill = 20]
                   000166f4  [ 0000b37a ] 0000000d          *                : _csl_init.obj (.text:_CSL_init)
                   00016701  [ 0000b380 ] 00000003          *   --HOLE-- [fill = 20]
                   00016704  [ 0000b382 ] 0000000c          *                : csl.obj (.text:CSL_init)
                   00016710  [ 0000b388 ] 0000000c          *                : irq_grest.obj (.text:IRQ_globalRestore)
                   0001671c  [ 0000b38e ] 00000002          *                : csl.obj (.text)
                   0001671e  [ 0000b38f ] 00000002          *   --HOLE-- [fill = 20]

.commonsect 
*            0     00016720  [ 0000b390 ] 000004ee          *   
                   00016720  [ 0000b390 ] 000004cc          *   common.obj (.commonsect)
                   00016bec  [ 0000b5f6 ] 00000020          *   oled_printf.obj (.commonsect)
                   00016c0c  [ 0000b606 ] 00000002          *   --HOLE-- [fill = 20]

.cprintfsect 
*            0     00016c20  [ 0000b610 ] 000002e4          *   
                   00016c20  [ 0000b610 ] 00000229          *   oled_printf.obj (.cprintfsect)
                   00016e49  [ 0000b724+] 000000ba          *   cprintf.obj (.cprintfsect)
                   00016f03  [ 0000b781 ] 00000001          *   --HOLE-- [fill = 20]

.sysmem      0   [ 00020000 ]  00010000          *   00004000   
                 [ 00020000 ]  00010000          *   00004000   --HOLE-- [fill = 0]

.data        0   [ 00030000 ]  00018000          *   00000000   

.const       0   [ 00030000 ]  00018000          *   000008fe   
                 [ 00030000 ]  00018000          *   0000047b   common.obj (.const:.string)
                 [ 000308f6 ]  0001847b          *   00000001   --HOLE-- [fill = 0]
                 [ 000308f8 ]  0001847c          *   000002af   multicast.obj (.const:.string)
                 [ 00030e56 ]  0001872b          *   00000001   --HOLE-- [fill = 0]
                 [ 00030e58 ]  0001872c          *   0000013c   netdemo.lib : socket.obj (.const:.string)
                 [ 000310d0 ]  00018868          *   00000059               : ksz8851.obj (.const:.string)
                 [ 00031182 ]  000188c1          *   00000001   --HOLE-- [fill = 0]
                 [ 00031184 ]  000188c2          *   0000001c               : Dhcp.obj (.const:.string)
                 [ 000311bc ]  000188de          *   0000000a   ezdsp5502bsl.lib : ezdsp5502_i2c.obj (.const:_$P$T0$1)
                 [ 000311d0 ]  000188e8          *   00000009   netdemo.lib : socket.obj (.const:_netlib_ver)
                 [ 000311e2 ]  000188f1          *   00000001   --HOLE-- [fill = 0]
                 [ 000311e4 ]  000188f2          *   00000008               : Dns.obj (.const:.string)
                 [ 000311f4 ]  000188fa          *   00000004   cprintf.obj (.const:.string)

.csldata     0   [ 00031200 ]  00018900          *   00000042   
                 [ 00031200 ]  00018900          *   00000022   csl5502x.lib : csl_csldat.obj (.csldata:SYS_data) [fill = 0]
                 [ 00031244 ]  00018922          *   00000020                : csl_gpiodat.obj (.csldata:GPIO_data) [fill = 0]

.switch      0   [ 00031284 ]  00018942          *   00000036   
                 [ 00031284 ]  00018942          *   00000036   common.obj (.switch)

.cio         0   [ 00040000 ]  00020000          *   00000530   
                 [ 00040000 ]  00020000          *   00000200   cprintf.obj (.cio) [fill = 0]
                 [ 00040400 ]  00020200          *   000001f6   oled_printf.obj (.cio) [fill = 0]
                 [ 000407ec ]  000203f6          *   00000002   --HOLE-- [fill = 0]
                 [ 000407f0 ]  000203f8          *   00000120   rts55x.lib : trgmsg.obj (.cio) [fill = 0]
                 [ 00040a30 ]  00020518          *   00000018   common.obj (.cio) [fill = 0]

.rtstext     0     00050000  [ 00028000 ] 000041f6          *   
                   00050000  [ 00028000 ] 00001598          *   rts55x.lib : _printfi.obj (.text)
                   00051598  [ 00028acc ] 00000543          *              : lowlev.obj (.text)
                   00051adb  [ 00028d6d+] 00000528          *              : trgdrv.obj (.text)
                   00052003  [ 00029001+] 000004b5          *              : memory.obj (.text)
                   000524b8  [ 0002925c ] 0000036c          *              : divd.obj (.text)
                   00052824  [ 00029412 ] 0000027f          *              : fopen.obj (.text)
                   00052aa3  [ 00029551+] 0000025e          *              : llmpy.obj (.text)
                   00052d01  [ 00029680+] 00000259          *              : addd.obj (.text)
                   00052f5a  [ 000297ad ] 000001ea          *              : cmpd.obj (.text)
                   00053144  [ 000298a2 ] 00000163          *              : fputs.obj (.text)
                   000532a7  [ 00029953+] 0000014c          *              : mpyd.obj (.text)
                   000533f3  [ 000299f9+] 000000e6          *              : setvbuf.obj (.text)
                   000534d9  [ 00029a6c+] 000000dd          *              : _io_perm.obj (.text)
                   000535b6  [ 00029adb ] 000000c8          *              : frcmpyd_div.obj (.text)
                   0005367e  [ 00029b3f ] 000000c2          *              : fflush.obj (.text)
                   00053740  [ 00029ba0 ] 000000ba          *              : trgmsg.obj (.text:CIO_breakpoint)
                   000537fa  [ 00029bfd ] 000000a6          *              : fputc.obj (.text)
                   000538a0  [ 00029c50 ] 000000a1          *              : divul.obj (.text)
                   00053941  [ 00029ca0+] 0000007d          *              : ltoa.obj (.text)
                   000539be  [ 00029cdf ] 0000007b          *              : fclose.obj (.text)
                   00053a39  [ 00029d1c+] 00000076          *              : frcmpyd.obj (.text)
                   00053aaf  [ 00029d57+] 00000075          *              : sinit.obj (.text)
                   00053b24  [ 00029d92 ] 00000072          *              : remul.obj (.text)
                   00053b96  [ 00029dcb ] 0000006f          *              : atexit.obj (.text)
                   00053c05  [ 00029e02+] 0000006f          *              : fixdli.obj (.text)
                   00053c74  [ 00029e3a ] 0000006d          *              : trgmsg.obj (.text)
                   00053ce1  [ 00029e70+] 0000006b          *              : fseek.obj (.text)
                   00053d4c  [ 00029ea6 ] 0000006a          *              : vsprintf.obj (.text)
                   00053db6  [ 00029edb ] 00000067          *              : fltlid.obj (.text)
                   00053e1d  [ 00029f0e+] 00000060          *              : rand.obj (.text)
                   00053e7d  [ 00029f3e+] 0000005c          *              : atoi.obj (.text)
                   00053ed9  [ 00029f6c+] 00000050          *              : printf.obj (.text)
                   00053f29  [ 00029f94+] 0000004d          *              : autoinit.obj (.text)
                   00053f76  [ 00029fbb ] 0000004b          *              : args_main.obj (.text)
                   00053fc1  [ 00029fe0+] 0000004b          *              : remli.obj (.text)
                   0005400c  [ 0002a006 ] 00000048          *              : divli.obj (.text)
                   00054054  [ 0002a02a ] 0000003f          *              : memcpy.obj (.text)
                   00054093  [ 0002a049+] 0000003e          *              : exit.obj (.text)
                   000540d1  [ 0002a068+] 00000034          *              : boot.obj (.text)
                   00054105  [ 0002a082+] 0000002a          *              : fixdi.obj (.text)
                   0005412f  [ 0002a097+] 0000002a          *              : udiv.obj (.text)
                   00054159  [ 0002a0ac+] 00000023          *              : memccpy.obj (.text)
                   0005417c  [ 0002a0be ] 0000001c          *              : isinf.obj (.text)
                   00054198  [ 0002a0cc ] 00000014          *              : subd.obj (.text)
                   000541ac  [ 0002a0d6 ] 00000013          *              : lmpy.obj (.text)
                   000541bf  [ 0002a0df+] 00000012          *              : _lock.obj (.text)
                   000541d1  [ 0002a0e8+] 00000010          *              : negd.obj (.text)
                   000541e1  [ 0002a0f0+] 0000000a          *              : remove.obj (.text)
                   000541eb  [ 0002a0f5+] 00000007          *              : exit.obj (.text:CIO_breakpoint)
                   000541f2  [ 0002a0f9 ] 00000002          *              : vectors.obj (.text)
                   000541f4  [ 0002a0fa ] 00000002          *   --HOLE-- [fill = 20]

.rtsbss      0   [ 00060000 ]  00030000          *   00000330   
                 [ 00060000 ]  00030000          *   00000119   rts55x.lib : defs.obj (.bss) [fill = 0]
                 [ 00060232 ]  00030119          *   000000d0              : trgdrv.obj (.bss) [fill = 0]
                 [ 000603d2 ]  000301e9          *   00000001              : fopen.obj (.bss) [fill = 0]
                 [ 000603d4 ]  000301ea          *   000000c2              : atexit.obj (.bss) [fill = 0]
                 [ 00060558 ]  000302ac          *   00000071              : lowlev.obj (.bss) [fill = 0]
                 [ 0006063a ]  0003031d          *   00000001   --HOLE-- [fill = 0]
                 [ 0006063c ]  0003031e          *   00000006              : memory.obj (.bss) [fill = 0]
                 [ 00060648 ]  00030324          *   00000004              : _lock.obj (.bss) [fill = 0]
                 [ 00060650 ]  00030328          *   00000004              : exit.obj (.bss) [fill = 0]
                 [ 00060658 ]  0003032c          *   00000002              : rand.obj (.bss) [fill = 0]
                 [ 0006065c ]  0003032e          *   00000002              : sinit.obj (.bss) [fill = 0]

.rtsdata     0   [ 00060660 ]  00030330          *   00000140   
                 [ 00060660 ]  00030330          *   00000101   rts55x.lib : ctype.obj (.const:__ctypes_)
                 [ 00060862 ]  00030431          *   00000001   --HOLE-- [fill = 0]
                 [ 00060864 ]  00030432          *   00000024              : _printfi.obj (.const:.string)
                 [ 000608ac ]  00030456          *   0000000c              : _printfi.obj (.const)
                 [ 000608c4 ]  00030462          *   00000008              : divd.obj (.const:_initial_approx$1)
                 [ 000608d4 ]  0003046a          *   00000002              : fputs.obj (.const:.string)
                 [ 000608d8 ]  0003046c          *   00000002              : divd.obj (.const)
                 [ 000608dc ]  0003046e          *   00000002              : fltlid.obj (.const)

.cinit       0   [ 003b0000 ]  001d8000          *   000003ac   
                 [ 003b0000 ]  001d8000          *   00000179   oled_printf.obj (.cinit)
                 [ 003b02f2 ]  001d8179          *   00000050   netdemo.lib : socket.obj (.cinit)
                 [ 003b0392 ]  001d81c9          *   0000002d   rts55x.lib : lowlev.obj (.cinit)
                 [ 003b03ec ]  001d81f6          *   0000002c   netdemo.lib : Dhcp.obj (.cinit)
                 [ 003b0444 ]  001d8222          *   0000002b               : ezdsk5502.obj (.cinit)
                 [ 003b049a ]  001d824d          *   0000002a   rts55x.lib : defs.obj (.cinit)
                 [ 003b04ee ]  001d8277          *   00000027   common.obj (.cinit)
                 [ 003b053c ]  001d829e          *   00000026   multicast.obj (.cinit)
                 [ 003b0588 ]  001d82c4          *   00000025   csl5502x.lib : csl_csldat.obj (.cinit)
                 [ 003b05d2 ]  001d82e9          *   00000023                : csl_gpiodat.obj (.cinit)
                 [ 003b0618 ]  001d830c          *   0000001b   netdemo.lib : arp.obj (.cinit)
                 [ 003b064e ]  001d8327          *   0000001a               : tcp.obj (.cinit)
                 [ 003b0682 ]  001d8341          *   0000000a               : ksz8851.obj (.cinit)
                 [ 003b0696 ]  001d834b          *   0000000a               : memb.obj (.cinit)
                 [ 003b06aa ]  001d8355          *   0000000a   rts55x.lib : _lock.obj (.cinit)
                 [ 003b06be ]  001d835f          *   0000000a              : exit.obj (.cinit)
                 [ 003b06d2 ]  001d8369          *   00000009   netdemo.lib : adapter.obj (.cinit)
                 [ 003b06e4 ]  001d8372          *   00000008   cprintf.obj (.cinit)
                 [ 003b06f4 ]  001d837a          *   00000008   netdemo.lib : Dns.obj (.cinit)
                 [ 003b0704 ]  001d8382          *   00000008               : udp.obj (.cinit)
                 [ 003b0714 ]  001d838a          *   00000008   rts55x.lib : atexit.obj (.cinit)
                 [ 003b0724 ]  001d8392          *   00000007   netdemo.lib : multicast.obj (.cinit)
                 [ 003b0732 ]  001d8399          *   00000005   rts55x.lib : rand.obj (.cinit)
                 [ 003b073c ]  001d839e          *   00000005              : sinit.obj (.cinit)
                 [ 003b0746 ]  001d83a3          *   00000004              : fopen.obj (.cinit)
                 [ 003b074e ]  001d83a7          *   00000004              : memory.obj (.cinit)
                 [ 003b0756 ]  001d83ab          *   00000001   --HOLE-- [fill = 0]

.pinit       0   [ 003b0000 ]  001d8000          *   00000000   


GLOBAL SYMBOLS: SORTED ALPHABETICALLY BY Name 

abs. value/
byte addr   word addr   name
---------   ---------   ----
00000002                $TI_capability$C5500$CallingConvention
00000002                $TI_capability$C5500$MemoryModel
00000001                $TI_capability_requires_rev2
            00000180    .bss
            00018000    .data
00015840                .text
000541ec                C$$EXIT
000537f5                C$$IO$$
000541ac                I$$LMPY
0005412f                I$$UDIV
00054144                I$$UMOD
000168d5                _AppCleanup
0001683a                _AppInit
00016e8e                _CPrintf
00016e49                _CPrintf_select_output
0001671c                _CSL5502_LIB_
            00018922    _CSL_GpioData
            00018900    _CSL_SysData
00016704                _CSL_init
00016c44                _ClearLine
00015d81                _EZDSP5502_GPIO_getInput
00015bf0                _EZDSP5502_GPIO_init
00015c87                _EZDSP5502_GPIO_setDirection
00015d04                _EZDSP5502_GPIO_setOutput
00016275                _EZDSP5502_I2CGPIO_configLine
0001634c                _EZDSP5502_I2CGPIO_read
000162c8                _EZDSP5502_I2CGPIO_readLine
00016399                _EZDSP5502_I2CGPIO_write
000162f9                _EZDSP5502_I2CGPIO_writeLine
000164a5                _EZDSP5502_I2C_init
000164ee                _EZDSP5502_I2C_read
000164c2                _EZDSP5502_I2C_reset
000164cc                _EZDSP5502_I2C_write
0001648c                _EZDSP5502_init
00016446                _EZDSP5502_wait
0001647a                _EZDSP5502_waitusec
000165b8                _GPIO_open
00016654                _GPIO_pinDirection
000166c0                _GPIO_pinEnable
000166ac                _GPIO_pinRead
00016674                _GPIO_pinWrite
00051fa5                _HOSTclock
00051f3a                _HOSTclose
00051e85                _HOSTlseek
00051de6                _HOSTopen
00051d59                _HOSTread
00051cab                _HOSTrename
00051c4d                _HOSTtime
00051be3                _HOSTunlink
00051b56                _HOSTwrite
000163c4                _I2C_config
00016118                _I2C_read
00015dfc                _I2C_write
000166e4                _ICACHE_enable
00016694                _ICACHE_setup
000166d4                _IRQ_globalDisable
00016710                _IRQ_globalRestore
00016bec                _InitOled
00015985                _InitializeNetwork
00016c20                _IsPrintable
00016b07                _LED_init
00016b53                _LED_off
00016b85                _LED_on
00016be5                _LED_state
00016bb5                _LED_toggle
0001119f                _MDIO_poll_phy
00016e08                _OledPrintf
000167a1                _PrintExitCode
0000fe00                _Reset
00016c78                _SelectLine
            000203f8    __CIOBUF_
000166f4                __CSL_init
            00001950    __STACK_END
00000800                __STACK_SIZE
00008000                __SYSMEM_SIZE
00000800                __SYSSTACK_SIZE
00053b05                ___add_dtor
            000301ea    ___atexit_func_id__
ffffffff                ___binit__
            00000180    ___bss__
ffffffff                ___c_args__
            001d8000    ___cinit__
            00018000    ___data__
            000014a2    ___dsp_clock
            00018000    ___edata__
            00001541    ___end__
00016720                ___etext__
0005417c                ___isinf
            000014e0    ___link_status
            000014a4    ___net_isq_interval
ffffffff                ___pinit__
00015840                ___text__
00052d01                __addd
00053f76                __args_main
00052945                __cleanup
            00030328    __cleanup_ptr
000530ec                __cmpd
            00030330    __ctypes_
000524da                __divd
0005400c                __divli
00052ccc                __divlli
0005412f                __divu
000538a0                __divul
00052bd8                __divull
0005367e                __doflush
            0003032a    __dtors_ptr
000131c5                __dummy_link_status
000530b8                __eqld
00054105                __fixdi
00053c05                __fixdli
00053db6                __fltlid
00053a39                __frcmpyd
000535b6                __frcmpyd_div
            00030118    __ft_end
            00030000    __ftable
0005306e                __geqd
00053023                __gtrd
00052fd6                __leqd
            00001535    __link
            00030324    __lock
00052f8e                __lssd
000532a7                __mpyd
000541ac                __mpyli
00052b20                __mpylli
000541d1                __negd
00052f5a                __neqd
000541cf                __nop
00051356                __printfi
00053559                __rd_ok
000541c7                __register_lock
000541bf                __register_unlock
00053fc1                __remli
00052af1                __remlli
00054144                __remu
00053b24                __remul
00052aa3                __remull
            00001550    __stack
00054198                __subd
            00010000    __sys_memory
            00001950    __sysstack
            00000b86    __tcp_retransmit_time
            00030078    __tmpnams
            00030326    __unlock
000534d9                __wrt_ok
000541eb                _abort
            00001538    _adapter_list
000126dd                _add_adapter
000519eb                _add_device
            000014a8    _addr
            00000ba0    _arp_addr
00015666                _arp_check_ip_address
            00000baa    _arp_head
00012589                _arp_init
0001318d                _arp_invalid_ip_address
0001580c                _arp_reply_function
00015007                _arp_timer
00053b96                _atexit
00053e7d                _atoi
00053f29                _auto_init
            00001506    _auto_ip
00010dce                _auto_ip_config
            00001504    _auto_ip_state
000114ff                _build_dhcp_message
000540d1                _c_int00
00053aaf                _call_dtors
00052492                _calloc
00013769                _check_arp_address
0005248a                _chkheap
00051978                _close
            000014e2    _data_len
            000014de    _dev_in_use_cnt
            000014fc    _dhcp_data
000120e1                _dhcp_enable
000130bd                _dhcp_get_address
            00001500    _dhcp_message_len
            00001503    _dhcp_nr
00010000                _dhcp_option
00010989                _dhcp_recv
            000014fe    _dhcp_send_data
            00001520    _dhcp_setting
            00001502    _dhcp_state
0001315d                _dns_enable_server
00011af4                _dns_recv
            0000151e    _dns_setting
            000014be    _domain_name
00012f5c                _dsk_check_sectorerase
00013105                _dsk_flash_erase_addr
00012daa                _dsk_flash_get_byte
00012b84                _dsk_flash_put_byte
00012a3c                _dsk_flash_sectorerase
00012f95                _dsk_flush_buffer
00012f1f                _dsk_hal_dc_init
00010362                _dsk_init
00012bea                _dsk_init_sectors
000129c7                _dsk_spiflash_cycle
00012ee1                _dsk_spiflash_erase
00012e52                _dsk_spiflash_read
00013124                _dsk_spiflash_status
00012aaf                _dsk_spiflash_write
            00001512    _dsp_clock
            0003032e    _dtors
00054093                _exit
            00001534    _exit_code
            00020200    _f8x8
000539be                _fclose
000536e7                _fflush
0005196f                _find_registered_device
00052a68                _fopen
000537fa                _fputc
00053144                _fputs
            000014e3    _frame_data_out
00052003                _free
00052434                _free_memory
0005299f                _freopen
00053ce1                _fseek
0001294c                _get_free_socket
00013141                _get_ip_address
00013039                _get_mac_address
000131a2                _get_netlib_ver
00014160                _get_socket
00051adb                _getenv
            00000ba8    _gratuitous_arp
            00001528    _hGPIO_group0
            0000152a    _hGPIO_group1
            0000152c    _hGPIO_group2
            0000152e    _hGPIO_group3
            000014bc    _host_name
000131c1                _icmp_get_checksum
00012dfe                _icmp_init
00013005                _icmp_read_ip
00011691                _icmp_recv_socket
            000014ce    _ie
00012c49                _inet_aton
000121b9                _inet_ntoa
00016607                _init_emif
00016512                _init_pll
00012633                _install_icmp_socket
            000014d2    _ksz_ctl
0001234e                _ksz_cycle_eeprom_io
00012000                _ksz_get_hw_address
00014d4c                _ksz_isr
00012b1c                _ksz_read_eeprom_word
000131e0                _ksz_read_packet_data
00015783                _ksz_release_packet
00012785                _ksz_set_hw_address
00012286                _ksz_setmulticast
000146e5                _ksz_write_arp_packet_data
00016720                _link_status
            000014d0    _linkstate
00051909                _lseek
00053941                _ltoa
00015ac7                _main
00011d9f                _make_dhcp_request
00052134                _malloc
000523da                _max_free
00015742                _memb_alloc
00012ea1                _memb_arp_init
000156de                _memb_free
            00000180    _memb_mem
00054159                _memccpy
00054054                _memcpy
000520cf                _minit
0001240d                _multicast_add
000128be                _multicast_del
            00001530    _multicast_function
00013177                _multicast_join_group
000131b5                _net_allocate_aligned_buffer
00013d13                _net_check_callback
0001306a                _net_delay
0001136b                _net_init
0001513b                _net_isq
000157eb                _net_malloc
0001069a                _net_post_init
00016917                _net_print_error
00011c57                _net_print_stat
00014899                _net_recv
00014530                _net_resend_all
00014bcd                _net_send
00012fce                _net_set_gateway
            000188e8    _netlib_ver
0005184a                _open
000124cc                _open_dhcp_socket
            000014ba    _open_dhcp_socket_func
00010fc9                _open_dns_socket
            000014b6    _open_dns_socket_func
00015f8a                _osd9616_init
0001608a                _osd9616_multiSend
0001606a                _osd9616_send
            0000153b    _output_device
            0000117c    _pflash
00012d00                _prepare_for_broadcast
00016c9e                _printChar
000160d8                _printLetter
00016d20                _printString
00053ed9                _printf
            00001522    _program_name
000537fa                _putc
00053891                _putchar
00053279                _puts
00053e3f                _rand
0005179c                _read
00015353                _read_arp
00014a47                _read_ip
00053c74                _readmsg
00052229                _realloc
            000014b8    _recv_dhcp_func
            000014b4    _recv_dns_func
000541e1                _remove
00051766                _remove_device
0005170d                _rename
0001524e                _save_arp_address
000155e2                _send_arp
0001434d                _send_ip
00011ee3                _send_ping_reply
00013f4a                _send_tcp_option
            00000b80    _sendmem
00013098                _set_recv_buffer
000533f3                _setvbuf
00013a53                _smc_write_packet_data
            000014cc    _so_count
            000014b0    _so_head
            000014b2    _so_last
00011820                _socket_close
000130e1                _socket_define_callback
00010bb9                _socket_open
00053e1d                _srand
            000014c6    _tcp_iss
00011990                _tcp_send_opening
00015456                _tcp_send_pending
            000014c8    _tcp_timer
            000014ca    _timer_count
            000014fa    _transaction_id
00015840                _udp_call_back
            00001526    _udp_data
00015826                _udp_get_checksum
00012829                _udp_init
00015534                _udp_read_ip
000157b7                _udp_recv_socket
00014ec0                _udp_send_socket
            00001524    _udp_socket
000516da                _unlink
00053d4c                _vsprintf
00051598                _write
00053740                _writemsg
ffffffff                binit
            001d8000    cinit
            00018000    edata
            00001541    end
00016720                etext
ffffffff                pinit


GLOBAL SYMBOLS: SORTED BY Symbol Address 

abs. value/
byte addr   word addr   name
---------   ---------   ----
00000001                $TI_capability_requires_rev2
00000002                $TI_capability$C5500$CallingConvention
00000002                $TI_capability$C5500$MemoryModel
            00000180    .bss
            00000180    ___bss__
            00000180    _memb_mem
00000800                __STACK_SIZE
00000800                __SYSSTACK_SIZE
            00000b80    _sendmem
            00000b86    __tcp_retransmit_time
            00000ba0    _arp_addr
            00000ba8    _gratuitous_arp
            00000baa    _arp_head
            0000117c    _pflash
            000014a2    ___dsp_clock
            000014a4    ___net_isq_interval
            000014a8    _addr
            000014b0    _so_head
            000014b2    _so_last
            000014b4    _recv_dns_func
            000014b6    _open_dns_socket_func
            000014b8    _recv_dhcp_func
            000014ba    _open_dhcp_socket_func
            000014bc    _host_name
            000014be    _domain_name
            000014c6    _tcp_iss
            000014c8    _tcp_timer
            000014ca    _timer_count
            000014cc    _so_count
            000014ce    _ie
            000014d0    _linkstate
            000014d2    _ksz_ctl
            000014de    _dev_in_use_cnt
            000014e0    ___link_status
            000014e2    _data_len
            000014e3    _frame_data_out
            000014fa    _transaction_id
            000014fc    _dhcp_data
            000014fe    _dhcp_send_data
            00001500    _dhcp_message_len
            00001502    _dhcp_state
            00001503    _dhcp_nr
            00001504    _auto_ip_state
            00001506    _auto_ip
            00001512    _dsp_clock
            0000151e    _dns_setting
            00001520    _dhcp_setting
            00001522    _program_name
            00001524    _udp_socket
            00001526    _udp_data
            00001528    _hGPIO_group0
            0000152a    _hGPIO_group1
            0000152c    _hGPIO_group2
            0000152e    _hGPIO_group3
            00001530    _multicast_function
            00001534    _exit_code
            00001535    __link
            00001538    _adapter_list
            0000153b    _output_device
            00001541    ___end__
            00001541    end
            00001550    __stack
            00001950    __STACK_END
            00001950    __sysstack
00008000                __SYSMEM_SIZE
0000fe00                _Reset
00010000                _dhcp_option
00010362                _dsk_init
0001069a                _net_post_init
00010989                _dhcp_recv
00010bb9                _socket_open
00010dce                _auto_ip_config
00010fc9                _open_dns_socket
0001119f                _MDIO_poll_phy
0001136b                _net_init
000114ff                _build_dhcp_message
00011691                _icmp_recv_socket
00011820                _socket_close
00011990                _tcp_send_opening
00011af4                _dns_recv
00011c57                _net_print_stat
00011d9f                _make_dhcp_request
00011ee3                _send_ping_reply
00012000                _ksz_get_hw_address
000120e1                _dhcp_enable
000121b9                _inet_ntoa
00012286                _ksz_setmulticast
0001234e                _ksz_cycle_eeprom_io
0001240d                _multicast_add
000124cc                _open_dhcp_socket
00012589                _arp_init
00012633                _install_icmp_socket
000126dd                _add_adapter
00012785                _ksz_set_hw_address
00012829                _udp_init
000128be                _multicast_del
0001294c                _get_free_socket
000129c7                _dsk_spiflash_cycle
00012a3c                _dsk_flash_sectorerase
00012aaf                _dsk_spiflash_write
00012b1c                _ksz_read_eeprom_word
00012b84                _dsk_flash_put_byte
00012bea                _dsk_init_sectors
00012c49                _inet_aton
00012d00                _prepare_for_broadcast
00012daa                _dsk_flash_get_byte
00012dfe                _icmp_init
00012e52                _dsk_spiflash_read
00012ea1                _memb_arp_init
00012ee1                _dsk_spiflash_erase
00012f1f                _dsk_hal_dc_init
00012f5c                _dsk_check_sectorerase
00012f95                _dsk_flush_buffer
00012fce                _net_set_gateway
00013005                _icmp_read_ip
00013039                _get_mac_address
0001306a                _net_delay
00013098                _set_recv_buffer
000130bd                _dhcp_get_address
000130e1                _socket_define_callback
00013105                _dsk_flash_erase_addr
00013124                _dsk_spiflash_status
00013141                _get_ip_address
0001315d                _dns_enable_server
00013177                _multicast_join_group
0001318d                _arp_invalid_ip_address
000131a2                _get_netlib_ver
000131b5                _net_allocate_aligned_buffer
000131c1                _icmp_get_checksum
000131c5                __dummy_link_status
000131e0                _ksz_read_packet_data
00013769                _check_arp_address
00013a53                _smc_write_packet_data
00013d13                _net_check_callback
00013f4a                _send_tcp_option
00014160                _get_socket
0001434d                _send_ip
00014530                _net_resend_all
000146e5                _ksz_write_arp_packet_data
00014899                _net_recv
00014a47                _read_ip
00014bcd                _net_send
00014d4c                _ksz_isr
00014ec0                _udp_send_socket
00015007                _arp_timer
0001513b                _net_isq
0001524e                _save_arp_address
00015353                _read_arp
00015456                _tcp_send_pending
00015534                _udp_read_ip
000155e2                _send_arp
00015666                _arp_check_ip_address
000156de                _memb_free
00015742                _memb_alloc
00015783                _ksz_release_packet
000157b7                _udp_recv_socket
000157eb                _net_malloc
0001580c                _arp_reply_function
00015826                _udp_get_checksum
00015840                .text
00015840                ___text__
00015840                _udp_call_back
00015985                _InitializeNetwork
00015ac7                _main
00015bf0                _EZDSP5502_GPIO_init
00015c87                _EZDSP5502_GPIO_setDirection
00015d04                _EZDSP5502_GPIO_setOutput
00015d81                _EZDSP5502_GPIO_getInput
00015dfc                _I2C_write
00015f8a                _osd9616_init
0001606a                _osd9616_send
0001608a                _osd9616_multiSend
000160d8                _printLetter
00016118                _I2C_read
00016275                _EZDSP5502_I2CGPIO_configLine
000162c8                _EZDSP5502_I2CGPIO_readLine
000162f9                _EZDSP5502_I2CGPIO_writeLine
0001634c                _EZDSP5502_I2CGPIO_read
00016399                _EZDSP5502_I2CGPIO_write
000163c4                _I2C_config
00016446                _EZDSP5502_wait
0001647a                _EZDSP5502_waitusec
0001648c                _EZDSP5502_init
000164a5                _EZDSP5502_I2C_init
000164c2                _EZDSP5502_I2C_reset
000164cc                _EZDSP5502_I2C_write
000164ee                _EZDSP5502_I2C_read
00016512                _init_pll
000165b8                _GPIO_open
00016607                _init_emif
00016654                _GPIO_pinDirection
00016674                _GPIO_pinWrite
00016694                _ICACHE_setup
000166ac                _GPIO_pinRead
000166c0                _GPIO_pinEnable
000166d4                _IRQ_globalDisable
000166e4                _ICACHE_enable
000166f4                __CSL_init
00016704                _CSL_init
00016710                _IRQ_globalRestore
0001671c                _CSL5502_LIB_
00016720                ___etext__
00016720                _link_status
00016720                etext
000167a1                _PrintExitCode
0001683a                _AppInit
000168d5                _AppCleanup
00016917                _net_print_error
00016b07                _LED_init
00016b53                _LED_off
00016b85                _LED_on
00016bb5                _LED_toggle
00016be5                _LED_state
00016bec                _InitOled
00016c20                _IsPrintable
00016c44                _ClearLine
00016c78                _SelectLine
00016c9e                _printChar
00016d20                _printString
00016e08                _OledPrintf
00016e49                _CPrintf_select_output
00016e8e                _CPrintf
            00010000    __sys_memory
            00018000    .data
            00018000    ___data__
            00018000    ___edata__
            00018000    edata
            000188e8    _netlib_ver
            00018900    _CSL_SysData
            00018922    _CSL_GpioData
            00020200    _f8x8
            000203f8    __CIOBUF_
00051356                __printfi
00051598                _write
000516da                _unlink
0005170d                _rename
00051766                _remove_device
0005179c                _read
0005184a                _open
00051909                _lseek
0005196f                _find_registered_device
00051978                _close
000519eb                _add_device
00051adb                _getenv
00051b56                _HOSTwrite
00051be3                _HOSTunlink
00051c4d                _HOSTtime
00051cab                _HOSTrename
00051d59                _HOSTread
00051de6                _HOSTopen
00051e85                _HOSTlseek
00051f3a                _HOSTclose
00051fa5                _HOSTclock
00052003                _free
000520cf                _minit
00052134                _malloc
00052229                _realloc
000523da                _max_free
00052434                _free_memory
0005248a                _chkheap
00052492                _calloc
000524da                __divd
00052945                __cleanup
0005299f                _freopen
00052a68                _fopen
00052aa3                __remull
00052af1                __remlli
00052b20                __mpylli
00052bd8                __divull
00052ccc                __divlli
00052d01                __addd
00052f5a                __neqd
00052f8e                __lssd
00052fd6                __leqd
00053023                __gtrd
0005306e                __geqd
000530b8                __eqld
000530ec                __cmpd
00053144                _fputs
00053279                _puts
000532a7                __mpyd
000533f3                _setvbuf
000534d9                __wrt_ok
00053559                __rd_ok
000535b6                __frcmpyd_div
0005367e                __doflush
000536e7                _fflush
00053740                _writemsg
000537f5                C$$IO$$
000537fa                _fputc
000537fa                _putc
00053891                _putchar
000538a0                __divul
00053941                _ltoa
000539be                _fclose
00053a39                __frcmpyd
00053aaf                _call_dtors
00053b05                ___add_dtor
00053b24                __remul
00053b96                _atexit
00053c05                __fixdli
00053c74                _readmsg
00053ce1                _fseek
00053d4c                _vsprintf
00053db6                __fltlid
00053e1d                _srand
00053e3f                _rand
00053e7d                _atoi
00053ed9                _printf
00053f29                _auto_init
00053f76                __args_main
00053fc1                __remli
0005400c                __divli
00054054                _memcpy
00054093                _exit
000540d1                _c_int00
00054105                __fixdi
0005412f                I$$UDIV
0005412f                __divu
00054144                I$$UMOD
00054144                __remu
00054159                _memccpy
0005417c                ___isinf
00054198                __subd
000541ac                I$$LMPY
000541ac                __mpyli
000541bf                __register_unlock
000541c7                __register_lock
000541cf                __nop
000541d1                __negd
000541e1                _remove
000541eb                _abort
000541ec                C$$EXIT
            00030000    __ftable
            00030078    __tmpnams
            00030118    __ft_end
            000301ea    ___atexit_func_id__
            00030324    __lock
            00030326    __unlock
            00030328    __cleanup_ptr
            0003032a    __dtors_ptr
            0003032e    _dtors
            00030330    __ctypes_
            001d8000    ___cinit__
            001d8000    cinit
ffffffff                ___binit__
ffffffff                ___c_args__
ffffffff                ___pinit__
ffffffff                binit
ffffffff                pinit

[350 symbols]
