******************************************************************************
              TMS320C55x Linker PC v4.4.1                      
******************************************************************************
>> Linked Sat Feb 03 18:08:40 2018

OUTPUT FILE NAME:   <thd.out>
ENTRY POINT SYMBOL: "_c_int00"  address: 00004608


MEMORY CONFIGURATION

         name            origin    length      used     unused   attr    fill
                        (bytes)   (bytes)    (bytes)   (bytes)
----------------------  --------  ---------  --------  --------  ----  --------
PAGE 0:
  MMR                   00000000   000000c0  00000000  000000c0  RWIX
  BTRSVD                000000c0   00000240  00000000  00000240  RWIX
  DARAM0                00000300   0000fb00  0000cf6e  00002b92  RWIX
  VECS                  0000fe00   00000200  00000100  00000100  RWIX
  CE0                   00010000   003f0000  00000000  003f0000  RWIX
  CE1                   00400000   00400000  00000000  00400000  RWIX
  CE2                   00800000   00400000  00000000  00400000  RWIX
  CE3                   00c00000   003f8000  00000000  003f8000  RWIX
  PDROM                 00ff8000   00008000  00000000  00008000  R IX

PAGE 2:
  IOPORT                00000000   00020000  00000000  00020000  RWI 


SECTION ALLOCATION MAP
(Addresses surrounded by []'s are displayed for convenience only!)

output                                                          attributes/
section   page  orgn(bytes) orgn(words) len(bytes) len(words)   input sections
--------  ----  ----------- ----------- ---------- ----------   --------------
.pinit       0   [ 00000300 ]  00000180          *   00000000   UNINITIALIZED

.data        0   [ 00000300 ]  00000180          *   00000000   UNINITIALIZED

.text        0     00000300  [ 00000180 ] 0000442a          *   
                   00000300  [ 00000180 ] 000015a4          *   rts55x.lib : _printfi.obj (.text)
                   000018a4  [ 00000c52 ] 00000543          *              : lowlev.obj (.text)
                   00001de7  [ 00000ef3+] 00000528          *              : trgdrv.obj (.text)
                   0000230f  [ 00001187+] 000004b5          *              : memory.obj (.text)
                   000027c4  [ 000013e2 ] 000003cc          *              : divd.obj (.text)
                   00002b90  [ 000015c8 ] 0000027f          *              : fopen.obj (.text)
                   00002e0f  [ 00001707+] 0000025e          *              : llmpy.obj (.text)
                   0000306d  [ 00001836+] 0000025a          *              : addd.obj (.text)
                   000032c7  [ 00001963+] 000001ea          *              : cmpd.obj (.text)
                   000034b1  [ 00001a58+] 000001a1          *              : fgets.obj (.text)
                   00003652  [ 00001b29 ] 0000017e          *   main.obj (.text)
                   000037d0  [ 00001be8 ] 00000163          *   rts55x.lib : fputs.obj (.text)
                   00003933  [ 00001c99+] 0000014c          *              : mpyd.obj (.text)
                   00003a7f  [ 00001d3f+] 000000e6          *              : setvbuf.obj (.text)
                   00003b65  [ 00001db2+] 000000dd          *              : _io_perm.obj (.text)
                   00003c42  [ 00001e21 ] 000000c2          *              : fflush.obj (.text)
                   00003d04  [ 00001e82 ] 000000ba          *              : trgmsg.obj (.text:CIO_breakpoint)
                   00003dbe  [ 00001edf ] 000000ae          *              : _bufread.obj (.text)
                   00003e6c  [ 00001f36 ] 000000a6          *              : fputc.obj (.text)
                   00003f12  [ 00001f89 ] 000000a1          *              : divul.obj (.text)
                   00003fb3  [ 00001fd9+] 0000007d          *              : ltoa.obj (.text)
                   00004030  [ 00002018 ] 0000007b          *              : fclose.obj (.text)
                   000040ab  [ 00002055+] 00000076          *              : frcmpyd.obj (.text)
                   00004121  [ 00002090+] 00000073          *              : frcmpyd_div.obj (.text)
                   00004194  [ 000020ca ] 00000072          *              : remul.obj (.text)
                   00004206  [ 00002103 ] 0000006f          *              : fixdli.obj (.text)
                   00004275  [ 0000213a+] 0000006d          *              : trgmsg.obj (.text)
                   000042e2  [ 00002171 ] 0000006b          *              : fseek.obj (.text)
                   0000434d  [ 000021a6+] 00000067          *              : fltlid.obj (.text)
                   000043b4  [ 000021da ] 0000005c          *              : atoi.obj (.text)
                   00004410  [ 00002208 ] 00000050          *              : printf.obj (.text)
                   00004460  [ 00002230 ] 0000004d          *              : autoinit.obj (.text)
                   000044ad  [ 00002256+] 0000004b          *              : args_main.obj (.text)
                   000044f8  [ 0000227c ] 0000004b          *              : remli.obj (.text)
                   00004543  [ 000022a1+] 00000048          *              : divli.obj (.text)
                   0000458b  [ 000022c5+] 0000003f          *              : memcpy.obj (.text)
                   000045ca  [ 000022e5 ] 0000003e          *              : exit.obj (.text)
                   00004608  [ 00002304 ] 00000034          *              : boot.obj (.text)
                   0000463c  [ 0000231e ] 0000002a          *              : fixdi.obj (.text)
                   00004666  [ 00002333 ] 0000002a          *              : udiv.obj (.text)
                   00004690  [ 00002348 ] 00000023          *              : memccpy.obj (.text)
                   000046b3  [ 00002359+] 0000001a          *              : isinf.obj (.text)
                   000046cd  [ 00002366+] 00000014          *              : subd.obj (.text)
                   000046e1  [ 00002370+] 00000013          *              : lmpy.obj (.text)
                   000046f4  [ 0000237a ] 00000012          *              : _lock.obj (.text)
                   00004706  [ 00002383 ] 00000010          *              : negd.obj (.text)
                   00004716  [ 0000238b ] 0000000a          *              : remove.obj (.text)
                   00004720  [ 00002390 ] 00000007          *              : exit.obj (.text:CIO_breakpoint)
                   00004727  [ 00002393+] 00000002          *              : vectors.obj (.text)
                   00004729  [ 00002394 ] 00000001          *   --HOLE-- [fill = 20]

.bss.1       0   [ 0000472c ]  00002396          *   000019fd   UNINITIALIZED
                 [ 0000472c ]  00002396          *   00001813   main.obj (.bss)
                 [ 00007752 ]  00003ba9          *   00000001   rts55x.lib : fopen.obj (.bss)
                 [ 00007754 ]  00003baa          *   00000119              : defs.obj (.bss)
                 [ 00007986 ]  00003cc3          *   000000d0              : trgdrv.obj (.bss)

.bss.2       0   [ 00007b28 ]  00003d94          *   00000071   UNINITIALIZED
                 [ 00007b28 ]  00003d94          *   00000071   rts55x.lib : lowlev.obj (.bss)

.bss.3       0   [ 00007c0c ]  00003e06          *   0000000e   UNINITIALIZED
                 [ 00007c0c ]  00003e06          *   00000006   rts55x.lib : memory.obj (.bss)
                 [ 00007c18 ]  00003e0c          *   00000004              : _lock.obj (.bss)
                 [ 00007c20 ]  00003e10          *   00000004              : exit.obj (.bss)

.stack       0   [ 00007c28 ]  00003e14          *   00001000   UNINITIALIZED
                 [ 00007c28 ]  00003e14          *   00001000   --HOLE--

.sysmem      0   [ 00009c28 ]  00004e14          *   00001000   UNINITIALIZED
                 [ 00009c28 ]  00004e14          *   00001000   --HOLE--

.sysstack 
*            0   [ 0000bc28 ]  00005e14          *   00000800   UNINITIALIZED
                 [ 0000bc28 ]  00005e14          *   00000800   --HOLE--

.const.1     0   [ 0000cc28 ]  00006614          *   00000101   
                 [ 0000cc28 ]  00006614          *   00000101   rts55x.lib : ctype.obj (.const:__ctypes_)

.const.2     0   [ 0000ce2c ]  00006716          *   0000004d   
                 [ 0000ce2c ]  00006716          *   0000004d   main.obj (.const:.string)

.const.3     0   [ 0000cec8 ]  00006764          *   0000003c   
                 [ 0000cec8 ]  00006764          *   00000024   rts55x.lib : _printfi.obj (.const:.string)
                 [ 0000cf10 ]  00006788          *   0000000c              : _printfi.obj (.const)
                 [ 0000cf28 ]  00006794          *   00000008              : divd.obj (.const:_initial_approx$1)
                 [ 0000cf38 ]  0000679c          *   00000002              : fputs.obj (.const:.string)
                 [ 0000cf3c ]  0000679e          *   00000002              : fltlid.obj (.const)

.cio         0   [ 0000cf40 ]  000067a0          *   00000120   UNINITIALIZED
                 [ 0000cf40 ]  000067a0          *   00000120   rts55x.lib : trgmsg.obj (.cio)

.cinit       0   [ 0000d180 ]  000068c0          *   0000007c   
                 [ 0000d180 ]  000068c0          *   0000002d   rts55x.lib : lowlev.obj (.cinit)
                 [ 0000d1da ]  000068ed          *   0000002a              : defs.obj (.cinit)
                 [ 0000d22e ]  00006917          *   0000000a              : _lock.obj (.cinit)
                 [ 0000d242 ]  00006921          *   0000000a              : exit.obj (.cinit)
                 [ 0000d256 ]  0000692b          *   00000008   main.obj (.cinit)
                 [ 0000d266 ]  00006933          *   00000004   rts55x.lib : fopen.obj (.cinit)
                 [ 0000d26e ]  00006937          *   00000004              : memory.obj (.cinit)
                 [ 0000d276 ]  0000693b          *   00000001   --HOLE-- [fill = 0]

vectors      0     0000fe00  [ 00007f00 ] 00000100          *   
                   0000fe00  [ 00007f00 ] 00000100          *   rts55x.lib : vectors.obj (vectors)


GLOBAL SYMBOLS: SORTED ALPHABETICALLY BY Name 

abs. value/
byte addr   word addr   name
---------   ---------   ----
00000002                $TI_capability$C5500$CallingConvention
00000002                $TI_capability$C5500$MemoryModel
00000001                $TI_capability_requires_rev2
ffffffff                .bss
ffffffff                .data
ffffffff                .text
00004721                C$$EXIT
00003db9                C$$IO$$
000046e1                I$$LMPY
00004666                I$$UDIV
0000467b                I$$UMOD
0000375b                _CalcBin
000022b1                _HOSTclock
00002246                _HOSTclose
00002191                _HOSTlseek
000020f2                _HOSTopen
00002065                _HOSTread
00001fb7                _HOSTrename
00001f59                _HOSTtime
00001eef                _HOSTunlink
00001e62                _HOSTwrite
0000fe00                _Reset
            000067a0    __CIOBUF_
            00004e14    __STACK_END
00002000                __STACK_SIZE
00002000                __SYSMEM_SIZE
00001000                __SYSSTACK_SIZE
00000001                __TI_args_main
ffffffff                ___binit__
ffffffff                ___bss__
ffffffff                ___c_args__
            000068c0    ___cinit__
ffffffff                ___data__
ffffffff                ___edata__
ffffffff                ___end__
ffffffff                ___etext__
000046b3                ___isinf
ffffffff                ___pinit__
ffffffff                ___text__
0000306d                __addd
000044ad                __args_main
00003dbe                __buff_read
00002cb1                __cleanup
            00003e10    __cleanup_ptr
00003459                __cmpd
            00006614    __ctypes_
000027c4                __divd
00004543                __divli
00003038                __divlli
00004666                __divu
00003f12                __divul
00002f44                __divull
00003c42                __doflush
            00003e12    __dtors_ptr
00003425                __eqld
0000463c                __fixdi
00004206                __fixdli
0000434d                __fltlid
000040ab                __frcmpyd
00004121                __frcmpyd_div
            00003cc2    __ft_end
            00003baa    __ftable
000033db                __geqd
00003390                __gtrd
00003343                __leqd
            00003e0c    __lock
000032fb                __lssd
00003933                __mpyd
000046e1                __mpyli
00002e8c                __mpylli
00004706                __negd
000032c7                __neqd
00004704                __nop
00001662                __printfi
00003be5                __rd_ok
000046fc                __register_lock
000046f4                __register_unlock
000044f8                __remli
00002e5d                __remlli
0000467b                __remu
00004194                __remul
00002e0f                __remull
            00003e14    __stack
000046cd                __subd
            00004e14    __sys_memory
            00005e14    __sysstack
            00003c22    __tmpnams
            00003e0e    __unlock
00003b65                __wrt_ok
00004720                _abort
00001cf7                _add_device
000043b4                _atoi
00004460                _auto_init
            00003396    _buffer
00004608                _c_int00
0000279e                _calloc
00002796                _chkheap
00001c84                _close
000045ca                _exit
00004030                _fclose
00003cab                _fflush
00003647                _fgets
00001c7b                _find_registered_device
00002dd4                _fopen
00003e6c                _fputc
000037d0                _fputs
0000230f                _free
00002740                _free_memory
00002d0b                _freopen
000042e2                _fseek
00001de7                _getenv
00003634                _gets
            00003399    _input
            00003b99    _line
00001c15                _lseek
00003fb3                _ltoa
00003652                _main
00002440                _malloc
            00003397    _maxIn
            00003398    _maxOut
000026e6                _max_free
00004690                _memccpy
0000458b                _memcpy
000023db                _minit
00001b56                _open
            00002b96    _outSample
00004410                _printf
00003e6c                _putc
00003f03                _putchar
00003905                _puts
000037a9                _q_mul
00001aa8                _read
00003665                _readTXT
00004275                _readmsg
00002535                _realloc
00004716                _remove
00001a72                _remove_device
00001a19                _rename
            00002396    _samples
0000377e                _sat16
00003a7f                _setvbuf
00003766                _soma
000019e6                _unlink
000018a4                _write
00003d04                _writemsg
00003724                _zerarBuffers
ffffffff                binit
            000068c0    cinit
ffffffff                edata
ffffffff                end
ffffffff                etext
ffffffff                pinit


GLOBAL SYMBOLS: SORTED BY Symbol Address 

abs. value/
byte addr   word addr   name
---------   ---------   ----
00000001                $TI_capability_requires_rev2
00000001                __TI_args_main
00000002                $TI_capability$C5500$CallingConvention
00000002                $TI_capability$C5500$MemoryModel
00001000                __SYSSTACK_SIZE
00001662                __printfi
000018a4                _write
000019e6                _unlink
00001a19                _rename
00001a72                _remove_device
00001aa8                _read
00001b56                _open
00001c15                _lseek
00001c7b                _find_registered_device
00001c84                _close
00001cf7                _add_device
00001de7                _getenv
00001e62                _HOSTwrite
00001eef                _HOSTunlink
00001f59                _HOSTtime
00001fb7                _HOSTrename
00002000                __STACK_SIZE
00002000                __SYSMEM_SIZE
00002065                _HOSTread
000020f2                _HOSTopen
00002191                _HOSTlseek
00002246                _HOSTclose
000022b1                _HOSTclock
0000230f                _free
000023db                _minit
00002440                _malloc
00002535                _realloc
000026e6                _max_free
00002740                _free_memory
00002796                _chkheap
0000279e                _calloc
000027c4                __divd
00002cb1                __cleanup
00002d0b                _freopen
00002dd4                _fopen
00002e0f                __remull
00002e5d                __remlli
00002e8c                __mpylli
00002f44                __divull
00003038                __divlli
0000306d                __addd
000032c7                __neqd
000032fb                __lssd
00003343                __leqd
00003390                __gtrd
000033db                __geqd
00003425                __eqld
00003459                __cmpd
00003634                _gets
00003647                _fgets
00003652                _main
00003665                _readTXT
00003724                _zerarBuffers
0000375b                _CalcBin
00003766                _soma
0000377e                _sat16
000037a9                _q_mul
000037d0                _fputs
00003905                _puts
00003933                __mpyd
00003a7f                _setvbuf
00003b65                __wrt_ok
00003be5                __rd_ok
00003c42                __doflush
00003cab                _fflush
00003d04                _writemsg
00003db9                C$$IO$$
00003dbe                __buff_read
00003e6c                _fputc
00003e6c                _putc
00003f03                _putchar
00003f12                __divul
00003fb3                _ltoa
00004030                _fclose
000040ab                __frcmpyd
00004121                __frcmpyd_div
00004194                __remul
00004206                __fixdli
00004275                _readmsg
000042e2                _fseek
0000434d                __fltlid
000043b4                _atoi
00004410                _printf
00004460                _auto_init
000044ad                __args_main
000044f8                __remli
00004543                __divli
0000458b                _memcpy
000045ca                _exit
00004608                _c_int00
0000463c                __fixdi
00004666                I$$UDIV
00004666                __divu
0000467b                I$$UMOD
0000467b                __remu
00004690                _memccpy
000046b3                ___isinf
000046cd                __subd
000046e1                I$$LMPY
000046e1                __mpyli
000046f4                __register_unlock
000046fc                __register_lock
00004704                __nop
00004706                __negd
00004716                _remove
00004720                _abort
00004721                C$$EXIT
            00002396    _samples
            00002b96    _outSample
            00003396    _buffer
            00003397    _maxIn
            00003398    _maxOut
            00003399    _input
            00003b99    _line
            00003baa    __ftable
            00003c22    __tmpnams
            00003cc2    __ft_end
            00003e0c    __lock
            00003e0e    __unlock
            00003e10    __cleanup_ptr
            00003e12    __dtors_ptr
            00003e14    __stack
            00004e14    __STACK_END
            00004e14    __sys_memory
            00005e14    __sysstack
            00006614    __ctypes_
            000067a0    __CIOBUF_
            000068c0    ___cinit__
            000068c0    cinit
0000fe00                _Reset
ffffffff                .bss
ffffffff                .data
ffffffff                .text
ffffffff                ___binit__
ffffffff                ___bss__
ffffffff                ___c_args__
ffffffff                ___data__
ffffffff                ___edata__
ffffffff                ___end__
ffffffff                ___etext__
ffffffff                ___pinit__
ffffffff                ___text__
ffffffff                binit
ffffffff                edata
ffffffff                end
ffffffff                etext
ffffffff                pinit

[152 symbols]
