******************************************************************************
              TMS320C55x Linker PC v4.4.1                      
******************************************************************************
>> Linked Sat Feb 03 20:54:05 2018

OUTPUT FILE NAME:   <thd.out>
ENTRY POINT SYMBOL: "_c_int00"  address: 00004306


MEMORY CONFIGURATION

         name            origin    length      used     unused   attr    fill
                        (bytes)   (bytes)    (bytes)   (bytes)
----------------------  --------  ---------  --------  --------  ----  --------
PAGE 0:
  MMR                   00000000   000000c0  00000000  000000c0  RWIX
  BTRSVD                000000c0   00000240  00000000  00000240  RWIX
  DARAM0                00000300   0000fb00  0000c38e  00003772  RWIX
  VECS                  0000fe00   00000200  00000100  00000100  RWIX
  CE0                   00010000   003f0000  00000000  003f0000  RWIX
  CE1                   00400000   00400000  00000000  00400000  RWIX
  CE2                   00800000   00400000  00000000  00400000  RWIX
  CE3                   00c00000   003f8000  00000000  003f8000  RWIX
  PDROM                 00ff8000   00008000  00000000  00008000  R IX

PAGE 2:
  IOPORT                00000000   00020000  00000000  00020000  RWI 


SECTION ALLOCATION MAP
(Addresses surrounded by []'s are displayed for convenience only!)

output                                                          attributes/
section   page  orgn(bytes) orgn(words) len(bytes) len(words)   input sections
--------  ----  ----------- ----------- ---------- ----------   --------------
.pinit       0   [ 00000300 ]  00000180          *   00000000   UNINITIALIZED

.data        0   [ 00000300 ]  00000180          *   00000000   UNINITIALIZED

.text        0     00000300  [ 00000180 ] 00004128          *   
                   00000300  [ 00000180 ] 000015a4          *   rts55x.lib : _printfi.obj (.text)
                   000018a4  [ 00000c52 ] 00000543          *              : lowlev.obj (.text)
                   00001de7  [ 00000ef3+] 00000528          *              : trgdrv.obj (.text)
                   0000230f  [ 00001187+] 000004b5          *              : memory.obj (.text)
                   000027c4  [ 000013e2 ] 000003cc          *              : divd.obj (.text)
                   00002b90  [ 000015c8 ] 0000027f          *              : fopen.obj (.text)
                   00002e0f  [ 00001707+] 0000025e          *              : llmpy.obj (.text)
                   0000306d  [ 00001836+] 0000025a          *              : addd.obj (.text)
                   000032c7  [ 00001963+] 000001ea          *              : cmpd.obj (.text)
                   000034b1  [ 00001a58+] 00000163          *              : fputs.obj (.text)
                   00003614  [ 00001b0a ] 0000014c          *              : mpyd.obj (.text)
                   00003760  [ 00001bb0 ] 000000e6          *              : setvbuf.obj (.text)
                   00003846  [ 00001c23 ] 000000dd          *              : _io_perm.obj (.text)
                   00003923  [ 00001c91+] 000000cb          *   main.obj (.text)
                   000039ee  [ 00001cf7 ] 000000c2          *   rts55x.lib : fflush.obj (.text)
                   00003ab0  [ 00001d58 ] 000000ba          *              : trgmsg.obj (.text:CIO_breakpoint)
                   00003b6a  [ 00001db5 ] 000000a6          *              : fputc.obj (.text)
                   00003c10  [ 00001e08 ] 000000a1          *              : divul.obj (.text)
                   00003cb1  [ 00001e58+] 0000007d          *              : ltoa.obj (.text)
                   00003d2e  [ 00001e97 ] 0000007b          *              : fclose.obj (.text)
                   00003da9  [ 00001ed4+] 00000076          *              : frcmpyd.obj (.text)
                   00003e1f  [ 00001f0f+] 00000073          *              : frcmpyd_div.obj (.text)
                   00003e92  [ 00001f49 ] 00000072          *              : remul.obj (.text)
                   00003f04  [ 00001f82 ] 0000006f          *              : fixdli.obj (.text)
                   00003f73  [ 00001fb9+] 0000006d          *              : trgmsg.obj (.text)
                   00003fe0  [ 00001ff0 ] 0000006b          *              : fseek.obj (.text)
                   0000404b  [ 00002025+] 00000067          *              : fltlid.obj (.text)
                   000040b2  [ 00002059 ] 0000005c          *              : atoi.obj (.text)
                   0000410e  [ 00002087 ] 00000050          *              : printf.obj (.text)
                   0000415e  [ 000020af ] 0000004d          *              : autoinit.obj (.text)
                   000041ab  [ 000020d5+] 0000004b          *              : args_main.obj (.text)
                   000041f6  [ 000020fb ] 0000004b          *              : remli.obj (.text)
                   00004241  [ 00002120+] 00000048          *              : divli.obj (.text)
                   00004289  [ 00002144+] 0000003f          *              : memcpy.obj (.text)
                   000042c8  [ 00002164 ] 0000003e          *              : exit.obj (.text)
                   00004306  [ 00002183 ] 00000034          *              : boot.obj (.text)
                   0000433a  [ 0000219d ] 0000002a          *              : fixdi.obj (.text)
                   00004364  [ 000021b2 ] 0000002a          *              : udiv.obj (.text)
                   0000438e  [ 000021c7 ] 00000023          *              : memccpy.obj (.text)
                   000043b1  [ 000021d8+] 0000001a          *              : isinf.obj (.text)
                   000043cb  [ 000021e5+] 00000014          *              : subd.obj (.text)
                   000043df  [ 000021ef+] 00000013          *              : lmpy.obj (.text)
                   000043f2  [ 000021f9 ] 00000012          *              : _lock.obj (.text)
                   00004404  [ 00002202 ] 00000010          *              : negd.obj (.text)
                   00004414  [ 0000220a ] 0000000a          *              : remove.obj (.text)
                   0000441e  [ 0000220f ] 00000007          *              : exit.obj (.text:CIO_breakpoint)
                   00004425  [ 00002212+] 00000002          *              : vectors.obj (.text)
                   00004427  [ 00002213 ] 00000001          *   --HOLE-- [fill = 20]

.bss.1       0   [ 00004428 ]  00002214          *   000011ed   UNINITIALIZED
                 [ 00004428 ]  00002214          *   00001003   main.obj (.bss)
                 [ 0000642e ]  00003217          *   00000001   rts55x.lib : fopen.obj (.bss)
                 [ 00006430 ]  00003218          *   00000119              : defs.obj (.bss)
                 [ 00006662 ]  00003331          *   000000d0              : trgdrv.obj (.bss)

.bss.2       0   [ 00006804 ]  00003402          *   00000071   UNINITIALIZED
                 [ 00006804 ]  00003402          *   00000071   rts55x.lib : lowlev.obj (.bss)

.bss.3       0   [ 000068e8 ]  00003474          *   0000000e   UNINITIALIZED
                 [ 000068e8 ]  00003474          *   00000006   rts55x.lib : memory.obj (.bss)
                 [ 000068f4 ]  0000347a          *   00000004              : _lock.obj (.bss)
                 [ 000068fc ]  0000347e          *   00000004              : exit.obj (.bss)

.stack       0   [ 00006904 ]  00003482          *   00001000   UNINITIALIZED
                 [ 00006904 ]  00003482          *   00001000   --HOLE--

.sysmem      0   [ 00008904 ]  00004482          *   00001000   UNINITIALIZED
                 [ 00008904 ]  00004482          *   00001000   --HOLE--

.sysstack 
*            0   [ 0000a904 ]  00005482          *   00000800   UNINITIALIZED
                 [ 0000a904 ]  00005482          *   00000800   --HOLE--

.cinit       0   [ 0000b904 ]  00005c82          *   00000467   
                 [ 0000b904 ]  00005c82          *   000003f3   main.obj (.cinit)
                 [ 0000c0ea ]  00006075          *   0000002d   rts55x.lib : lowlev.obj (.cinit)
                 [ 0000c144 ]  000060a2          *   0000002a              : defs.obj (.cinit)
                 [ 0000c198 ]  000060cc          *   0000000a              : _lock.obj (.cinit)
                 [ 0000c1ac ]  000060d6          *   0000000a              : exit.obj (.cinit)
                 [ 0000c1c0 ]  000060e0          *   00000004              : fopen.obj (.cinit)
                 [ 0000c1c8 ]  000060e4          *   00000004              : memory.obj (.cinit)
                 [ 0000c1d0 ]  000060e8          *   00000001   --HOLE-- [fill = 0]

.const.1     0   [ 0000c1d4 ]  000060ea          *   00000101   
                 [ 0000c1d4 ]  000060ea          *   00000101   rts55x.lib : ctype.obj (.const:__ctypes_)

.const.2     0   [ 0000c3d8 ]  000061ec          *   0000003b   
                 [ 0000c3d8 ]  000061ec          *   00000024   rts55x.lib : _printfi.obj (.const:.string)
                 [ 0000c420 ]  00006210          *   0000000c              : _printfi.obj (.const)
                 [ 0000c438 ]  0000621c          *   00000008              : divd.obj (.const:_initial_approx$1)
                 [ 0000c448 ]  00006224          *   00000003   main.obj (.const:.string)

.const.3     0   [ 0000c450 ]  00006228          *   00000004   
                 [ 0000c450 ]  00006228          *   00000002   rts55x.lib : fputs.obj (.const:.string)
                 [ 0000c454 ]  0000622a          *   00000002              : fltlid.obj (.const)

.cio         0   [ 0000c458 ]  0000622c          *   00000120   UNINITIALIZED
                 [ 0000c458 ]  0000622c          *   00000120   rts55x.lib : trgmsg.obj (.cio)

vectors      0     0000fe00  [ 00007f00 ] 00000100          *   
                   0000fe00  [ 00007f00 ] 00000100          *   rts55x.lib : vectors.obj (vectors)


GLOBAL SYMBOLS: SORTED ALPHABETICALLY BY Name 

abs. value/
byte addr   word addr   name
---------   ---------   ----
00000002                $TI_capability$C5500$CallingConvention
00000002                $TI_capability$C5500$MemoryModel
00000001                $TI_capability_requires_rev2
ffffffff                .bss
ffffffff                .data
ffffffff                .text
0000441f                C$$EXIT
00003b65                C$$IO$$
000043df                I$$LMPY
00004364                I$$UDIV
00004379                I$$UMOD
00003979                _CalcBin
00003962                _FFT_function
000022b1                _HOSTclock
00002246                _HOSTclose
00002191                _HOSTlseek
000020f2                _HOSTopen
00002065                _HOSTread
00001fb7                _HOSTrename
00001f59                _HOSTtime
00001eef                _HOSTunlink
00001e62                _HOSTwrite
0000fe00                _Reset
            0000622c    __CIOBUF_
            00004482    __STACK_END
00002000                __STACK_SIZE
00002000                __SYSMEM_SIZE
00001000                __SYSSTACK_SIZE
00000001                __TI_args_main
ffffffff                ___binit__
ffffffff                ___bss__
ffffffff                ___c_args__
            00005c82    ___cinit__
ffffffff                ___data__
ffffffff                ___edata__
ffffffff                ___end__
ffffffff                ___etext__
000043b1                ___isinf
ffffffff                ___pinit__
ffffffff                ___text__
0000306d                __addd
000041ab                __args_main
00002cb1                __cleanup
            0000347e    __cleanup_ptr
00003459                __cmpd
            000060ea    __ctypes_
000027c4                __divd
00004241                __divli
00003038                __divlli
00004364                __divu
00003c10                __divul
00002f44                __divull
000039ee                __doflush
            00003480    __dtors_ptr
00003425                __eqld
0000433a                __fixdi
00003f04                __fixdli
0000404b                __fltlid
00003da9                __frcmpyd
00003e1f                __frcmpyd_div
            00003330    __ft_end
            00003218    __ftable
000033db                __geqd
00003390                __gtrd
00003343                __leqd
            0000347a    __lock
000032fb                __lssd
00003614                __mpyd
000043df                __mpyli
00002e8c                __mpylli
00004404                __negd
000032c7                __neqd
00004402                __nop
00001662                __printfi
000038c6                __rd_ok
000043fa                __register_lock
000043f2                __register_unlock
000041f6                __remli
00002e5d                __remlli
00004379                __remu
00003e92                __remul
00002e0f                __remull
            00003482    __stack
000043cb                __subd
            00004482    __sys_memory
            00005482    __sysstack
            00003290    __tmpnams
            0000347c    __unlock
00003846                __wrt_ok
0000441e                _abort
00001cf7                _add_device
000040b2                _atoi
0000415e                _auto_init
            00002a14    _buffer
00004306                _c_int00
0000279e                _calloc
00002796                _chkheap
00001c84                _close
000042c8                _exit
00003d2e                _fclose
00003a57                _fflush
00001c7b                _find_registered_device
00002dd4                _fopen
00003b6a                _fputc
000034b1                _fputs
0000230f                _free
00002740                _free_memory
00002d0b                _freopen
00003fe0                _fseek
00001de7                _getenv
00001c15                _lseek
00003cb1                _ltoa
00003923                _main
00002440                _malloc
            00002a15    _maxIn
            00002a16    _maxOut
000026e6                _max_free
0000438e                _memccpy
00004289                _memcpy
000023db                _minit
00001b56                _open
            00002214    _outSample
0000410e                _printf
00003b6a                _putc
00003c01                _putchar
000035e6                _puts
000039c7                _q_mul
00001aa8                _read
00003f73                _readmsg
00002535                _realloc
00004414                _remove
00001a72                _remove_device
00001a19                _rename
            00002a17    _samples
0000399c                _sat16
00003760                _setvbuf
00003984                _soma
000019e6                _unlink
000018a4                _write
00003ab0                _writemsg
00003936                _zerarBuffers
ffffffff                binit
            00005c82    cinit
ffffffff                edata
ffffffff                end
ffffffff                etext
ffffffff                pinit


GLOBAL SYMBOLS: SORTED BY Symbol Address 

abs. value/
byte addr   word addr   name
---------   ---------   ----
00000001                $TI_capability_requires_rev2
00000001                __TI_args_main
00000002                $TI_capability$C5500$CallingConvention
00000002                $TI_capability$C5500$MemoryModel
00001000                __SYSSTACK_SIZE
00001662                __printfi
000018a4                _write
000019e6                _unlink
00001a19                _rename
00001a72                _remove_device
00001aa8                _read
00001b56                _open
00001c15                _lseek
00001c7b                _find_registered_device
00001c84                _close
00001cf7                _add_device
00001de7                _getenv
00001e62                _HOSTwrite
00001eef                _HOSTunlink
00001f59                _HOSTtime
00001fb7                _HOSTrename
00002000                __STACK_SIZE
00002000                __SYSMEM_SIZE
00002065                _HOSTread
000020f2                _HOSTopen
00002191                _HOSTlseek
00002246                _HOSTclose
000022b1                _HOSTclock
0000230f                _free
000023db                _minit
00002440                _malloc
00002535                _realloc
000026e6                _max_free
00002740                _free_memory
00002796                _chkheap
0000279e                _calloc
000027c4                __divd
00002cb1                __cleanup
00002d0b                _freopen
00002dd4                _fopen
00002e0f                __remull
00002e5d                __remlli
00002e8c                __mpylli
00002f44                __divull
00003038                __divlli
0000306d                __addd
000032c7                __neqd
000032fb                __lssd
00003343                __leqd
00003390                __gtrd
000033db                __geqd
00003425                __eqld
00003459                __cmpd
000034b1                _fputs
000035e6                _puts
00003614                __mpyd
00003760                _setvbuf
00003846                __wrt_ok
000038c6                __rd_ok
00003923                _main
00003936                _zerarBuffers
00003962                _FFT_function
00003979                _CalcBin
00003984                _soma
0000399c                _sat16
000039c7                _q_mul
000039ee                __doflush
00003a57                _fflush
00003ab0                _writemsg
00003b65                C$$IO$$
00003b6a                _fputc
00003b6a                _putc
00003c01                _putchar
00003c10                __divul
00003cb1                _ltoa
00003d2e                _fclose
00003da9                __frcmpyd
00003e1f                __frcmpyd_div
00003e92                __remul
00003f04                __fixdli
00003f73                _readmsg
00003fe0                _fseek
0000404b                __fltlid
000040b2                _atoi
0000410e                _printf
0000415e                _auto_init
000041ab                __args_main
000041f6                __remli
00004241                __divli
00004289                _memcpy
000042c8                _exit
00004306                _c_int00
0000433a                __fixdi
00004364                I$$UDIV
00004364                __divu
00004379                I$$UMOD
00004379                __remu
0000438e                _memccpy
000043b1                ___isinf
000043cb                __subd
000043df                I$$LMPY
000043df                __mpyli
000043f2                __register_unlock
000043fa                __register_lock
00004402                __nop
00004404                __negd
00004414                _remove
0000441e                _abort
0000441f                C$$EXIT
            00002214    _outSample
            00002a14    _buffer
            00002a15    _maxIn
            00002a16    _maxOut
            00002a17    _samples
            00003218    __ftable
            00003290    __tmpnams
            00003330    __ft_end
            0000347a    __lock
            0000347c    __unlock
            0000347e    __cleanup_ptr
            00003480    __dtors_ptr
            00003482    __stack
            00004482    __STACK_END
            00004482    __sys_memory
            00005482    __sysstack
            00005c82    ___cinit__
            00005c82    cinit
            000060ea    __ctypes_
            0000622c    __CIOBUF_
0000fe00                _Reset
ffffffff                .bss
ffffffff                .data
ffffffff                .text
ffffffff                ___binit__
ffffffff                ___bss__
ffffffff                ___c_args__
ffffffff                ___data__
ffffffff                ___edata__
ffffffff                ___end__
ffffffff                ___etext__
ffffffff                ___pinit__
ffffffff                ___text__
ffffffff                binit
ffffffff                edata
ffffffff                end
ffffffff                etext
ffffffff                pinit

[147 symbols]
