******************************************************************************
              TMS320C55x Linker PC v4.4.1                      
******************************************************************************
>> Linked Mon Feb 05 20:42:56 2018

OUTPUT FILE NAME:   <thd.out>
ENTRY POINT SYMBOL: "_c_int00"  address: 00004872


MEMORY CONFIGURATION

         name            origin    length      used     unused   attr    fill
                        (bytes)   (bytes)    (bytes)   (bytes)
----------------------  --------  ---------  --------  --------  ----  --------
PAGE 0:
  MMR                   00000000   000000c0  00000000  000000c0  RWIX
  BTRSVD                000000c0   00000240  00000000  00000240  RWIX
  DARAM0                00000300   0000fb00  0000ba0a  000040f6  RWIX
  VECS                  0000fe00   00000200  00000100  00000100  RWIX
  CE0                   00010000   003f0000  00000000  003f0000  RWIX
  CE1                   00400000   00400000  00000000  00400000  RWIX
  CE2                   00800000   00400000  00000000  00400000  RWIX
  CE3                   00c00000   003f8000  00000000  003f8000  RWIX
  PDROM                 00ff8000   00008000  00000000  00008000  R IX

PAGE 2:
  IOPORT                00000000   00020000  00000000  00020000  RWI 


SECTION ALLOCATION MAP
(Addresses surrounded by []'s are displayed for convenience only!)

output                                                          attributes/
section   page  orgn(bytes) orgn(words) len(bytes) len(words)   input sections
--------  ----  ----------- ----------- ---------- ----------   --------------
.pinit       0   [ 00000300 ]  00000180          *   00000000   UNINITIALIZED

.text        0     00000300  [ 00000180 ] 000046a5          *   
                   00000300  [ 00000180 ] 000015a4          *   rts55x.lib : _printfi.obj (.text)
                   000018a4  [ 00000c52 ] 00000543          *              : lowlev.obj (.text)
                   00001de7  [ 00000ef3+] 00000528          *              : trgdrv.obj (.text)
                   0000230f  [ 00001187+] 000004b5          *              : memory.obj (.text)
                   000027c4  [ 000013e2 ] 000003cc          *              : divd.obj (.text)
                   00002b90  [ 000015c8 ] 0000027f          *              : fopen.obj (.text)
                   00002e0f  [ 00001707+] 0000025e          *              : llmpy.obj (.text)
                   0000306d  [ 00001836+] 0000025a          *              : addd.obj (.text)
                   000032c7  [ 00001963+] 000001ee          *   55xdspx.lib : cfft_scale.obj (.text)
                   000034b5  [ 00001a5a+] 000001ea          *   rts55x.lib : cmpd.obj (.text)
                   0000369f  [ 00001b4f+] 000001e7          *   main.obj (.text)
                   00003886  [ 00001c43 ] 00000163          *   rts55x.lib : fputs.obj (.text)
                   000039e9  [ 00001cf4+] 0000014c          *              : mpyd.obj (.text)
                   00003b35  [ 00001d9a+] 000000e6          *              : setvbuf.obj (.text)
                   00003c1b  [ 00001e0d+] 000000de          *   55xdspx.lib : cbrev.obj (.text:cbrev)
                   00003cf9  [ 00001e7c+] 000000dd          *   rts55x.lib : _io_perm.obj (.text)
                   00003dd6  [ 00001eeb ] 000000c2          *              : fflush.obj (.text)
                   00003e98  [ 00001f4c ] 000000ba          *              : trgmsg.obj (.text:CIO_breakpoint)
                   00003f52  [ 00001fa9 ] 000000a6          *              : fputc.obj (.text)
                   00003ff8  [ 00001ffc ] 000000a1          *              : divul.obj (.text)
                   00004099  [ 0000204c+] 00000099          *   55xdspx.lib : maxidx.obj (.text)
                   00004132  [ 00002099 ] 0000007d          *   rts55x.lib : ltoa.obj (.text)
                   000041af  [ 000020d7+] 0000007b          *              : fclose.obj (.text)
                   0000422a  [ 00002115 ] 00000076          *              : frcmpyd.obj (.text)
                   000042a0  [ 00002150 ] 00000073          *              : frcmpyd_div.obj (.text)
                   00004313  [ 00002189+] 00000072          *              : remul.obj (.text)
                   00004385  [ 000021c2+] 0000006f          *              : fixdli.obj (.text)
                   000043f4  [ 000021fa ] 0000006d          *              : trgmsg.obj (.text)
                   00004461  [ 00002230+] 0000006b          *              : fseek.obj (.text)
                   000044cc  [ 00002266 ] 00000067          *              : fltlid.obj (.text)
                   00004533  [ 00002299+] 0000005f          *   55xdspx.lib : sqrtv.obj (.text)
                   00004592  [ 000022c9 ] 0000005c          *   rts55x.lib : atoi.obj (.text)
                   000045ee  [ 000022f7 ] 00000050          *   55xdspx.lib : power.obj (.text)
                   0000463e  [ 0000231f ] 00000050          *   rts55x.lib : printf.obj (.text)
                   0000468e  [ 00002347 ] 0000004d          *              : autoinit.obj (.text)
                   000046db  [ 0000236d+] 0000004b          *              : args_main.obj (.text)
                   00004726  [ 00002393 ] 0000004b          *              : remli.obj (.text)
                   00004771  [ 000023b8+] 00000048          *              : divli.obj (.text)
                   000047b9  [ 000023dc+] 0000003f          *              : memcpy.obj (.text)
                   000047f8  [ 000023fc ] 0000003e          *              : exit.obj (.text)
                   00004836  [ 0000241b ] 0000003c          *              : idiv.obj (.text)
                   00004872  [ 00002439 ] 00000034          *              : boot.obj (.text)
                   000048a6  [ 00002453 ] 0000002a          *              : fixdi.obj (.text)
                   000048d0  [ 00002468 ] 0000002a          *              : udiv.obj (.text)
                   000048fa  [ 0000247d ] 00000023          *              : memccpy.obj (.text)
                   0000491d  [ 0000248e+] 0000001a          *              : isinf.obj (.text)
                   00004937  [ 0000249b+] 00000014          *              : subd.obj (.text)
                   0000494b  [ 000024a5+] 00000013          *              : lmpy.obj (.text)
                   0000495e  [ 000024af ] 00000012          *              : _lock.obj (.text)
                   00004970  [ 000024b8 ] 00000011          *              : memset.obj (.text)
                   00004981  [ 000024c0+] 00000010          *              : negd.obj (.text)
                   00004991  [ 000024c8+] 0000000a          *              : remove.obj (.text)
                   0000499b  [ 000024cd+] 00000007          *              : exit.obj (.text:CIO_breakpoint)
                   000049a2  [ 000024d1 ] 00000002          *              : vectors.obj (.text)
                   000049a4  [ 000024d2 ] 00000001          *   --HOLE-- [fill = 20]

.stack       0   [ 000049a8 ]  000024d4          *   00001000   UNINITIALIZED
                 [ 000049a8 ]  000024d4          *   00001000   --HOLE--

.sysmem      0   [ 000069a8 ]  000034d4          *   00001000   UNINITIALIZED
                 [ 000069a8 ]  000034d4          *   00001000   --HOLE--

.const.1     0   [ 000089a8 ]  000044d4          *   00000901   
                 [ 000089a8 ]  000044d4          *   00000800   main.obj (.const:_$P$T0$1)
                 [ 000099a8 ]  00004cd4          *   00000101   rts55x.lib : ctype.obj (.const:__ctypes_)

.const.2     0   [ 00009bac ]  00004dd6          *   00000044   
                 [ 00009bac ]  00004dd6          *   00000024   rts55x.lib : _printfi.obj (.const:.string)
                 [ 00009bf4 ]  00004dfa          *   0000000c              : _printfi.obj (.const)
                 [ 00009c0c ]  00004e06          *   00000008   main.obj (.const:.string)
                 [ 00009c1c ]  00004e0e          *   00000008   rts55x.lib : divd.obj (.const:_initial_approx$1)
                 [ 00009c2c ]  00004e16          *   00000002              : fputs.obj (.const:.string)
                 [ 00009c30 ]  00004e18          *   00000002              : fltlid.obj (.const)

.sysstack 
*            0   [ 00009c34 ]  00004e1a          *   00000800   UNINITIALIZED
                 [ 00009c34 ]  00004e1a          *   00000800   --HOLE--

.data        0   [ 0000ac34 ]  0000561a          *   00000410   
                 [ 0000ac34 ]  0000561a          *   00000400   55xdspx.lib : twiddle.obj (.data:twiddle)
                 [ 0000b434 ]  00005a1a          *   00000010               : sqrtv.obj (.data)

.bss.1       0   [ 0000b454 ]  00005a2a          *   0000025b   UNINITIALIZED
                 [ 0000b454 ]  00005a2a          *   00000119   rts55x.lib : defs.obj (.bss)
                 [ 0000b686 ]  00005b43          *   000000d0              : trgdrv.obj (.bss)
                 [ 0000b826 ]  00005c13          *   00000001              : fopen.obj (.bss)
                 [ 0000b828 ]  00005c14          *   00000071              : lowlev.obj (.bss)

.bss.2       0   [ 0000b90c ]  00005c86          *   00000014   UNINITIALIZED
                 [ 0000b90c ]  00005c86          *   00000006   rts55x.lib : memory.obj (.bss)
                 [ 0000b918 ]  00005c8c          *   00000004   55xdspx.lib : cfft_scale.obj (.bss)
                 [ 0000b920 ]  00005c90          *   00000004   rts55x.lib : _lock.obj (.bss)
                 [ 0000b928 ]  00005c94          *   00000004              : exit.obj (.bss)
                 [ 0000b930 ]  00005c98          *   00000002   55xdspx.lib : maxidx.obj (.bss)

.cio         0   [ 0000b938 ]  00005c9c          *   00000120   UNINITIALIZED
                 [ 0000b938 ]  00005c9c          *   00000120   rts55x.lib : trgmsg.obj (.cio)

.cinit       0   [ 0000bb78 ]  00005dbc          *   00000074   
                 [ 0000bb78 ]  00005dbc          *   0000002d   rts55x.lib : lowlev.obj (.cinit)
                 [ 0000bbd2 ]  00005de9          *   0000002a              : defs.obj (.cinit)
                 [ 0000bc26 ]  00005e13          *   0000000a              : _lock.obj (.cinit)
                 [ 0000bc3a ]  00005e1d          *   0000000a              : exit.obj (.cinit)
                 [ 0000bc4e ]  00005e27          *   00000004              : fopen.obj (.cinit)
                 [ 0000bc56 ]  00005e2b          *   00000004              : memory.obj (.cinit)
                 [ 0000bc5e ]  00005e2f          *   00000001   --HOLE-- [fill = 0]

.fftcode     0     0000bc60  [ 00005e30 ] 000000b5          *   
                   0000bc60  [ 00005e30 ] 000000b4          *   55xdspx.lib : unpack.obj (.fftcode)
                   0000bd14  [ 00005e8a ] 00000001          *   --HOLE-- [fill = 20]

vectors      0     0000fe00  [ 00007f00 ] 00000100          *   
                   0000fe00  [ 00007f00 ] 00000100          *   rts55x.lib : vectors.obj (vectors)


GLOBAL SYMBOLS: SORTED ALPHABETICALLY BY Name 

abs. value/
byte addr   word addr   name
---------   ---------   ----
00000002                $TI_capability$C5500$CallingConvention
00000002                $TI_capability$C5500$MemoryModel
00000001                $TI_capability_requires_rev2
ffffffff                .bss
ffffffff                .data
ffffffff                .text
0000499c                C$$EXIT
00003f4d                C$$IO$$
00004836                I$$DIV
0000494b                I$$LMPY
00004855                I$$MOD
000048d0                I$$UDIV
000048e5                I$$UMOD
            00005a1a    SqrtTable
000022b1                _HOSTclock
00002246                _HOSTclose
00002191                _HOSTlseek
000020f2                _HOSTopen
00002065                _HOSTread
00001fb7                _HOSTrename
00001f59                _HOSTtime
00001eef                _HOSTunlink
00001e62                _HOSTwrite
0000fe00                _Reset
0000370c                _THD
            00005c9c    __CIOBUF_
            000034d4    __STACK_END
00002000                __STACK_SIZE
00002000                __SYSMEM_SIZE
00001000                __SYSSTACK_SIZE
00000001                __TI_args_main
ffffffff                ___binit__
ffffffff                ___bss__
ffffffff                ___c_args__
            00005dbc    ___cinit__
ffffffff                ___data__
ffffffff                ___edata__
ffffffff                ___end__
ffffffff                ___etext__
0000491d                ___isinf
ffffffff                ___pinit__
ffffffff                ___text__
0000306d                __addd
000046db                __args_main
00002cb1                __cleanup
            00005c94    __cleanup_ptr
00003647                __cmpd
            00004cd4    __ctypes_
000027c4                __divd
00004836                __divi
00004771                __divli
00003038                __divlli
000048d0                __divu
00003ff8                __divul
00002f44                __divull
00003dd6                __doflush
            00005c96    __dtors_ptr
00003613                __eqld
000048a6                __fixdi
00004385                __fixdli
000044cc                __fltlid
0000422a                __frcmpyd
000042a0                __frcmpyd_div
            00005b42    __ft_end
            00005a2a    __ftable
000035c9                __geqd
0000357e                __gtrd
00003531                __leqd
            00005c90    __lock
000034e9                __lssd
000039e9                __mpyd
0000494b                __mpyli
00002e8c                __mpylli
00004981                __negd
000034b5                __neqd
0000496e                __nop
00001662                __printfi
00003d79                __rd_ok
00004966                __register_lock
0000495e                __register_unlock
00004855                __remi
00004726                __remli
00002e5d                __remlli
000048e5                __remu
00004313                __remul
00002e0f                __remull
            000024d4    __stack
00004937                __subd
            000034d4    __sys_memory
            00004e1a    __sysstack
            00005aa2    __tmpnams
            00005c92    __unlock
00003cf9                __wrt_ok
0000499b                _abort
000037e0                _abs16
0000381c                _add16
00001cf7                _add_device
00004592                _atoi
0000468e                _auto_init
00004872                _c_int00
0000279e                _calloc
00003c1b                _cbrev
000032c7                _cfft_SCALE
00002796                _chkheap
00001c84                _close
000047f8                _exit
000041af                _fclose
00003e3f                _fflush
00001c7b                _find_registered_device
00002dd4                _fopen
00003f52                _fputc
00003886                _fputs
0000230f                _free
00002740                _free_memory
00002d0b                _freopen
00004461                _fseek
00001de7                _getenv
00001c15                _lseek
00004132                _ltoa
0000369f                _main
00002440                _malloc
000026e6                _max_free
00004099                _maxidx
000048fa                _memccpy
000047b9                _memcpy
00004970                _memset
000023db                _minit
0000385f                _mult16
00001b56                _open
0000380f                _pow2
000045ee                _power
0000463e                _printf
00003f52                _putc
00003fe9                _putchar
000039bb                _puts
00001aa8                _read
000043f4                _readmsg
00002535                _realloc
00004991                _remove
00001a72                _remove_device
00001a19                _rename
00003834                _sat16
00003b35                _setvbuf
00004533                _sqrt_16
000019e6                _unlink
0000bc60                _unpack
000018a4                _write
00003e98                _writemsg
ffffffff                binit
            00005dbc    cinit
ffffffff                edata
ffffffff                end
ffffffff                etext
ffffffff                pinit
            0000561a    twiddle


GLOBAL SYMBOLS: SORTED BY Symbol Address 

abs. value/
byte addr   word addr   name
---------   ---------   ----
00000001                $TI_capability_requires_rev2
00000001                __TI_args_main
00000002                $TI_capability$C5500$CallingConvention
00000002                $TI_capability$C5500$MemoryModel
00001000                __SYSSTACK_SIZE
00001662                __printfi
000018a4                _write
000019e6                _unlink
00001a19                _rename
00001a72                _remove_device
00001aa8                _read
00001b56                _open
00001c15                _lseek
00001c7b                _find_registered_device
00001c84                _close
00001cf7                _add_device
00001de7                _getenv
00001e62                _HOSTwrite
00001eef                _HOSTunlink
00001f59                _HOSTtime
00001fb7                _HOSTrename
00002000                __STACK_SIZE
00002000                __SYSMEM_SIZE
00002065                _HOSTread
000020f2                _HOSTopen
00002191                _HOSTlseek
00002246                _HOSTclose
000022b1                _HOSTclock
0000230f                _free
000023db                _minit
00002440                _malloc
00002535                _realloc
000026e6                _max_free
00002740                _free_memory
00002796                _chkheap
0000279e                _calloc
000027c4                __divd
00002cb1                __cleanup
00002d0b                _freopen
00002dd4                _fopen
00002e0f                __remull
00002e5d                __remlli
00002e8c                __mpylli
00002f44                __divull
00003038                __divlli
0000306d                __addd
000032c7                _cfft_SCALE
000034b5                __neqd
000034e9                __lssd
00003531                __leqd
0000357e                __gtrd
000035c9                __geqd
00003613                __eqld
00003647                __cmpd
0000369f                _main
0000370c                _THD
000037e0                _abs16
0000380f                _pow2
0000381c                _add16
00003834                _sat16
0000385f                _mult16
00003886                _fputs
000039bb                _puts
000039e9                __mpyd
00003b35                _setvbuf
00003c1b                _cbrev
00003cf9                __wrt_ok
00003d79                __rd_ok
00003dd6                __doflush
00003e3f                _fflush
00003e98                _writemsg
00003f4d                C$$IO$$
00003f52                _fputc
00003f52                _putc
00003fe9                _putchar
00003ff8                __divul
00004099                _maxidx
00004132                _ltoa
000041af                _fclose
0000422a                __frcmpyd
000042a0                __frcmpyd_div
00004313                __remul
00004385                __fixdli
000043f4                _readmsg
00004461                _fseek
000044cc                __fltlid
00004533                _sqrt_16
00004592                _atoi
000045ee                _power
0000463e                _printf
0000468e                _auto_init
000046db                __args_main
00004726                __remli
00004771                __divli
000047b9                _memcpy
000047f8                _exit
00004836                I$$DIV
00004836                __divi
00004855                I$$MOD
00004855                __remi
00004872                _c_int00
000048a6                __fixdi
000048d0                I$$UDIV
000048d0                __divu
000048e5                I$$UMOD
000048e5                __remu
000048fa                _memccpy
0000491d                ___isinf
00004937                __subd
0000494b                I$$LMPY
0000494b                __mpyli
0000495e                __register_unlock
00004966                __register_lock
0000496e                __nop
00004970                _memset
00004981                __negd
00004991                _remove
0000499b                _abort
0000499c                C$$EXIT
            000024d4    __stack
            000034d4    __STACK_END
            000034d4    __sys_memory
            00004cd4    __ctypes_
            00004e1a    __sysstack
            0000561a    twiddle
            00005a1a    SqrtTable
            00005a2a    __ftable
            00005aa2    __tmpnams
            00005b42    __ft_end
            00005c90    __lock
            00005c92    __unlock
            00005c94    __cleanup_ptr
            00005c96    __dtors_ptr
            00005c9c    __CIOBUF_
            00005dbc    ___cinit__
            00005dbc    cinit
0000bc60                _unpack
0000fe00                _Reset
ffffffff                .bss
ffffffff                .data
ffffffff                .text
ffffffff                ___binit__
ffffffff                ___bss__
ffffffff                ___c_args__
ffffffff                ___data__
ffffffff                ___edata__
ffffffff                ___end__
ffffffff                ___etext__
ffffffff                ___pinit__
ffffffff                ___text__
ffffffff                binit
ffffffff                edata
ffffffff                end
ffffffff                etext
ffffffff                pinit

[155 symbols]
