<?xml version="1.0"?>
<link_info>
   <banner>TMS320C55x Linker PC v4.4.1</banner>
   <copyright>Copyright (c) 1996-2012 Texas Instruments Incorporated</copyright>
   <link_time>0x5a764b9d</link_time>
   <output_file>thd.out</output_file>
   <entry_point>
      <name>_c_int00</name>
      <address>0x4306</address>
   </entry_point>
   <input_file_list>
      <input_file id="fl-2">
         <path>.\</path>
         <kind>object</kind>
         <file>main.obj</file>
         <name>main.obj</name>
      </input_file>
      <input_file id="fl-1c">
         <path>C:\ti\ccsv7\tools\compiler\c5500_4.4.1\lib\</path>
         <kind>archive</kind>
         <file>rts55x.lib</file>
         <name>boot.obj</name>
      </input_file>
      <input_file id="fl-1d">
         <path>C:\ti\ccsv7\tools\compiler\c5500_4.4.1\lib\</path>
         <kind>archive</kind>
         <file>rts55x.lib</file>
         <name>exit.obj</name>
      </input_file>
      <input_file id="fl-1e">
         <path>C:\ti\ccsv7\tools\compiler\c5500_4.4.1\lib\</path>
         <kind>archive</kind>
         <file>rts55x.lib</file>
         <name>printf.obj</name>
      </input_file>
      <input_file id="fl-1f">
         <path>C:\ti\ccsv7\tools\compiler\c5500_4.4.1\lib\</path>
         <kind>archive</kind>
         <file>rts55x.lib</file>
         <name>vectors.obj</name>
      </input_file>
      <input_file id="fl-20">
         <path>C:\ti\ccsv7\tools\compiler\c5500_4.4.1\lib\</path>
         <kind>archive</kind>
         <file>rts55x.lib</file>
         <name>_lock.obj</name>
      </input_file>
      <input_file id="fl-21">
         <path>C:\ti\ccsv7\tools\compiler\c5500_4.4.1\lib\</path>
         <kind>archive</kind>
         <file>rts55x.lib</file>
         <name>_printfi.obj</name>
      </input_file>
      <input_file id="fl-22">
         <path>C:\ti\ccsv7\tools\compiler\c5500_4.4.1\lib\</path>
         <kind>archive</kind>
         <file>rts55x.lib</file>
         <name>args_main.obj</name>
      </input_file>
      <input_file id="fl-23">
         <path>C:\ti\ccsv7\tools\compiler\c5500_4.4.1\lib\</path>
         <kind>archive</kind>
         <file>rts55x.lib</file>
         <name>atoi.obj</name>
      </input_file>
      <input_file id="fl-24">
         <path>C:\ti\ccsv7\tools\compiler\c5500_4.4.1\lib\</path>
         <kind>archive</kind>
         <file>rts55x.lib</file>
         <name>autoinit.obj</name>
      </input_file>
      <input_file id="fl-25">
         <path>C:\ti\ccsv7\tools\compiler\c5500_4.4.1\lib\</path>
         <kind>archive</kind>
         <file>rts55x.lib</file>
         <name>cmpd.obj</name>
      </input_file>
      <input_file id="fl-26">
         <path>C:\ti\ccsv7\tools\compiler\c5500_4.4.1\lib\</path>
         <kind>archive</kind>
         <file>rts55x.lib</file>
         <name>ctype.obj</name>
      </input_file>
      <input_file id="fl-27">
         <path>C:\ti\ccsv7\tools\compiler\c5500_4.4.1\lib\</path>
         <kind>archive</kind>
         <file>rts55x.lib</file>
         <name>defs.obj</name>
      </input_file>
      <input_file id="fl-28">
         <path>C:\ti\ccsv7\tools\compiler\c5500_4.4.1\lib\</path>
         <kind>archive</kind>
         <file>rts55x.lib</file>
         <name>divd.obj</name>
      </input_file>
      <input_file id="fl-29">
         <path>C:\ti\ccsv7\tools\compiler\c5500_4.4.1\lib\</path>
         <kind>archive</kind>
         <file>rts55x.lib</file>
         <name>divul.obj</name>
      </input_file>
      <input_file id="fl-2a">
         <path>C:\ti\ccsv7\tools\compiler\c5500_4.4.1\lib\</path>
         <kind>archive</kind>
         <file>rts55x.lib</file>
         <name>fixdi.obj</name>
      </input_file>
      <input_file id="fl-2b">
         <path>C:\ti\ccsv7\tools\compiler\c5500_4.4.1\lib\</path>
         <kind>archive</kind>
         <file>rts55x.lib</file>
         <name>fixdli.obj</name>
      </input_file>
      <input_file id="fl-2c">
         <path>C:\ti\ccsv7\tools\compiler\c5500_4.4.1\lib\</path>
         <kind>archive</kind>
         <file>rts55x.lib</file>
         <name>fltlid.obj</name>
      </input_file>
      <input_file id="fl-2d">
         <path>C:\ti\ccsv7\tools\compiler\c5500_4.4.1\lib\</path>
         <kind>archive</kind>
         <file>rts55x.lib</file>
         <name>fputc.obj</name>
      </input_file>
      <input_file id="fl-2e">
         <path>C:\ti\ccsv7\tools\compiler\c5500_4.4.1\lib\</path>
         <kind>archive</kind>
         <file>rts55x.lib</file>
         <name>fputs.obj</name>
      </input_file>
      <input_file id="fl-2f">
         <path>C:\ti\ccsv7\tools\compiler\c5500_4.4.1\lib\</path>
         <kind>archive</kind>
         <file>rts55x.lib</file>
         <name>frcmpyd_div.obj</name>
      </input_file>
      <input_file id="fl-30">
         <path>C:\ti\ccsv7\tools\compiler\c5500_4.4.1\lib\</path>
         <kind>archive</kind>
         <file>rts55x.lib</file>
         <name>isinf.obj</name>
      </input_file>
      <input_file id="fl-31">
         <path>C:\ti\ccsv7\tools\compiler\c5500_4.4.1\lib\</path>
         <kind>archive</kind>
         <file>rts55x.lib</file>
         <name>llmpy.obj</name>
      </input_file>
      <input_file id="fl-32">
         <path>C:\ti\ccsv7\tools\compiler\c5500_4.4.1\lib\</path>
         <kind>archive</kind>
         <file>rts55x.lib</file>
         <name>lmpy.obj</name>
      </input_file>
      <input_file id="fl-33">
         <path>C:\ti\ccsv7\tools\compiler\c5500_4.4.1\lib\</path>
         <kind>archive</kind>
         <file>rts55x.lib</file>
         <name>lowlev.obj</name>
      </input_file>
      <input_file id="fl-34">
         <path>C:\ti\ccsv7\tools\compiler\c5500_4.4.1\lib\</path>
         <kind>archive</kind>
         <file>rts55x.lib</file>
         <name>ltoa.obj</name>
      </input_file>
      <input_file id="fl-35">
         <path>C:\ti\ccsv7\tools\compiler\c5500_4.4.1\lib\</path>
         <kind>archive</kind>
         <file>rts55x.lib</file>
         <name>memccpy.obj</name>
      </input_file>
      <input_file id="fl-36">
         <path>C:\ti\ccsv7\tools\compiler\c5500_4.4.1\lib\</path>
         <kind>archive</kind>
         <file>rts55x.lib</file>
         <name>memcpy.obj</name>
      </input_file>
      <input_file id="fl-37">
         <path>C:\ti\ccsv7\tools\compiler\c5500_4.4.1\lib\</path>
         <kind>archive</kind>
         <file>rts55x.lib</file>
         <name>mpyd.obj</name>
      </input_file>
      <input_file id="fl-38">
         <path>C:\ti\ccsv7\tools\compiler\c5500_4.4.1\lib\</path>
         <kind>archive</kind>
         <file>rts55x.lib</file>
         <name>negd.obj</name>
      </input_file>
      <input_file id="fl-39">
         <path>C:\ti\ccsv7\tools\compiler\c5500_4.4.1\lib\</path>
         <kind>archive</kind>
         <file>rts55x.lib</file>
         <name>remli.obj</name>
      </input_file>
      <input_file id="fl-3a">
         <path>C:\ti\ccsv7\tools\compiler\c5500_4.4.1\lib\</path>
         <kind>archive</kind>
         <file>rts55x.lib</file>
         <name>remul.obj</name>
      </input_file>
      <input_file id="fl-3b">
         <path>C:\ti\ccsv7\tools\compiler\c5500_4.4.1\lib\</path>
         <kind>archive</kind>
         <file>rts55x.lib</file>
         <name>subd.obj</name>
      </input_file>
      <input_file id="fl-3c">
         <path>C:\ti\ccsv7\tools\compiler\c5500_4.4.1\lib\</path>
         <kind>archive</kind>
         <file>rts55x.lib</file>
         <name>trgdrv.obj</name>
      </input_file>
      <input_file id="fl-3d">
         <path>C:\ti\ccsv7\tools\compiler\c5500_4.4.1\lib\</path>
         <kind>archive</kind>
         <file>rts55x.lib</file>
         <name>trgmsg.obj</name>
      </input_file>
      <input_file id="fl-3e">
         <path>C:\ti\ccsv7\tools\compiler\c5500_4.4.1\lib\</path>
         <kind>archive</kind>
         <file>rts55x.lib</file>
         <name>udiv.obj</name>
      </input_file>
      <input_file id="fl-3f">
         <path>C:\ti\ccsv7\tools\compiler\c5500_4.4.1\lib\</path>
         <kind>archive</kind>
         <file>rts55x.lib</file>
         <name>_io_perm.obj</name>
      </input_file>
      <input_file id="fl-40">
         <path>C:\ti\ccsv7\tools\compiler\c5500_4.4.1\lib\</path>
         <kind>archive</kind>
         <file>rts55x.lib</file>
         <name>addd.obj</name>
      </input_file>
      <input_file id="fl-41">
         <path>C:\ti\ccsv7\tools\compiler\c5500_4.4.1\lib\</path>
         <kind>archive</kind>
         <file>rts55x.lib</file>
         <name>divli.obj</name>
      </input_file>
      <input_file id="fl-42">
         <path>C:\ti\ccsv7\tools\compiler\c5500_4.4.1\lib\</path>
         <kind>archive</kind>
         <file>rts55x.lib</file>
         <name>fflush.obj</name>
      </input_file>
      <input_file id="fl-43">
         <path>C:\ti\ccsv7\tools\compiler\c5500_4.4.1\lib\</path>
         <kind>archive</kind>
         <file>rts55x.lib</file>
         <name>frcmpyd.obj</name>
      </input_file>
      <input_file id="fl-44">
         <path>C:\ti\ccsv7\tools\compiler\c5500_4.4.1\lib\</path>
         <kind>archive</kind>
         <file>rts55x.lib</file>
         <name>fseek.obj</name>
      </input_file>
      <input_file id="fl-45">
         <path>C:\ti\ccsv7\tools\compiler\c5500_4.4.1\lib\</path>
         <kind>archive</kind>
         <file>rts55x.lib</file>
         <name>setvbuf.obj</name>
      </input_file>
      <input_file id="fl-46">
         <path>C:\ti\ccsv7\tools\compiler\c5500_4.4.1\lib\</path>
         <kind>archive</kind>
         <file>rts55x.lib</file>
         <name>fopen.obj</name>
      </input_file>
      <input_file id="fl-47">
         <path>C:\ti\ccsv7\tools\compiler\c5500_4.4.1\lib\</path>
         <kind>archive</kind>
         <file>rts55x.lib</file>
         <name>memory.obj</name>
      </input_file>
      <input_file id="fl-48">
         <path>C:\ti\ccsv7\tools\compiler\c5500_4.4.1\lib\</path>
         <kind>archive</kind>
         <file>rts55x.lib</file>
         <name>fclose.obj</name>
      </input_file>
      <input_file id="fl-49">
         <path>C:\ti\ccsv7\tools\compiler\c5500_4.4.1\lib\</path>
         <kind>archive</kind>
         <file>rts55x.lib</file>
         <name>remove.obj</name>
      </input_file>
   </input_file_list>
   <object_component_list>
      <object_component id="oc-34">
         <name>.text</name>
         <load_address>0x300</load_address>
         <run_address>0x300</run_address>
         <size>0x15a4</size>
         <input_file_ref idref="fl-21"/>
      </object_component>
      <object_component id="oc-7e">
         <name>.text</name>
         <load_address>0x18a4</load_address>
         <run_address>0x18a4</run_address>
         <size>0x543</size>
         <input_file_ref idref="fl-33"/>
      </object_component>
      <object_component id="oc-a4">
         <name>.text</name>
         <load_address>0x1de7</load_address>
         <run_address>0x1de7</run_address>
         <size>0x528</size>
         <input_file_ref idref="fl-3c"/>
      </object_component>
      <object_component id="oc-d5">
         <name>.text</name>
         <load_address>0x230f</load_address>
         <run_address>0x230f</run_address>
         <size>0x4b5</size>
         <input_file_ref idref="fl-47"/>
      </object_component>
      <object_component id="oc-50">
         <name>.text</name>
         <load_address>0x27c4</load_address>
         <run_address>0x27c4</run_address>
         <size>0x3cc</size>
         <input_file_ref idref="fl-28"/>
      </object_component>
      <object_component id="oc-cf">
         <name>.text</name>
         <load_address>0x2b90</load_address>
         <run_address>0x2b90</run_address>
         <size>0x27f</size>
         <input_file_ref idref="fl-46"/>
      </object_component>
      <object_component id="oc-76">
         <name>.text</name>
         <load_address>0x2e0f</load_address>
         <run_address>0x2e0f</run_address>
         <size>0x25e</size>
         <input_file_ref idref="fl-31"/>
      </object_component>
      <object_component id="oc-b7">
         <name>.text</name>
         <load_address>0x306d</load_address>
         <run_address>0x306d</run_address>
         <size>0x25a</size>
         <input_file_ref idref="fl-40"/>
      </object_component>
      <object_component id="oc-46">
         <name>.text</name>
         <load_address>0x32c7</load_address>
         <run_address>0x32c7</run_address>
         <size>0x1ea</size>
         <input_file_ref idref="fl-25"/>
      </object_component>
      <object_component id="oc-69">
         <name>.text</name>
         <load_address>0x34b1</load_address>
         <run_address>0x34b1</run_address>
         <size>0x163</size>
         <input_file_ref idref="fl-2e"/>
      </object_component>
      <object_component id="oc-90">
         <name>.text</name>
         <load_address>0x3614</load_address>
         <run_address>0x3614</run_address>
         <size>0x14c</size>
         <input_file_ref idref="fl-37"/>
      </object_component>
      <object_component id="oc-cb">
         <name>.text</name>
         <load_address>0x3760</load_address>
         <run_address>0x3760</run_address>
         <size>0xe6</size>
         <input_file_ref idref="fl-45"/>
      </object_component>
      <object_component id="oc-b3">
         <name>.text</name>
         <load_address>0x3846</load_address>
         <run_address>0x3846</run_address>
         <size>0xdd</size>
         <input_file_ref idref="fl-3f"/>
      </object_component>
      <object_component id="oc-13">
         <name>.text</name>
         <load_address>0x3923</load_address>
         <run_address>0x3923</run_address>
         <size>0xcb</size>
         <input_file_ref idref="fl-2"/>
      </object_component>
      <object_component id="oc-bf">
         <name>.text</name>
         <load_address>0x39ee</load_address>
         <run_address>0x39ee</run_address>
         <size>0xc2</size>
         <input_file_ref idref="fl-42"/>
      </object_component>
      <object_component id="oc-ac">
         <name>.text:CIO_breakpoint</name>
         <load_address>0x3ab0</load_address>
         <run_address>0x3ab0</run_address>
         <size>0xba</size>
         <input_file_ref idref="fl-3d"/>
      </object_component>
      <object_component id="oc-65">
         <name>.text</name>
         <load_address>0x3b6a</load_address>
         <run_address>0x3b6a</run_address>
         <size>0xa6</size>
         <input_file_ref idref="fl-2d"/>
      </object_component>
      <object_component id="oc-54">
         <name>.text</name>
         <load_address>0x3c10</load_address>
         <run_address>0x3c10</run_address>
         <size>0xa1</size>
         <input_file_ref idref="fl-29"/>
      </object_component>
      <object_component id="oc-84">
         <name>.text</name>
         <load_address>0x3cb1</load_address>
         <run_address>0x3cb1</run_address>
         <size>0x7d</size>
         <input_file_ref idref="fl-34"/>
      </object_component>
      <object_component id="oc-dc">
         <name>.text</name>
         <load_address>0x3d2e</load_address>
         <run_address>0x3d2e</run_address>
         <size>0x7b</size>
         <input_file_ref idref="fl-48"/>
      </object_component>
      <object_component id="oc-c3">
         <name>.text</name>
         <load_address>0x3da9</load_address>
         <run_address>0x3da9</run_address>
         <size>0x76</size>
         <input_file_ref idref="fl-43"/>
      </object_component>
      <object_component id="oc-6e">
         <name>.text</name>
         <load_address>0x3e1f</load_address>
         <run_address>0x3e1f</run_address>
         <size>0x73</size>
         <input_file_ref idref="fl-2f"/>
      </object_component>
      <object_component id="oc-9c">
         <name>.text</name>
         <load_address>0x3e92</load_address>
         <run_address>0x3e92</run_address>
         <size>0x72</size>
         <input_file_ref idref="fl-3a"/>
      </object_component>
      <object_component id="oc-5c">
         <name>.text</name>
         <load_address>0x3f04</load_address>
         <run_address>0x3f04</run_address>
         <size>0x6f</size>
         <input_file_ref idref="fl-2b"/>
      </object_component>
      <object_component id="oc-a9">
         <name>.text</name>
         <load_address>0x3f73</load_address>
         <run_address>0x3f73</run_address>
         <size>0x6d</size>
         <input_file_ref idref="fl-3d"/>
      </object_component>
      <object_component id="oc-c7">
         <name>.text</name>
         <load_address>0x3fe0</load_address>
         <run_address>0x3fe0</run_address>
         <size>0x6b</size>
         <input_file_ref idref="fl-44"/>
      </object_component>
      <object_component id="oc-60">
         <name>.text</name>
         <load_address>0x404b</load_address>
         <run_address>0x404b</run_address>
         <size>0x67</size>
         <input_file_ref idref="fl-2c"/>
      </object_component>
      <object_component id="oc-3e">
         <name>.text</name>
         <load_address>0x40b2</load_address>
         <run_address>0x40b2</run_address>
         <size>0x5c</size>
         <input_file_ref idref="fl-23"/>
      </object_component>
      <object_component id="oc-26">
         <name>.text</name>
         <load_address>0x410e</load_address>
         <run_address>0x410e</run_address>
         <size>0x50</size>
         <input_file_ref idref="fl-1e"/>
      </object_component>
      <object_component id="oc-42">
         <name>.text</name>
         <load_address>0x415e</load_address>
         <run_address>0x415e</run_address>
         <size>0x4d</size>
         <input_file_ref idref="fl-24"/>
      </object_component>
      <object_component id="oc-3a">
         <name>.text</name>
         <load_address>0x41ab</load_address>
         <run_address>0x41ab</run_address>
         <size>0x4b</size>
         <input_file_ref idref="fl-22"/>
      </object_component>
      <object_component id="oc-98">
         <name>.text</name>
         <load_address>0x41f6</load_address>
         <run_address>0x41f6</run_address>
         <size>0x4b</size>
         <input_file_ref idref="fl-39"/>
      </object_component>
      <object_component id="oc-bb">
         <name>.text</name>
         <load_address>0x4241</load_address>
         <run_address>0x4241</run_address>
         <size>0x48</size>
         <input_file_ref idref="fl-41"/>
      </object_component>
      <object_component id="oc-8c">
         <name>.text</name>
         <load_address>0x4289</load_address>
         <run_address>0x4289</run_address>
         <size>0x3f</size>
         <input_file_ref idref="fl-36"/>
      </object_component>
      <object_component id="oc-1f">
         <name>.text</name>
         <load_address>0x42c8</load_address>
         <run_address>0x42c8</run_address>
         <size>0x3e</size>
         <input_file_ref idref="fl-1d"/>
      </object_component>
      <object_component id="oc-11">
         <name>.text</name>
         <load_address>0x4306</load_address>
         <run_address>0x4306</run_address>
         <size>0x34</size>
         <input_file_ref idref="fl-1c"/>
      </object_component>
      <object_component id="oc-58">
         <name>.text</name>
         <load_address>0x433a</load_address>
         <run_address>0x433a</run_address>
         <size>0x2a</size>
         <input_file_ref idref="fl-2a"/>
      </object_component>
      <object_component id="oc-af">
         <name>.text</name>
         <load_address>0x4364</load_address>
         <run_address>0x4364</run_address>
         <size>0x2a</size>
         <input_file_ref idref="fl-3e"/>
      </object_component>
      <object_component id="oc-88">
         <name>.text</name>
         <load_address>0x438e</load_address>
         <run_address>0x438e</run_address>
         <size>0x23</size>
         <input_file_ref idref="fl-35"/>
      </object_component>
      <object_component id="oc-72">
         <name>.text</name>
         <load_address>0x43b1</load_address>
         <run_address>0x43b1</run_address>
         <size>0x1a</size>
         <input_file_ref idref="fl-30"/>
      </object_component>
      <object_component id="oc-a0">
         <name>.text</name>
         <load_address>0x43cb</load_address>
         <run_address>0x43cb</run_address>
         <size>0x14</size>
         <input_file_ref idref="fl-3b"/>
      </object_component>
      <object_component id="oc-7a">
         <name>.text</name>
         <load_address>0x43df</load_address>
         <run_address>0x43df</run_address>
         <size>0x13</size>
         <input_file_ref idref="fl-32"/>
      </object_component>
      <object_component id="oc-2e">
         <name>.text</name>
         <load_address>0x43f2</load_address>
         <run_address>0x43f2</run_address>
         <size>0x12</size>
         <input_file_ref idref="fl-20"/>
      </object_component>
      <object_component id="oc-94">
         <name>.text</name>
         <load_address>0x4404</load_address>
         <run_address>0x4404</run_address>
         <size>0x10</size>
         <input_file_ref idref="fl-38"/>
      </object_component>
      <object_component id="oc-e0">
         <name>.text</name>
         <load_address>0x4414</load_address>
         <run_address>0x4414</run_address>
         <size>0xa</size>
         <input_file_ref idref="fl-49"/>
      </object_component>
      <object_component id="oc-23">
         <name>.text:CIO_breakpoint</name>
         <load_address>0x441e</load_address>
         <run_address>0x441e</run_address>
         <size>0x7</size>
         <input_file_ref idref="fl-1d"/>
      </object_component>
      <object_component id="oc-2a">
         <name>.text</name>
         <load_address>0x4425</load_address>
         <run_address>0x4425</run_address>
         <size>0x2</size>
         <input_file_ref idref="fl-1f"/>
      </object_component>
      <object_component id="oc-1b">
         <name>.stack</name>
         <uninitialized>true</uninitialized>
         <run_address>0x6904</run_address>
         <size>0x0</size>
         <input_file_ref idref="fl-1c"/>
      </object_component>
      <object_component id="oc-ff">
         <name>.stack</name>
         <uninitialized>true</uninitialized>
         <run_address>0x6904</run_address>
         <size>0x0</size>
      </object_component>
      <object_component id="oc-e4">
         <name>.sysstack</name>
         <uninitialized>true</uninitialized>
         <run_address>0xa904</run_address>
         <size>0x0</size>
         <input_file_ref idref="fl-1c"/>
      </object_component>
      <object_component id="oc-101">
         <name>.sysstack</name>
         <uninitialized>true</uninitialized>
         <run_address>0xa904</run_address>
         <size>0x0</size>
      </object_component>
      <object_component id="oc-14">
         <name>.bss</name>
         <uninitialized>true</uninitialized>
         <run_address>0x4428</run_address>
         <size>0x2006</size>
         <input_file_ref idref="fl-2"/>
      </object_component>
      <object_component id="oc-d0">
         <name>.bss</name>
         <uninitialized>true</uninitialized>
         <run_address>0x642e</run_address>
         <size>0x2</size>
         <input_file_ref idref="fl-46"/>
      </object_component>
      <object_component id="oc-4c">
         <name>.bss</name>
         <uninitialized>true</uninitialized>
         <run_address>0x6430</run_address>
         <size>0x232</size>
         <input_file_ref idref="fl-27"/>
      </object_component>
      <object_component id="oc-a5">
         <name>.bss</name>
         <uninitialized>true</uninitialized>
         <run_address>0x6662</run_address>
         <size>0x1a0</size>
         <input_file_ref idref="fl-3c"/>
      </object_component>
      <object_component id="oc-7f">
         <name>.bss</name>
         <uninitialized>true</uninitialized>
         <run_address>0x6804</run_address>
         <size>0xe2</size>
         <input_file_ref idref="fl-33"/>
      </object_component>
      <object_component id="oc-d6">
         <name>.bss</name>
         <uninitialized>true</uninitialized>
         <run_address>0x68e8</run_address>
         <size>0xc</size>
         <input_file_ref idref="fl-47"/>
      </object_component>
      <object_component id="oc-2f">
         <name>.bss</name>
         <uninitialized>true</uninitialized>
         <run_address>0x68f4</run_address>
         <size>0x8</size>
         <input_file_ref idref="fl-20"/>
      </object_component>
      <object_component id="oc-20">
         <name>.bss</name>
         <uninitialized>true</uninitialized>
         <run_address>0x68fc</run_address>
         <size>0x8</size>
         <input_file_ref idref="fl-1d"/>
      </object_component>
      <object_component id="oc-e5">
         <name>.const:__ctypes_</name>
         <load_address>0xc1d4</load_address>
         <run_address>0xc1d4</run_address>
         <size>0x202</size>
         <input_file_ref idref="fl-26"/>
      </object_component>
      <object_component id="oc-37">
         <name>.const:.string</name>
         <load_address>0xc3d8</load_address>
         <run_address>0xc3d8</run_address>
         <size>0x48</size>
         <input_file_ref idref="fl-21"/>
      </object_component>
      <object_component id="oc-36">
         <name>.const</name>
         <load_address>0xc420</load_address>
         <run_address>0xc420</run_address>
         <size>0x18</size>
         <input_file_ref idref="fl-21"/>
      </object_component>
      <object_component id="oc-e6">
         <name>.const:_initial_approx$1</name>
         <load_address>0xc438</load_address>
         <run_address>0xc438</run_address>
         <size>0x10</size>
         <input_file_ref idref="fl-28"/>
      </object_component>
      <object_component id="oc-17">
         <name>.const:.string</name>
         <load_address>0xc448</load_address>
         <run_address>0xc448</run_address>
         <size>0x6</size>
         <input_file_ref idref="fl-2"/>
      </object_component>
      <object_component id="oc-6b">
         <name>.const:.string</name>
         <load_address>0xc450</load_address>
         <run_address>0xc450</run_address>
         <size>0x4</size>
         <input_file_ref idref="fl-2e"/>
      </object_component>
      <object_component id="oc-62">
         <name>.const</name>
         <load_address>0xc454</load_address>
         <run_address>0xc454</run_address>
         <size>0x4</size>
         <input_file_ref idref="fl-2c"/>
      </object_component>
      <object_component id="oc-d9">
         <name>.sysmem</name>
         <uninitialized>true</uninitialized>
         <run_address>0x8904</run_address>
         <size>0x0</size>
         <input_file_ref idref="fl-47"/>
      </object_component>
      <object_component id="oc-100">
         <name>.sysmem</name>
         <uninitialized>true</uninitialized>
         <run_address>0x8904</run_address>
         <size>0x0</size>
      </object_component>
      <object_component id="oc-16">
         <name>.cinit</name>
         <load_address>0xb904</load_address>
         <run_address>0xb904</run_address>
         <size>0x7e6</size>
         <input_file_ref idref="fl-2"/>
      </object_component>
      <object_component id="oc-81">
         <name>.cinit</name>
         <load_address>0xc0ea</load_address>
         <run_address>0xc0ea</run_address>
         <size>0x5a</size>
         <input_file_ref idref="fl-33"/>
      </object_component>
      <object_component id="oc-4e">
         <name>.cinit</name>
         <load_address>0xc144</load_address>
         <run_address>0xc144</run_address>
         <size>0x54</size>
         <input_file_ref idref="fl-27"/>
      </object_component>
      <object_component id="oc-31">
         <name>.cinit</name>
         <load_address>0xc198</load_address>
         <run_address>0xc198</run_address>
         <size>0x14</size>
         <input_file_ref idref="fl-20"/>
      </object_component>
      <object_component id="oc-22">
         <name>.cinit</name>
         <load_address>0xc1ac</load_address>
         <run_address>0xc1ac</run_address>
         <size>0x14</size>
         <input_file_ref idref="fl-1d"/>
      </object_component>
      <object_component id="oc-d2">
         <name>.cinit</name>
         <load_address>0xc1c0</load_address>
         <run_address>0xc1c0</run_address>
         <size>0x8</size>
         <input_file_ref idref="fl-46"/>
      </object_component>
      <object_component id="oc-d8">
         <name>.cinit</name>
         <load_address>0xc1c8</load_address>
         <run_address>0xc1c8</run_address>
         <size>0x8</size>
         <input_file_ref idref="fl-47"/>
      </object_component>
      <object_component id="oc-ab">
         <name>.cio</name>
         <uninitialized>true</uninitialized>
         <run_address>0xc458</run_address>
         <size>0x240</size>
         <input_file_ref idref="fl-3d"/>
      </object_component>
      <object_component id="oc-12">
         <name>vectors</name>
         <load_address>0xfe00</load_address>
         <run_address>0xfe00</run_address>
         <size>0x100</size>
         <input_file_ref idref="fl-1f"/>
      </object_component>
      <object_component id="oc-15">
         <name>.debug_info</name>
         <load_address>0x0</load_address>
         <run_address>0x0</run_address>
         <size>0x914</size>
         <input_file_ref idref="fl-2"/>
      </object_component>
      <object_component id="oc-1c">
         <name>.debug_info</name>
         <load_address>0x914</load_address>
         <run_address>0x914</run_address>
         <size>0xe8</size>
         <input_file_ref idref="fl-1c"/>
      </object_component>
      <object_component id="oc-21">
         <name>.debug_info</name>
         <load_address>0x9fc</load_address>
         <run_address>0x9fc</run_address>
         <size>0x5fb</size>
         <input_file_ref idref="fl-1d"/>
      </object_component>
      <object_component id="oc-27">
         <name>.debug_info</name>
         <load_address>0xff7</load_address>
         <run_address>0xff7</run_address>
         <size>0x76c</size>
         <input_file_ref idref="fl-1e"/>
      </object_component>
      <object_component id="oc-2b">
         <name>.debug_info</name>
         <load_address>0x1763</load_address>
         <run_address>0x1763</run_address>
         <size>0xbc</size>
         <input_file_ref idref="fl-1f"/>
      </object_component>
      <object_component id="oc-30">
         <name>.debug_info</name>
         <load_address>0x181f</load_address>
         <run_address>0x181f</run_address>
         <size>0x5bc</size>
         <input_file_ref idref="fl-20"/>
      </object_component>
      <object_component id="oc-35">
         <name>.debug_info</name>
         <load_address>0x1ddb</load_address>
         <run_address>0x1ddb</run_address>
         <size>0x27bd</size>
         <input_file_ref idref="fl-21"/>
      </object_component>
      <object_component id="oc-3b">
         <name>.debug_info</name>
         <load_address>0x4598</load_address>
         <run_address>0x4598</run_address>
         <size>0x586</size>
         <input_file_ref idref="fl-22"/>
      </object_component>
      <object_component id="oc-3f">
         <name>.debug_info</name>
         <load_address>0x4b1e</load_address>
         <run_address>0x4b1e</run_address>
         <size>0x5a4</size>
         <input_file_ref idref="fl-23"/>
      </object_component>
      <object_component id="oc-43">
         <name>.debug_info</name>
         <load_address>0x50c2</load_address>
         <run_address>0x50c2</run_address>
         <size>0xcd</size>
         <input_file_ref idref="fl-24"/>
      </object_component>
      <object_component id="oc-47">
         <name>.debug_info</name>
         <load_address>0x518f</load_address>
         <run_address>0x518f</run_address>
         <size>0x81f</size>
         <input_file_ref idref="fl-25"/>
      </object_component>
      <object_component id="oc-4a">
         <name>.debug_info</name>
         <load_address>0x59ae</load_address>
         <run_address>0x59ae</run_address>
         <size>0x498</size>
         <input_file_ref idref="fl-26"/>
      </object_component>
      <object_component id="oc-4d">
         <name>.debug_info</name>
         <load_address>0x5e46</load_address>
         <run_address>0x5e46</run_address>
         <size>0x57e</size>
         <input_file_ref idref="fl-27"/>
      </object_component>
      <object_component id="oc-51">
         <name>.debug_info</name>
         <load_address>0x63c4</load_address>
         <run_address>0x63c4</run_address>
         <size>0x7e8</size>
         <input_file_ref idref="fl-28"/>
      </object_component>
      <object_component id="oc-55">
         <name>.debug_info</name>
         <load_address>0x6bac</load_address>
         <run_address>0x6bac</run_address>
         <size>0x534</size>
         <input_file_ref idref="fl-29"/>
      </object_component>
      <object_component id="oc-59">
         <name>.debug_info</name>
         <load_address>0x70e0</load_address>
         <run_address>0x70e0</run_address>
         <size>0x4cf</size>
         <input_file_ref idref="fl-2a"/>
      </object_component>
      <object_component id="oc-5d">
         <name>.debug_info</name>
         <load_address>0x75af</load_address>
         <run_address>0x75af</run_address>
         <size>0x534</size>
         <input_file_ref idref="fl-2b"/>
      </object_component>
      <object_component id="oc-61">
         <name>.debug_info</name>
         <load_address>0x7ae3</load_address>
         <run_address>0x7ae3</run_address>
         <size>0x549</size>
         <input_file_ref idref="fl-2c"/>
      </object_component>
      <object_component id="oc-66">
         <name>.debug_info</name>
         <load_address>0x802c</load_address>
         <run_address>0x802c</run_address>
         <size>0x6aa</size>
         <input_file_ref idref="fl-2d"/>
      </object_component>
      <object_component id="oc-6a">
         <name>.debug_info</name>
         <load_address>0x86d6</load_address>
         <run_address>0x86d6</run_address>
         <size>0x942</size>
         <input_file_ref idref="fl-2e"/>
      </object_component>
      <object_component id="oc-6f">
         <name>.debug_info</name>
         <load_address>0x9018</load_address>
         <run_address>0x9018</run_address>
         <size>0x53e</size>
         <input_file_ref idref="fl-2f"/>
      </object_component>
      <object_component id="oc-73">
         <name>.debug_info</name>
         <load_address>0x9556</load_address>
         <run_address>0x9556</run_address>
         <size>0x680</size>
         <input_file_ref idref="fl-30"/>
      </object_component>
      <object_component id="oc-77">
         <name>.debug_info</name>
         <load_address>0x9bd6</load_address>
         <run_address>0x9bd6</run_address>
         <size>0x7d4</size>
         <input_file_ref idref="fl-31"/>
      </object_component>
      <object_component id="oc-7b">
         <name>.debug_info</name>
         <load_address>0xa3aa</load_address>
         <run_address>0xa3aa</run_address>
         <size>0xbd</size>
         <input_file_ref idref="fl-32"/>
      </object_component>
      <object_component id="oc-80">
         <name>.debug_info</name>
         <load_address>0xa467</load_address>
         <run_address>0xa467</run_address>
         <size>0x144b</size>
         <input_file_ref idref="fl-33"/>
      </object_component>
      <object_component id="oc-85">
         <name>.debug_info</name>
         <load_address>0xb8b2</load_address>
         <run_address>0xb8b2</run_address>
         <size>0x5ad</size>
         <input_file_ref idref="fl-34"/>
      </object_component>
      <object_component id="oc-89">
         <name>.debug_info</name>
         <load_address>0xbe5f</load_address>
         <run_address>0xbe5f</run_address>
         <size>0x574</size>
         <input_file_ref idref="fl-35"/>
      </object_component>
      <object_component id="oc-8d">
         <name>.debug_info</name>
         <load_address>0xc3d3</load_address>
         <run_address>0xc3d3</run_address>
         <size>0xd1</size>
         <input_file_ref idref="fl-36"/>
      </object_component>
      <object_component id="oc-91">
         <name>.debug_info</name>
         <load_address>0xc4a4</load_address>
         <run_address>0xc4a4</run_address>
         <size>0x55b</size>
         <input_file_ref idref="fl-37"/>
      </object_component>
      <object_component id="oc-95">
         <name>.debug_info</name>
         <load_address>0xc9ff</load_address>
         <run_address>0xc9ff</run_address>
         <size>0x4b7</size>
         <input_file_ref idref="fl-38"/>
      </object_component>
      <object_component id="oc-99">
         <name>.debug_info</name>
         <load_address>0xceb6</load_address>
         <run_address>0xceb6</run_address>
         <size>0x4f2</size>
         <input_file_ref idref="fl-39"/>
      </object_component>
      <object_component id="oc-9d">
         <name>.debug_info</name>
         <load_address>0xd3a8</load_address>
         <run_address>0xd3a8</run_address>
         <size>0x534</size>
         <input_file_ref idref="fl-3a"/>
      </object_component>
      <object_component id="oc-a1">
         <name>.debug_info</name>
         <load_address>0xd8dc</load_address>
         <run_address>0xd8dc</run_address>
         <size>0x4de</size>
         <input_file_ref idref="fl-3b"/>
      </object_component>
      <object_component id="oc-a6">
         <name>.debug_info</name>
         <load_address>0xddba</load_address>
         <run_address>0xddba</run_address>
         <size>0xed4</size>
         <input_file_ref idref="fl-3c"/>
      </object_component>
      <object_component id="oc-aa">
         <name>.debug_info</name>
         <load_address>0xec8e</load_address>
         <run_address>0xec8e</run_address>
         <size>0x744</size>
         <input_file_ref idref="fl-3d"/>
      </object_component>
      <object_component id="oc-b0">
         <name>.debug_info</name>
         <load_address>0xf3d2</load_address>
         <run_address>0xf3d2</run_address>
         <size>0xef</size>
         <input_file_ref idref="fl-3e"/>
      </object_component>
      <object_component id="oc-b4">
         <name>.debug_info</name>
         <load_address>0xf4c1</load_address>
         <run_address>0xf4c1</run_address>
         <size>0x662</size>
         <input_file_ref idref="fl-3f"/>
      </object_component>
      <object_component id="oc-b8">
         <name>.debug_info</name>
         <load_address>0xfb23</load_address>
         <run_address>0xfb23</run_address>
         <size>0x5ab</size>
         <input_file_ref idref="fl-40"/>
      </object_component>
      <object_component id="oc-bc">
         <name>.debug_info</name>
         <load_address>0x100ce</load_address>
         <run_address>0x100ce</run_address>
         <size>0x4f2</size>
         <input_file_ref idref="fl-41"/>
      </object_component>
      <object_component id="oc-c0">
         <name>.debug_info</name>
         <load_address>0x105c0</load_address>
         <run_address>0x105c0</run_address>
         <size>0x706</size>
         <input_file_ref idref="fl-42"/>
      </object_component>
      <object_component id="oc-c4">
         <name>.debug_info</name>
         <load_address>0x10cc6</load_address>
         <run_address>0x10cc6</run_address>
         <size>0x4d2</size>
         <input_file_ref idref="fl-43"/>
      </object_component>
      <object_component id="oc-c8">
         <name>.debug_info</name>
         <load_address>0x11198</load_address>
         <run_address>0x11198</run_address>
         <size>0x5f7</size>
         <input_file_ref idref="fl-44"/>
      </object_component>
      <object_component id="oc-cc">
         <name>.debug_info</name>
         <load_address>0x1178f</load_address>
         <run_address>0x1178f</run_address>
         <size>0x64a</size>
         <input_file_ref idref="fl-45"/>
      </object_component>
      <object_component id="oc-d1">
         <name>.debug_info</name>
         <load_address>0x11dd9</load_address>
         <run_address>0x11dd9</run_address>
         <size>0xa1c</size>
         <input_file_ref idref="fl-46"/>
      </object_component>
      <object_component id="oc-d7">
         <name>.debug_info</name>
         <load_address>0x127f5</load_address>
         <run_address>0x127f5</run_address>
         <size>0xb97</size>
         <input_file_ref idref="fl-47"/>
      </object_component>
      <object_component id="oc-dd">
         <name>.debug_info</name>
         <load_address>0x1338c</load_address>
         <run_address>0x1338c</run_address>
         <size>0x64f</size>
         <input_file_ref idref="fl-48"/>
      </object_component>
      <object_component id="oc-e1">
         <name>.debug_info</name>
         <load_address>0x139db</load_address>
         <run_address>0x139db</run_address>
         <size>0x510</size>
         <input_file_ref idref="fl-49"/>
      </object_component>
      <object_component id="oc-10a">
         <name>.debug_info</name>
         <load_address>0x13eeb</load_address>
         <run_address>0x13eeb</run_address>
         <size>0x6e</size>
      </object_component>
      <object_component id="oc-18">
         <name>.debug_frame</name>
         <load_address>0x0</load_address>
         <run_address>0x0</run_address>
         <size>0x18c</size>
         <input_file_ref idref="fl-2"/>
      </object_component>
      <object_component id="oc-19">
         <name>.debug_line</name>
         <load_address>0x0</load_address>
         <run_address>0x0</run_address>
         <size>0xfc</size>
         <input_file_ref idref="fl-2"/>
      </object_component>
      <object_component id="oc-1d">
         <name>.debug_line</name>
         <load_address>0xfc</load_address>
         <run_address>0xfc</run_address>
         <size>0x54</size>
         <input_file_ref idref="fl-1c"/>
      </object_component>
      <object_component id="oc-24">
         <name>.debug_line</name>
         <load_address>0x150</load_address>
         <run_address>0x150</run_address>
         <size>0x51</size>
         <input_file_ref idref="fl-1d"/>
      </object_component>
      <object_component id="oc-28">
         <name>.debug_line</name>
         <load_address>0x1a1</load_address>
         <run_address>0x1a1</run_address>
         <size>0x69</size>
         <input_file_ref idref="fl-1e"/>
      </object_component>
      <object_component id="oc-2c">
         <name>.debug_line</name>
         <load_address>0x20a</load_address>
         <run_address>0x20a</run_address>
         <size>0x37</size>
         <input_file_ref idref="fl-1f"/>
      </object_component>
      <object_component id="oc-32">
         <name>.debug_line</name>
         <load_address>0x241</load_address>
         <run_address>0x241</run_address>
         <size>0x57</size>
         <input_file_ref idref="fl-20"/>
      </object_component>
      <object_component id="oc-38">
         <name>.debug_line</name>
         <load_address>0x298</load_address>
         <run_address>0x298</run_address>
         <size>0x328</size>
         <input_file_ref idref="fl-21"/>
      </object_component>
      <object_component id="oc-3c">
         <name>.debug_line</name>
         <load_address>0x5c0</load_address>
         <run_address>0x5c0</run_address>
         <size>0x41</size>
         <input_file_ref idref="fl-22"/>
      </object_component>
      <object_component id="oc-40">
         <name>.debug_line</name>
         <load_address>0x601</load_address>
         <run_address>0x601</run_address>
         <size>0x46</size>
         <input_file_ref idref="fl-23"/>
      </object_component>
      <object_component id="oc-44">
         <name>.debug_line</name>
         <load_address>0x647</load_address>
         <run_address>0x647</run_address>
         <size>0x55</size>
         <input_file_ref idref="fl-24"/>
      </object_component>
      <object_component id="oc-48">
         <name>.debug_line</name>
         <load_address>0x69c</load_address>
         <run_address>0x69c</run_address>
         <size>0xad</size>
         <input_file_ref idref="fl-25"/>
      </object_component>
      <object_component id="oc-52">
         <name>.debug_line</name>
         <load_address>0x749</load_address>
         <run_address>0x749</run_address>
         <size>0x5b</size>
         <input_file_ref idref="fl-28"/>
      </object_component>
      <object_component id="oc-56">
         <name>.debug_line</name>
         <load_address>0x7a4</load_address>
         <run_address>0x7a4</run_address>
         <size>0x44</size>
         <input_file_ref idref="fl-29"/>
      </object_component>
      <object_component id="oc-5a">
         <name>.debug_line</name>
         <load_address>0x7e8</load_address>
         <run_address>0x7e8</run_address>
         <size>0x3d</size>
         <input_file_ref idref="fl-2a"/>
      </object_component>
      <object_component id="oc-5e">
         <name>.debug_line</name>
         <load_address>0x825</load_address>
         <run_address>0x825</run_address>
         <size>0x3d</size>
         <input_file_ref idref="fl-2b"/>
      </object_component>
      <object_component id="oc-63">
         <name>.debug_line</name>
         <load_address>0x862</load_address>
         <run_address>0x862</run_address>
         <size>0x44</size>
         <input_file_ref idref="fl-2c"/>
      </object_component>
      <object_component id="oc-67">
         <name>.debug_line</name>
         <load_address>0x8a6</load_address>
         <run_address>0x8a6</run_address>
         <size>0x56</size>
         <input_file_ref idref="fl-2d"/>
      </object_component>
      <object_component id="oc-6c">
         <name>.debug_line</name>
         <load_address>0x8fc</load_address>
         <run_address>0x8fc</run_address>
         <size>0xa8</size>
         <input_file_ref idref="fl-2e"/>
      </object_component>
      <object_component id="oc-70">
         <name>.debug_line</name>
         <load_address>0x9a4</load_address>
         <run_address>0x9a4</run_address>
         <size>0x40</size>
         <input_file_ref idref="fl-2f"/>
      </object_component>
      <object_component id="oc-74">
         <name>.debug_line</name>
         <load_address>0x9e4</load_address>
         <run_address>0x9e4</run_address>
         <size>0x38</size>
         <input_file_ref idref="fl-30"/>
      </object_component>
      <object_component id="oc-78">
         <name>.debug_line</name>
         <load_address>0xa1c</load_address>
         <run_address>0xa1c</run_address>
         <size>0xa8</size>
         <input_file_ref idref="fl-31"/>
      </object_component>
      <object_component id="oc-7c">
         <name>.debug_line</name>
         <load_address>0xac4</load_address>
         <run_address>0xac4</run_address>
         <size>0x3c</size>
         <input_file_ref idref="fl-32"/>
      </object_component>
      <object_component id="oc-82">
         <name>.debug_line</name>
         <load_address>0xb00</load_address>
         <run_address>0xb00</run_address>
         <size>0x1b0</size>
         <input_file_ref idref="fl-33"/>
      </object_component>
      <object_component id="oc-86">
         <name>.debug_line</name>
         <load_address>0xcb0</load_address>
         <run_address>0xcb0</run_address>
         <size>0x40</size>
         <input_file_ref idref="fl-34"/>
      </object_component>
      <object_component id="oc-8a">
         <name>.debug_line</name>
         <load_address>0xcf0</load_address>
         <run_address>0xcf0</run_address>
         <size>0x3c</size>
         <input_file_ref idref="fl-35"/>
      </object_component>
      <object_component id="oc-8e">
         <name>.debug_line</name>
         <load_address>0xd2c</load_address>
         <run_address>0xd2c</run_address>
         <size>0x4d</size>
         <input_file_ref idref="fl-36"/>
      </object_component>
      <object_component id="oc-92">
         <name>.debug_line</name>
         <load_address>0xd79</load_address>
         <run_address>0xd79</run_address>
         <size>0x3c</size>
         <input_file_ref idref="fl-37"/>
      </object_component>
      <object_component id="oc-96">
         <name>.debug_line</name>
         <load_address>0xdb5</load_address>
         <run_address>0xdb5</run_address>
         <size>0x37</size>
         <input_file_ref idref="fl-38"/>
      </object_component>
      <object_component id="oc-9a">
         <name>.debug_line</name>
         <load_address>0xdec</load_address>
         <run_address>0xdec</run_address>
         <size>0x3c</size>
         <input_file_ref idref="fl-39"/>
      </object_component>
      <object_component id="oc-9e">
         <name>.debug_line</name>
         <load_address>0xe28</load_address>
         <run_address>0xe28</run_address>
         <size>0x44</size>
         <input_file_ref idref="fl-3a"/>
      </object_component>
      <object_component id="oc-a2">
         <name>.debug_line</name>
         <load_address>0xe6c</load_address>
         <run_address>0xe6c</run_address>
         <size>0x37</size>
         <input_file_ref idref="fl-3b"/>
      </object_component>
      <object_component id="oc-a7">
         <name>.debug_line</name>
         <load_address>0xea3</load_address>
         <run_address>0xea3</run_address>
         <size>0x15d</size>
         <input_file_ref idref="fl-3c"/>
      </object_component>
      <object_component id="oc-ad">
         <name>.debug_line</name>
         <load_address>0x1000</load_address>
         <run_address>0x1000</run_address>
         <size>0x6a</size>
         <input_file_ref idref="fl-3d"/>
      </object_component>
      <object_component id="oc-b1">
         <name>.debug_line</name>
         <load_address>0x106a</load_address>
         <run_address>0x106a</run_address>
         <size>0x58</size>
         <input_file_ref idref="fl-3e"/>
      </object_component>
      <object_component id="oc-b5">
         <name>.debug_line</name>
         <load_address>0x10c2</load_address>
         <run_address>0x10c2</run_address>
         <size>0x57</size>
         <input_file_ref idref="fl-3f"/>
      </object_component>
      <object_component id="oc-b9">
         <name>.debug_line</name>
         <load_address>0x1119</load_address>
         <run_address>0x1119</run_address>
         <size>0x5c</size>
         <input_file_ref idref="fl-40"/>
      </object_component>
      <object_component id="oc-bd">
         <name>.debug_line</name>
         <load_address>0x1175</load_address>
         <run_address>0x1175</run_address>
         <size>0x3c</size>
         <input_file_ref idref="fl-41"/>
      </object_component>
      <object_component id="oc-c1">
         <name>.debug_line</name>
         <load_address>0x11b1</load_address>
         <run_address>0x11b1</run_address>
         <size>0x5b</size>
         <input_file_ref idref="fl-42"/>
      </object_component>
      <object_component id="oc-c5">
         <name>.debug_line</name>
         <load_address>0x120c</load_address>
         <run_address>0x120c</run_address>
         <size>0x3a</size>
         <input_file_ref idref="fl-43"/>
      </object_component>
      <object_component id="oc-c9">
         <name>.debug_line</name>
         <load_address>0x1246</load_address>
         <run_address>0x1246</run_address>
         <size>0x3c</size>
         <input_file_ref idref="fl-44"/>
      </object_component>
      <object_component id="oc-cd">
         <name>.debug_line</name>
         <load_address>0x1282</load_address>
         <run_address>0x1282</run_address>
         <size>0x3f</size>
         <input_file_ref idref="fl-45"/>
      </object_component>
      <object_component id="oc-d3">
         <name>.debug_line</name>
         <load_address>0x12c1</load_address>
         <run_address>0x12c1</run_address>
         <size>0xd7</size>
         <input_file_ref idref="fl-46"/>
      </object_component>
      <object_component id="oc-da">
         <name>.debug_line</name>
         <load_address>0x1398</load_address>
         <run_address>0x1398</run_address>
         <size>0x112</size>
         <input_file_ref idref="fl-47"/>
      </object_component>
      <object_component id="oc-de">
         <name>.debug_line</name>
         <load_address>0x14aa</load_address>
         <run_address>0x14aa</run_address>
         <size>0x3d</size>
         <input_file_ref idref="fl-48"/>
      </object_component>
      <object_component id="oc-e2">
         <name>.debug_line</name>
         <load_address>0x14e7</load_address>
         <run_address>0x14e7</run_address>
         <size>0x39</size>
         <input_file_ref idref="fl-49"/>
      </object_component>
      <object_component id="oc-1a">
         <name>.debug_abbrev</name>
         <load_address>0x0</load_address>
         <run_address>0x0</run_address>
         <size>0x14b</size>
         <input_file_ref idref="fl-2"/>
      </object_component>
      <object_component id="oc-1e">
         <name>.debug_abbrev</name>
         <load_address>0x14b</load_address>
         <run_address>0x14b</run_address>
         <size>0x3a</size>
         <input_file_ref idref="fl-1c"/>
      </object_component>
      <object_component id="oc-25">
         <name>.debug_abbrev</name>
         <load_address>0x185</load_address>
         <run_address>0x185</run_address>
         <size>0xf7</size>
         <input_file_ref idref="fl-1d"/>
      </object_component>
      <object_component id="oc-29">
         <name>.debug_abbrev</name>
         <load_address>0x27c</load_address>
         <run_address>0x27c</run_address>
         <size>0x145</size>
         <input_file_ref idref="fl-1e"/>
      </object_component>
      <object_component id="oc-2d">
         <name>.debug_abbrev</name>
         <load_address>0x3c1</load_address>
         <run_address>0x3c1</run_address>
         <size>0x26</size>
         <input_file_ref idref="fl-1f"/>
      </object_component>
      <object_component id="oc-33">
         <name>.debug_abbrev</name>
         <load_address>0x3e7</load_address>
         <run_address>0x3e7</run_address>
         <size>0x9f</size>
         <input_file_ref idref="fl-20"/>
      </object_component>
      <object_component id="oc-39">
         <name>.debug_abbrev</name>
         <load_address>0x486</load_address>
         <run_address>0x486</run_address>
         <size>0x1f8</size>
         <input_file_ref idref="fl-21"/>
      </object_component>
      <object_component id="oc-3d">
         <name>.debug_abbrev</name>
         <load_address>0x67e</load_address>
         <run_address>0x67e</run_address>
         <size>0xec</size>
         <input_file_ref idref="fl-22"/>
      </object_component>
      <object_component id="oc-41">
         <name>.debug_abbrev</name>
         <load_address>0x76a</load_address>
         <run_address>0x76a</run_address>
         <size>0xd5</size>
         <input_file_ref idref="fl-23"/>
      </object_component>
      <object_component id="oc-45">
         <name>.debug_abbrev</name>
         <load_address>0x83f</load_address>
         <run_address>0x83f</run_address>
         <size>0x44</size>
         <input_file_ref idref="fl-24"/>
      </object_component>
      <object_component id="oc-49">
         <name>.debug_abbrev</name>
         <load_address>0x883</load_address>
         <run_address>0x883</run_address>
         <size>0xb7</size>
         <input_file_ref idref="fl-25"/>
      </object_component>
      <object_component id="oc-4b">
         <name>.debug_abbrev</name>
         <load_address>0x93a</load_address>
         <run_address>0x93a</run_address>
         <size>0x68</size>
         <input_file_ref idref="fl-26"/>
      </object_component>
      <object_component id="oc-4f">
         <name>.debug_abbrev</name>
         <load_address>0x9a2</load_address>
         <run_address>0x9a2</run_address>
         <size>0x83</size>
         <input_file_ref idref="fl-27"/>
      </object_component>
      <object_component id="oc-53">
         <name>.debug_abbrev</name>
         <load_address>0xa25</load_address>
         <run_address>0xa25</run_address>
         <size>0x112</size>
         <input_file_ref idref="fl-28"/>
      </object_component>
      <object_component id="oc-57">
         <name>.debug_abbrev</name>
         <load_address>0xb37</load_address>
         <run_address>0xb37</run_address>
         <size>0xb5</size>
         <input_file_ref idref="fl-29"/>
      </object_component>
      <object_component id="oc-5b">
         <name>.debug_abbrev</name>
         <load_address>0xbec</load_address>
         <run_address>0xbec</run_address>
         <size>0x8f</size>
         <input_file_ref idref="fl-2a"/>
      </object_component>
      <object_component id="oc-5f">
         <name>.debug_abbrev</name>
         <load_address>0xc7b</load_address>
         <run_address>0xc7b</run_address>
         <size>0xb7</size>
         <input_file_ref idref="fl-2b"/>
      </object_component>
      <object_component id="oc-64">
         <name>.debug_abbrev</name>
         <load_address>0xd32</load_address>
         <run_address>0xd32</run_address>
         <size>0xc2</size>
         <input_file_ref idref="fl-2c"/>
      </object_component>
      <object_component id="oc-68">
         <name>.debug_abbrev</name>
         <load_address>0xdf4</load_address>
         <run_address>0xdf4</run_address>
         <size>0x103</size>
         <input_file_ref idref="fl-2d"/>
      </object_component>
      <object_component id="oc-6d">
         <name>.debug_abbrev</name>
         <load_address>0xef7</load_address>
         <run_address>0xef7</run_address>
         <size>0x140</size>
         <input_file_ref idref="fl-2e"/>
      </object_component>
      <object_component id="oc-71">
         <name>.debug_abbrev</name>
         <load_address>0x1037</load_address>
         <run_address>0x1037</run_address>
         <size>0x9a</size>
         <input_file_ref idref="fl-2f"/>
      </object_component>
      <object_component id="oc-75">
         <name>.debug_abbrev</name>
         <load_address>0x10d1</load_address>
         <run_address>0x10d1</run_address>
         <size>0xd0</size>
         <input_file_ref idref="fl-30"/>
      </object_component>
      <object_component id="oc-79">
         <name>.debug_abbrev</name>
         <load_address>0x11a1</load_address>
         <run_address>0x11a1</run_address>
         <size>0xb7</size>
         <input_file_ref idref="fl-31"/>
      </object_component>
      <object_component id="oc-7d">
         <name>.debug_abbrev</name>
         <load_address>0x1258</load_address>
         <run_address>0x1258</run_address>
         <size>0x38</size>
         <input_file_ref idref="fl-32"/>
      </object_component>
      <object_component id="oc-83">
         <name>.debug_abbrev</name>
         <load_address>0x1290</load_address>
         <run_address>0x1290</run_address>
         <size>0x225</size>
         <input_file_ref idref="fl-33"/>
      </object_component>
      <object_component id="oc-87">
         <name>.debug_abbrev</name>
         <load_address>0x14b5</load_address>
         <run_address>0x14b5</run_address>
         <size>0xec</size>
         <input_file_ref idref="fl-34"/>
      </object_component>
      <object_component id="oc-8b">
         <name>.debug_abbrev</name>
         <load_address>0x15a1</load_address>
         <run_address>0x15a1</run_address>
         <size>0xb7</size>
         <input_file_ref idref="fl-35"/>
      </object_component>
      <object_component id="oc-8f">
         <name>.debug_abbrev</name>
         <load_address>0x1658</load_address>
         <run_address>0x1658</run_address>
         <size>0x38</size>
         <input_file_ref idref="fl-36"/>
      </object_component>
      <object_component id="oc-93">
         <name>.debug_abbrev</name>
         <load_address>0x1690</load_address>
         <run_address>0x1690</run_address>
         <size>0xdc</size>
         <input_file_ref idref="fl-37"/>
      </object_component>
      <object_component id="oc-97">
         <name>.debug_abbrev</name>
         <load_address>0x176c</load_address>
         <run_address>0x176c</run_address>
         <size>0x81</size>
         <input_file_ref idref="fl-38"/>
      </object_component>
      <object_component id="oc-9b">
         <name>.debug_abbrev</name>
         <load_address>0x17ed</load_address>
         <run_address>0x17ed</run_address>
         <size>0xa6</size>
         <input_file_ref idref="fl-39"/>
      </object_component>
      <object_component id="oc-9f">
         <name>.debug_abbrev</name>
         <load_address>0x1893</load_address>
         <run_address>0x1893</run_address>
         <size>0xb5</size>
         <input_file_ref idref="fl-3a"/>
      </object_component>
      <object_component id="oc-a3">
         <name>.debug_abbrev</name>
         <load_address>0x1948</load_address>
         <run_address>0x1948</run_address>
         <size>0x8f</size>
         <input_file_ref idref="fl-3b"/>
      </object_component>
      <object_component id="oc-a8">
         <name>.debug_abbrev</name>
         <load_address>0x19d7</load_address>
         <run_address>0x19d7</run_address>
         <size>0x15a</size>
         <input_file_ref idref="fl-3c"/>
      </object_component>
      <object_component id="oc-ae">
         <name>.debug_abbrev</name>
         <load_address>0x1b31</load_address>
         <run_address>0x1b31</run_address>
         <size>0xde</size>
         <input_file_ref idref="fl-3d"/>
      </object_component>
      <object_component id="oc-b2">
         <name>.debug_abbrev</name>
         <load_address>0x1c0f</load_address>
         <run_address>0x1c0f</run_address>
         <size>0x38</size>
         <input_file_ref idref="fl-3e"/>
      </object_component>
      <object_component id="oc-b6">
         <name>.debug_abbrev</name>
         <load_address>0x1c47</load_address>
         <run_address>0x1c47</run_address>
         <size>0xd1</size>
         <input_file_ref idref="fl-3f"/>
      </object_component>
      <object_component id="oc-ba">
         <name>.debug_abbrev</name>
         <load_address>0x1d18</load_address>
         <run_address>0x1d18</run_address>
         <size>0xd4</size>
         <input_file_ref idref="fl-40"/>
      </object_component>
      <object_component id="oc-be">
         <name>.debug_abbrev</name>
         <load_address>0x1dec</load_address>
         <run_address>0x1dec</run_address>
         <size>0xa6</size>
         <input_file_ref idref="fl-41"/>
      </object_component>
      <object_component id="oc-c2">
         <name>.debug_abbrev</name>
         <load_address>0x1e92</load_address>
         <run_address>0x1e92</run_address>
         <size>0x136</size>
         <input_file_ref idref="fl-42"/>
      </object_component>
      <object_component id="oc-c6">
         <name>.debug_abbrev</name>
         <load_address>0x1fc8</load_address>
         <run_address>0x1fc8</run_address>
         <size>0x81</size>
         <input_file_ref idref="fl-43"/>
      </object_component>
      <object_component id="oc-ca">
         <name>.debug_abbrev</name>
         <load_address>0x2049</load_address>
         <run_address>0x2049</run_address>
         <size>0xd1</size>
         <input_file_ref idref="fl-44"/>
      </object_component>
      <object_component id="oc-ce">
         <name>.debug_abbrev</name>
         <load_address>0x211a</load_address>
         <run_address>0x211a</run_address>
         <size>0x10b</size>
         <input_file_ref idref="fl-45"/>
      </object_component>
      <object_component id="oc-d4">
         <name>.debug_abbrev</name>
         <load_address>0x2225</load_address>
         <run_address>0x2225</run_address>
         <size>0x1a2</size>
         <input_file_ref idref="fl-46"/>
      </object_component>
      <object_component id="oc-db">
         <name>.debug_abbrev</name>
         <load_address>0x23c7</load_address>
         <run_address>0x23c7</run_address>
         <size>0x1de</size>
         <input_file_ref idref="fl-47"/>
      </object_component>
      <object_component id="oc-df">
         <name>.debug_abbrev</name>
         <load_address>0x25a5</load_address>
         <run_address>0x25a5</run_address>
         <size>0x118</size>
         <input_file_ref idref="fl-48"/>
      </object_component>
      <object_component id="oc-e3">
         <name>.debug_abbrev</name>
         <load_address>0x26bd</load_address>
         <run_address>0x26bd</run_address>
         <size>0xbf</size>
         <input_file_ref idref="fl-49"/>
      </object_component>
      <object_component id="oc-10b">
         <name>.debug_abbrev</name>
         <load_address>0x277c</load_address>
         <run_address>0x277c</run_address>
         <size>0xd</size>
      </object_component>
   </object_component_list>
   <logical_group_list>
      <logical_group id="lg-103">
         <name>.text</name>
         <load_address>0x300</load_address>
         <run_address>0x300</run_address>
         <size>0x4128</size>
         <contents>
            <object_component_ref idref="oc-34"/>
            <object_component_ref idref="oc-7e"/>
            <object_component_ref idref="oc-a4"/>
            <object_component_ref idref="oc-d5"/>
            <object_component_ref idref="oc-50"/>
            <object_component_ref idref="oc-cf"/>
            <object_component_ref idref="oc-76"/>
            <object_component_ref idref="oc-b7"/>
            <object_component_ref idref="oc-46"/>
            <object_component_ref idref="oc-69"/>
            <object_component_ref idref="oc-90"/>
            <object_component_ref idref="oc-cb"/>
            <object_component_ref idref="oc-b3"/>
            <object_component_ref idref="oc-13"/>
            <object_component_ref idref="oc-bf"/>
            <object_component_ref idref="oc-ac"/>
            <object_component_ref idref="oc-65"/>
            <object_component_ref idref="oc-54"/>
            <object_component_ref idref="oc-84"/>
            <object_component_ref idref="oc-dc"/>
            <object_component_ref idref="oc-c3"/>
            <object_component_ref idref="oc-6e"/>
            <object_component_ref idref="oc-9c"/>
            <object_component_ref idref="oc-5c"/>
            <object_component_ref idref="oc-a9"/>
            <object_component_ref idref="oc-c7"/>
            <object_component_ref idref="oc-60"/>
            <object_component_ref idref="oc-3e"/>
            <object_component_ref idref="oc-26"/>
            <object_component_ref idref="oc-42"/>
            <object_component_ref idref="oc-3a"/>
            <object_component_ref idref="oc-98"/>
            <object_component_ref idref="oc-bb"/>
            <object_component_ref idref="oc-8c"/>
            <object_component_ref idref="oc-1f"/>
            <object_component_ref idref="oc-11"/>
            <object_component_ref idref="oc-58"/>
            <object_component_ref idref="oc-af"/>
            <object_component_ref idref="oc-88"/>
            <object_component_ref idref="oc-72"/>
            <object_component_ref idref="oc-a0"/>
            <object_component_ref idref="oc-7a"/>
            <object_component_ref idref="oc-2e"/>
            <object_component_ref idref="oc-94"/>
            <object_component_ref idref="oc-e0"/>
            <object_component_ref idref="oc-23"/>
            <object_component_ref idref="oc-2a"/>
         </contents>
      </logical_group>
      <split_section id="lg-2">
         <name>.text</name>
         <contents>
            <logical_group_ref idref="lg-103"/>
         </contents>
      </split_section>
      <logical_group id="lg-3">
         <name>.stack</name>
         <run_address>0x6904</run_address>
         <size>0x2000</size>
         <contents>
            <object_component_ref idref="oc-1b"/>
            <object_component_ref idref="oc-ff"/>
         </contents>
      </logical_group>
      <logical_group id="lg-4">
         <name>.sysstack</name>
         <run_address>0xa904</run_address>
         <size>0x1000</size>
         <contents>
            <object_component_ref idref="oc-e4"/>
            <object_component_ref idref="oc-101"/>
         </contents>
      </logical_group>
      <logical_group id="lg-5">
         <name>.csldata</name>
         <run_address>0x0</run_address>
         <size>0x0</size>
         <contents>
         </contents>
      </logical_group>
      <logical_group id="lg-6">
         <name>.data</name>
         <run_address>0x300</run_address>
         <size>0x0</size>
         <contents>
         </contents>
      </logical_group>
      <logical_group id="lg-104">
         <name>.bss.1</name>
         <run_address>0x4428</run_address>
         <size>0x23da</size>
         <contents>
            <object_component_ref idref="oc-14"/>
            <object_component_ref idref="oc-d0"/>
            <object_component_ref idref="oc-4c"/>
            <object_component_ref idref="oc-a5"/>
         </contents>
      </logical_group>
      <logical_group id="lg-105">
         <name>.bss.2</name>
         <run_address>0x6804</run_address>
         <size>0xe2</size>
         <contents>
            <object_component_ref idref="oc-7f"/>
         </contents>
      </logical_group>
      <logical_group id="lg-106">
         <name>.bss.3</name>
         <run_address>0x68e8</run_address>
         <size>0x1c</size>
         <contents>
            <object_component_ref idref="oc-d6"/>
            <object_component_ref idref="oc-2f"/>
            <object_component_ref idref="oc-20"/>
         </contents>
      </logical_group>
      <split_section id="lg-7">
         <name>.bss</name>
         <contents>
            <logical_group_ref idref="lg-104"/>
            <logical_group_ref idref="lg-105"/>
            <logical_group_ref idref="lg-106"/>
         </contents>
      </split_section>
      <logical_group id="lg-107">
         <name>.const.1</name>
         <load_address>0xc1d4</load_address>
         <run_address>0xc1d4</run_address>
         <size>0x202</size>
         <contents>
            <object_component_ref idref="oc-e5"/>
         </contents>
      </logical_group>
      <logical_group id="lg-108">
         <name>.const.2</name>
         <load_address>0xc3d8</load_address>
         <run_address>0xc3d8</run_address>
         <size>0x76</size>
         <contents>
            <object_component_ref idref="oc-37"/>
            <object_component_ref idref="oc-36"/>
            <object_component_ref idref="oc-e6"/>
            <object_component_ref idref="oc-17"/>
         </contents>
      </logical_group>
      <logical_group id="lg-109">
         <name>.const.3</name>
         <load_address>0xc450</load_address>
         <run_address>0xc450</run_address>
         <size>0x8</size>
         <contents>
            <object_component_ref idref="oc-6b"/>
            <object_component_ref idref="oc-62"/>
         </contents>
      </logical_group>
      <split_section id="lg-8">
         <name>.const</name>
         <contents>
            <logical_group_ref idref="lg-107"/>
            <logical_group_ref idref="lg-108"/>
            <logical_group_ref idref="lg-109"/>
         </contents>
      </split_section>
      <logical_group id="lg-9">
         <name>.sysmem</name>
         <run_address>0x8904</run_address>
         <size>0x2000</size>
         <contents>
            <object_component_ref idref="oc-d9"/>
            <object_component_ref idref="oc-100"/>
         </contents>
      </logical_group>
      <logical_group id="lg-a">
         <name>.switch</name>
         <run_address>0x0</run_address>
         <size>0x0</size>
         <contents>
         </contents>
      </logical_group>
      <logical_group id="lg-b">
         <name>.cinit</name>
         <load_address>0xb904</load_address>
         <run_address>0xb904</run_address>
         <size>0x8ce</size>
         <contents>
            <object_component_ref idref="oc-16"/>
            <object_component_ref idref="oc-81"/>
            <object_component_ref idref="oc-4e"/>
            <object_component_ref idref="oc-31"/>
            <object_component_ref idref="oc-22"/>
            <object_component_ref idref="oc-d2"/>
            <object_component_ref idref="oc-d8"/>
         </contents>
      </logical_group>
      <logical_group id="lg-c">
         <name>.pinit</name>
         <run_address>0x0</run_address>
         <size>0x0</size>
         <contents>
         </contents>
      </logical_group>
      <logical_group id="lg-d">
         <name>.cio</name>
         <run_address>0xc458</run_address>
         <size>0x240</size>
         <contents>
            <object_component_ref idref="oc-ab"/>
         </contents>
      </logical_group>
      <logical_group id="lg-e">
         <name>.args</name>
         <run_address>0x0</run_address>
         <size>0x0</size>
         <contents>
         </contents>
      </logical_group>
      <logical_group id="lg-f">
         <name>vectors</name>
         <load_address>0xfe00</load_address>
         <run_address>0xfe00</run_address>
         <size>0x100</size>
         <contents>
            <object_component_ref idref="oc-12"/>
         </contents>
      </logical_group>
      <logical_group id="lg-10">
         <name>.ioport</name>
         <run_address>0x0</run_address>
         <size>0x0</size>
         <contents>
         </contents>
      </logical_group>
      <logical_group id="lg-f6">
         <name>.debug_info</name>
         <load_address>0x0</load_address>
         <run_address>0x0</run_address>
         <size>0x13f59</size>
         <contents>
            <object_component_ref idref="oc-15"/>
            <object_component_ref idref="oc-1c"/>
            <object_component_ref idref="oc-21"/>
            <object_component_ref idref="oc-27"/>
            <object_component_ref idref="oc-2b"/>
            <object_component_ref idref="oc-30"/>
            <object_component_ref idref="oc-35"/>
            <object_component_ref idref="oc-3b"/>
            <object_component_ref idref="oc-3f"/>
            <object_component_ref idref="oc-43"/>
            <object_component_ref idref="oc-47"/>
            <object_component_ref idref="oc-4a"/>
            <object_component_ref idref="oc-4d"/>
            <object_component_ref idref="oc-51"/>
            <object_component_ref idref="oc-55"/>
            <object_component_ref idref="oc-59"/>
            <object_component_ref idref="oc-5d"/>
            <object_component_ref idref="oc-61"/>
            <object_component_ref idref="oc-66"/>
            <object_component_ref idref="oc-6a"/>
            <object_component_ref idref="oc-6f"/>
            <object_component_ref idref="oc-73"/>
            <object_component_ref idref="oc-77"/>
            <object_component_ref idref="oc-7b"/>
            <object_component_ref idref="oc-80"/>
            <object_component_ref idref="oc-85"/>
            <object_component_ref idref="oc-89"/>
            <object_component_ref idref="oc-8d"/>
            <object_component_ref idref="oc-91"/>
            <object_component_ref idref="oc-95"/>
            <object_component_ref idref="oc-99"/>
            <object_component_ref idref="oc-9d"/>
            <object_component_ref idref="oc-a1"/>
            <object_component_ref idref="oc-a6"/>
            <object_component_ref idref="oc-aa"/>
            <object_component_ref idref="oc-b0"/>
            <object_component_ref idref="oc-b4"/>
            <object_component_ref idref="oc-b8"/>
            <object_component_ref idref="oc-bc"/>
            <object_component_ref idref="oc-c0"/>
            <object_component_ref idref="oc-c4"/>
            <object_component_ref idref="oc-c8"/>
            <object_component_ref idref="oc-cc"/>
            <object_component_ref idref="oc-d1"/>
            <object_component_ref idref="oc-d7"/>
            <object_component_ref idref="oc-dd"/>
            <object_component_ref idref="oc-e1"/>
            <object_component_ref idref="oc-10a"/>
         </contents>
      </logical_group>
      <logical_group id="lg-f8">
         <name>.debug_frame</name>
         <load_address>0x0</load_address>
         <run_address>0x0</run_address>
         <size>0x18c</size>
         <contents>
            <object_component_ref idref="oc-18"/>
         </contents>
      </logical_group>
      <logical_group id="lg-fa">
         <name>.debug_line</name>
         <load_address>0x0</load_address>
         <run_address>0x0</run_address>
         <size>0x1520</size>
         <contents>
            <object_component_ref idref="oc-19"/>
            <object_component_ref idref="oc-1d"/>
            <object_component_ref idref="oc-24"/>
            <object_component_ref idref="oc-28"/>
            <object_component_ref idref="oc-2c"/>
            <object_component_ref idref="oc-32"/>
            <object_component_ref idref="oc-38"/>
            <object_component_ref idref="oc-3c"/>
            <object_component_ref idref="oc-40"/>
            <object_component_ref idref="oc-44"/>
            <object_component_ref idref="oc-48"/>
            <object_component_ref idref="oc-52"/>
            <object_component_ref idref="oc-56"/>
            <object_component_ref idref="oc-5a"/>
            <object_component_ref idref="oc-5e"/>
            <object_component_ref idref="oc-63"/>
            <object_component_ref idref="oc-67"/>
            <object_component_ref idref="oc-6c"/>
            <object_component_ref idref="oc-70"/>
            <object_component_ref idref="oc-74"/>
            <object_component_ref idref="oc-78"/>
            <object_component_ref idref="oc-7c"/>
            <object_component_ref idref="oc-82"/>
            <object_component_ref idref="oc-86"/>
            <object_component_ref idref="oc-8a"/>
            <object_component_ref idref="oc-8e"/>
            <object_component_ref idref="oc-92"/>
            <object_component_ref idref="oc-96"/>
            <object_component_ref idref="oc-9a"/>
            <object_component_ref idref="oc-9e"/>
            <object_component_ref idref="oc-a2"/>
            <object_component_ref idref="oc-a7"/>
            <object_component_ref idref="oc-ad"/>
            <object_component_ref idref="oc-b1"/>
            <object_component_ref idref="oc-b5"/>
            <object_component_ref idref="oc-b9"/>
            <object_component_ref idref="oc-bd"/>
            <object_component_ref idref="oc-c1"/>
            <object_component_ref idref="oc-c5"/>
            <object_component_ref idref="oc-c9"/>
            <object_component_ref idref="oc-cd"/>
            <object_component_ref idref="oc-d3"/>
            <object_component_ref idref="oc-da"/>
            <object_component_ref idref="oc-de"/>
            <object_component_ref idref="oc-e2"/>
         </contents>
      </logical_group>
      <logical_group id="lg-fc">
         <name>.debug_abbrev</name>
         <load_address>0x0</load_address>
         <run_address>0x0</run_address>
         <size>0x2789</size>
         <contents>
            <object_component_ref idref="oc-1a"/>
            <object_component_ref idref="oc-1e"/>
            <object_component_ref idref="oc-25"/>
            <object_component_ref idref="oc-29"/>
            <object_component_ref idref="oc-2d"/>
            <object_component_ref idref="oc-33"/>
            <object_component_ref idref="oc-39"/>
            <object_component_ref idref="oc-3d"/>
            <object_component_ref idref="oc-41"/>
            <object_component_ref idref="oc-45"/>
            <object_component_ref idref="oc-49"/>
            <object_component_ref idref="oc-4b"/>
            <object_component_ref idref="oc-4f"/>
            <object_component_ref idref="oc-53"/>
            <object_component_ref idref="oc-57"/>
            <object_component_ref idref="oc-5b"/>
[...]
         <value>0x8904</value>
      </symbol>
      <symbol id="sm-b">
         <name>__SYSMEM_SIZE</name>
         <value>0x2000</value>
      </symbol>
      <symbol id="sm-c">
         <name>___c_args__</name>
         <value>0xffffffff</value>
      </symbol>
      <symbol id="sm-d">
         <name>__SYSSTACK_SIZE</name>
         <value>0x1000</value>
      </symbol>
      <symbol id="sm-e">
         <name>.text</name>
         <value>0xffffffff</value>
      </symbol>
      <symbol id="sm-f">
         <name>___text__</name>
         <value>0xffffffff</value>
      </symbol>
      <symbol id="sm-10">
         <name>etext</name>
         <value>0xffffffff</value>
      </symbol>
      <symbol id="sm-11">
         <name>___etext__</name>
         <value>0xffffffff</value>
      </symbol>
      <symbol id="sm-12">
         <name>.data</name>
         <value>0xffffffff</value>
      </symbol>
      <symbol id="sm-13">
         <name>___data__</name>
         <value>0xffffffff</value>
      </symbol>
      <symbol id="sm-14">
         <name>edata</name>
         <value>0xffffffff</value>
      </symbol>
      <symbol id="sm-15">
         <name>___edata__</name>
         <value>0xffffffff</value>
      </symbol>
      <symbol id="sm-16">
         <name>.bss</name>
         <value>0xffffffff</value>
      </symbol>
      <symbol id="sm-17">
         <name>___bss__</name>
         <value>0xffffffff</value>
      </symbol>
      <symbol id="sm-18">
         <name>end</name>
         <value>0xffffffff</value>
      </symbol>
      <symbol id="sm-19">
         <name>___end__</name>
         <value>0xffffffff</value>
      </symbol>
      <symbol id="sm-5e">
         <name>_soma</name>
         <value>0x3984</value>
         <object_component_ref idref="oc-13"/>
      </symbol>
      <symbol id="sm-5f">
         <name>_main</name>
         <value>0x3923</value>
         <object_component_ref idref="oc-13"/>
      </symbol>
      <symbol id="sm-60">
         <name>_FFT_function</name>
         <value>0x3962</value>
         <object_component_ref idref="oc-13"/>
      </symbol>
      <symbol id="sm-61">
         <name>_sat16</name>
         <value>0x399c</value>
         <object_component_ref idref="oc-13"/>
      </symbol>
      <symbol id="sm-62">
         <name>_CalcBin</name>
         <value>0x3979</value>
         <object_component_ref idref="oc-13"/>
      </symbol>
      <symbol id="sm-63">
         <name>_zerarBuffers</name>
         <value>0x3936</value>
         <object_component_ref idref="oc-13"/>
      </symbol>
      <symbol id="sm-64">
         <name>_samples</name>
         <value>0x542e</value>
         <object_component_ref idref="oc-14"/>
      </symbol>
      <symbol id="sm-65">
         <name>_maxOut</name>
         <value>0x542c</value>
         <object_component_ref idref="oc-14"/>
      </symbol>
      <symbol id="sm-66">
         <name>_maxIn</name>
         <value>0x542a</value>
         <object_component_ref idref="oc-14"/>
      </symbol>
      <symbol id="sm-67">
         <name>_q_mul</name>
         <value>0x39c7</value>
         <object_component_ref idref="oc-13"/>
      </symbol>
      <symbol id="sm-68">
         <name>_outSample</name>
         <value>0x4428</value>
         <object_component_ref idref="oc-14"/>
      </symbol>
      <symbol id="sm-69">
         <name>_buffer</name>
         <value>0x5428</value>
         <object_component_ref idref="oc-14"/>
      </symbol>
      <symbol id="sm-75">
         <name>__sysstack</name>
         <value>0xa904</value>
         <object_component_ref idref="oc-e4"/>
      </symbol>
      <symbol id="sm-76">
         <name>_c_int00</name>
         <value>0x4306</value>
         <object_component_ref idref="oc-11"/>
      </symbol>
      <symbol id="sm-77">
         <name>__stack</name>
         <value>0x6904</value>
         <object_component_ref idref="oc-1b"/>
      </symbol>
      <symbol id="sm-87">
         <name>C$$EXIT</name>
         <value>0x441f</value>
         <object_component_ref idref="oc-23"/>
      </symbol>
      <symbol id="sm-88">
         <name>_exit</name>
         <value>0x42c8</value>
         <object_component_ref idref="oc-1f"/>
      </symbol>
      <symbol id="sm-89">
         <name>_abort</name>
         <value>0x441e</value>
         <object_component_ref idref="oc-23"/>
      </symbol>
      <symbol id="sm-8a">
         <name>__cleanup_ptr</name>
         <value>0x68fc</value>
         <object_component_ref idref="oc-20"/>
      </symbol>
      <symbol id="sm-8b">
         <name>__dtors_ptr</name>
         <value>0x6900</value>
         <object_component_ref idref="oc-20"/>
      </symbol>
      <symbol id="sm-95">
         <name>_printf</name>
         <value>0x410e</value>
         <object_component_ref idref="oc-26"/>
      </symbol>
      <symbol id="sm-9f">
         <name>_Reset</name>
         <value>0xfe00</value>
         <object_component_ref idref="oc-12"/>
      </symbol>
      <symbol id="sm-ad">
         <name>__unlock</name>
         <value>0x68f8</value>
         <object_component_ref idref="oc-2f"/>
      </symbol>
      <symbol id="sm-ae">
         <name>__lock</name>
         <value>0x68f4</value>
         <object_component_ref idref="oc-2f"/>
      </symbol>
      <symbol id="sm-af">
         <name>__register_lock</name>
         <value>0x43fa</value>
         <object_component_ref idref="oc-2e"/>
      </symbol>
      <symbol id="sm-b0">
         <name>__nop</name>
         <value>0x4402</value>
         <object_component_ref idref="oc-2e"/>
      </symbol>
      <symbol id="sm-b1">
         <name>__register_unlock</name>
         <value>0x43f2</value>
         <object_component_ref idref="oc-2e"/>
      </symbol>
      <symbol id="sm-c3">
         <name>__printfi</name>
         <value>0x1662</value>
         <object_component_ref idref="oc-34"/>
      </symbol>
      <symbol id="sm-cd">
         <name>__args_main</name>
         <value>0x41ab</value>
         <object_component_ref idref="oc-3a"/>
      </symbol>
      <symbol id="sm-ce">
         <name>__TI_args_main</name>
         <value>0x1</value>
      </symbol>
      <symbol id="sm-d8">
         <name>_atoi</name>
         <value>0x40b2</value>
         <object_component_ref idref="oc-3e"/>
      </symbol>
      <symbol id="sm-e0">
         <name>_auto_init</name>
         <value>0x415e</value>
         <object_component_ref idref="oc-42"/>
      </symbol>
      <symbol id="sm-ea">
         <name>__eqld</name>
         <value>0x3425</value>
         <object_component_ref idref="oc-46"/>
      </symbol>
      <symbol id="sm-eb">
         <name>__cmpd</name>
         <value>0x3459</value>
         <object_component_ref idref="oc-46"/>
      </symbol>
      <symbol id="sm-ec">
         <name>__neqd</name>
         <value>0x32c7</value>
         <object_component_ref idref="oc-46"/>
      </symbol>
      <symbol id="sm-ed">
         <name>__gtrd</name>
         <value>0x3390</value>
         <object_component_ref idref="oc-46"/>
      </symbol>
      <symbol id="sm-ee">
         <name>__geqd</name>
         <value>0x33db</value>
         <object_component_ref idref="oc-46"/>
      </symbol>
      <symbol id="sm-ef">
         <name>__leqd</name>
         <value>0x3343</value>
         <object_component_ref idref="oc-46"/>
      </symbol>
      <symbol id="sm-f0">
         <name>__lssd</name>
         <value>0x32fb</value>
         <object_component_ref idref="oc-46"/>
      </symbol>
      <symbol id="sm-f8">
         <name>__ctypes_</name>
         <value>0xc1d4</value>
         <object_component_ref idref="oc-e5"/>
      </symbol>
      <symbol id="sm-102">
         <name>__tmpnams</name>
         <value>0x6520</value>
         <object_component_ref idref="oc-4c"/>
      </symbol>
      <symbol id="sm-103">
         <name>__ft_end</name>
         <value>0x6660</value>
         <object_component_ref idref="oc-4c"/>
      </symbol>
      <symbol id="sm-104">
         <name>__ftable</name>
         <value>0x6430</value>
         <object_component_ref idref="oc-4c"/>
      </symbol>
      <symbol id="sm-110">
         <name>__divd</name>
         <value>0x27c4</value>
         <object_component_ref idref="oc-50"/>
      </symbol>
      <symbol id="sm-11b">
         <name>__divul</name>
         <value>0x3c10</value>
         <object_component_ref idref="oc-54"/>
      </symbol>
      <symbol id="sm-125">
         <name>__fixdi</name>
         <value>0x433a</value>
         <object_component_ref idref="oc-58"/>
      </symbol>
      <symbol id="sm-12f">
         <name>__fixdli</name>
         <value>0x3f04</value>
         <object_component_ref idref="oc-5c"/>
      </symbol>
      <symbol id="sm-13b">
         <name>__fltlid</name>
         <value>0x404b</value>
         <object_component_ref idref="oc-60"/>
      </symbol>
      <symbol id="sm-145">
         <name>_putchar</name>
         <value>0x3c01</value>
         <object_component_ref idref="oc-65"/>
      </symbol>
      <symbol id="sm-146">
         <name>_putc</name>
         <value>0x3b6a</value>
         <object_component_ref idref="oc-65"/>
      </symbol>
      <symbol id="sm-147">
         <name>_fputc</name>
         <value>0x3b6a</value>
         <object_component_ref idref="oc-65"/>
      </symbol>
      <symbol id="sm-155">
         <name>_puts</name>
         <value>0x35e6</value>
         <object_component_ref idref="oc-69"/>
      </symbol>
      <symbol id="sm-156">
         <name>_fputs</name>
         <value>0x34b1</value>
         <object_component_ref idref="oc-69"/>
      </symbol>
      <symbol id="sm-160">
         <name>__frcmpyd_div</name>
         <value>0x3e1f</value>
         <object_component_ref idref="oc-6e"/>
      </symbol>
      <symbol id="sm-16a">
         <name>___isinf</name>
         <value>0x43b1</value>
         <object_component_ref idref="oc-72"/>
      </symbol>
      <symbol id="sm-174">
         <name>__divull</name>
         <value>0x2f44</value>
         <object_component_ref idref="oc-76"/>
      </symbol>
      <symbol id="sm-175">
         <name>__mpylli</name>
         <value>0x2e8c</value>
         <object_component_ref idref="oc-76"/>
      </symbol>
      <symbol id="sm-176">
         <name>__remlli</name>
         <value>0x2e5d</value>
         <object_component_ref idref="oc-76"/>
      </symbol>
      <symbol id="sm-177">
         <name>__divlli</name>
         <value>0x3038</value>
         <object_component_ref idref="oc-76"/>
      </symbol>
      <symbol id="sm-178">
         <name>__remull</name>
         <value>0x2e0f</value>
         <object_component_ref idref="oc-76"/>
      </symbol>
      <symbol id="sm-180">
         <name>__mpyli</name>
         <value>0x43df</value>
         <object_component_ref idref="oc-7a"/>
      </symbol>
      <symbol id="sm-181">
         <name>I$$LMPY</name>
         <value>0x43df</value>
         <object_component_ref idref="oc-7a"/>
      </symbol>
      <symbol id="sm-193">
         <name>_add_device</name>
         <value>0x1cf7</value>
         <object_component_ref idref="oc-7e"/>
      </symbol>
      <symbol id="sm-194">
         <name>_rename</name>
         <value>0x1a19</value>
         <object_component_ref idref="oc-7e"/>
      </symbol>
      <symbol id="sm-195">
         <name>_read</name>
         <value>0x1aa8</value>
         <object_component_ref idref="oc-7e"/>
      </symbol>
      <symbol id="sm-196">
         <name>_unlink</name>
         <value>0x19e6</value>
         <object_component_ref idref="oc-7e"/>
      </symbol>
      <symbol id="sm-197">
         <name>_remove_device</name>
         <value>0x1a72</value>
         <object_component_ref idref="oc-7e"/>
      </symbol>
      <symbol id="sm-198">
         <name>_open</name>
         <value>0x1b56</value>
         <object_component_ref idref="oc-7e"/>
      </symbol>
      <symbol id="sm-199">
         <name>_find_registered_device</name>
         <value>0x1c7b</value>
         <object_component_ref idref="oc-7e"/>
      </symbol>
      <symbol id="sm-19a">
         <name>_lseek</name>
         <value>0x1c15</value>
         <object_component_ref idref="oc-7e"/>
      </symbol>
      <symbol id="sm-19b">
         <name>_close</name>
         <value>0x1c84</value>
         <object_component_ref idref="oc-7e"/>
      </symbol>
      <symbol id="sm-19c">
         <name>_write</name>
         <value>0x18a4</value>
         <object_component_ref idref="oc-7e"/>
      </symbol>
      <symbol id="sm-1a6">
         <name>_ltoa</name>
         <value>0x3cb1</value>
         <object_component_ref idref="oc-84"/>
      </symbol>
      <symbol id="sm-1b1">
         <name>_memccpy</name>
         <value>0x438e</value>
         <object_component_ref idref="oc-88"/>
      </symbol>
      <symbol id="sm-1b9">
         <name>_memcpy</name>
         <value>0x4289</value>
         <object_component_ref idref="oc-8c"/>
      </symbol>
      <symbol id="sm-1c3">
         <name>__mpyd</name>
         <value>0x3614</value>
         <object_component_ref idref="oc-90"/>
      </symbol>
      <symbol id="sm-1cd">
         <name>__negd</name>
         <value>0x4404</value>
         <object_component_ref idref="oc-94"/>
      </symbol>
      <symbol id="sm-1d7">
         <name>__remli</name>
         <value>0x41f6</value>
         <object_component_ref idref="oc-98"/>
      </symbol>
      <symbol id="sm-1e2">
         <name>__remul</name>
         <value>0x3e92</value>
         <object_component_ref idref="oc-9c"/>
      </symbol>
      <symbol id="sm-1ec">
         <name>__subd</name>
         <value>0x43cb</value>
         <object_component_ref idref="oc-a0"/>
      </symbol>
      <symbol id="sm-1f8">
         <name>_HOSTopen</name>
         <value>0x20f2</value>
         <object_component_ref idref="oc-a4"/>
      </symbol>
      <symbol id="sm-1f9">
         <name>_HOSTread</name>
         <value>0x2065</value>
         <object_component_ref idref="oc-a4"/>
      </symbol>
      <symbol id="sm-1fa">
         <name>_HOSTtime</name>
         <value>0x1f59</value>
         <object_component_ref idref="oc-a4"/>
      </symbol>
      <symbol id="sm-1fb">
         <name>_getenv</name>
         <value>0x1de7</value>
         <object_component_ref idref="oc-a4"/>
      </symbol>
      <symbol id="sm-1fc">
         <name>_HOSTrename</name>
         <value>0x1fb7</value>
         <object_component_ref idref="oc-a4"/>
      </symbol>
      <symbol id="sm-1fd">
         <name>_HOSTclock</name>
         <value>0x22b1</value>
         <object_component_ref idref="oc-a4"/>
      </symbol>
      <symbol id="sm-1fe">
         <name>_HOSTwrite</name>
         <value>0x1e62</value>
         <object_component_ref idref="oc-a4"/>
      </symbol>
      <symbol id="sm-1ff">
         <name>_HOSTlseek</name>
         <value>0x2191</value>
         <object_component_ref idref="oc-a4"/>
      </symbol>
      <symbol id="sm-200">
         <name>_HOSTunlink</name>
         <value>0x1eef</value>
         <object_component_ref idref="oc-a4"/>
      </symbol>
      <symbol id="sm-201">
         <name>_HOSTclose</name>
         <value>0x2246</value>
         <object_component_ref idref="oc-a4"/>
      </symbol>
      <symbol id="sm-213">
         <name>C$$IO$$</name>
         <value>0x3b65</value>
         <object_component_ref idref="oc-ac"/>
      </symbol>
      <symbol id="sm-214">
         <name>__CIOBUF_</name>
         <value>0xc458</value>
         <object_component_ref idref="oc-ab"/>
      </symbol>
      <symbol id="sm-215">
         <name>_readmsg</name>
         <value>0x3f73</value>
         <object_component_ref idref="oc-a9"/>
      </symbol>
      <symbol id="sm-216">
         <name>_writemsg</name>
         <value>0x3ab0</value>
         <object_component_ref idref="oc-ac"/>
      </symbol>
      <symbol id="sm-21e">
         <name>__remu</name>
         <value>0x4379</value>
         <object_component_ref idref="oc-af"/>
      </symbol>
      <symbol id="sm-21f">
         <name>__divu</name>
         <value>0x4364</value>
         <object_component_ref idref="oc-af"/>
      </symbol>
      <symbol id="sm-220">
         <name>I$$UMOD</name>
         <value>0x4379</value>
         <object_component_ref idref="oc-af"/>
      </symbol>
      <symbol id="sm-221">
         <name>I$$UDIV</name>
         <value>0x4364</value>
         <object_component_ref idref="oc-af"/>
      </symbol>
      <symbol id="sm-22b">
         <name>__rd_ok</name>
         <value>0x38c6</value>
         <object_component_ref idref="oc-b3"/>
      </symbol>
      <symbol id="sm-22c">
         <name>__wrt_ok</name>
         <value>0x3846</value>
         <object_component_ref idref="oc-b3"/>
      </symbol>
      <symbol id="sm-236">
         <name>__addd</name>
         <value>0x306d</value>
         <object_component_ref idref="oc-b7"/>
      </symbol>
      <symbol id="sm-240">
         <name>__divli</name>
         <value>0x4241</value>
         <object_component_ref idref="oc-bb"/>
      </symbol>
      <symbol id="sm-24a">
         <name>__doflush</name>
         <value>0x39ee</value>
         <object_component_ref idref="oc-bf"/>
      </symbol>
      <symbol id="sm-24b">
         <name>_fflush</name>
         <value>0x3a57</value>
         <object_component_ref idref="oc-bf"/>
      </symbol>
      <symbol id="sm-255">
         <name>__frcmpyd</name>
         <value>0x3da9</value>
         <object_component_ref idref="oc-c3"/>
      </symbol>
      <symbol id="sm-25f">
         <name>_fseek</name>
         <value>0x3fe0</value>
         <object_component_ref idref="oc-c7"/>
      </symbol>
      <symbol id="sm-269">
         <name>_setvbuf</name>
         <value>0x3760</value>
         <object_component_ref idref="oc-cb"/>
      </symbol>
      <symbol id="sm-278">
         <name>__cleanup</name>
         <value>0x2cb1</value>
         <object_component_ref idref="oc-cf"/>
      </symbol>
      <symbol id="sm-279">
         <name>_fopen</name>
         <value>0x2dd4</value>
         <object_component_ref idref="oc-cf"/>
      </symbol>
      <symbol id="sm-27a">
         <name>_freopen</name>
         <value>0x2d0b</value>
         <object_component_ref idref="oc-cf"/>
      </symbol>
      <symbol id="sm-28a">
         <name>__sys_memory</name>
         <value>0x8904</value>
         <object_component_ref idref="oc-d9"/>
      </symbol>
      <symbol id="sm-28b">
         <name>_chkheap</name>
         <value>0x2796</value>
         <object_component_ref idref="oc-d5"/>
      </symbol>
      <symbol id="sm-28c">
         <name>_realloc</name>
         <value>0x2535</value>
         <object_component_ref idref="oc-d5"/>
      </symbol>
      <symbol id="sm-28d">
         <name>_free_memory</name>
         <value>0x2740</value>
         <object_component_ref idref="oc-d5"/>
      </symbol>
      <symbol id="sm-28e">
         <name>_max_free</name>
         <value>0x26e6</value>
         <object_component_ref idref="oc-d5"/>
      </symbol>
      <symbol id="sm-28f">
         <name>_free</name>
         <value>0x230f</value>
         <object_component_ref idref="oc-d5"/>
      </symbol>
      <symbol id="sm-290">
         <name>_calloc</name>
         <value>0x279e</value>
         <object_component_ref idref="oc-d5"/>
      </symbol>
      <symbol id="sm-291">
         <name>_malloc</name>
         <value>0x2440</value>
         <object_component_ref idref="oc-d5"/>
      </symbol>
      <symbol id="sm-292">
         <name>_minit</name>
         <value>0x23db</value>
         <object_component_ref idref="oc-d5"/>
      </symbol>
      <symbol id="sm-29c">
         <name>_fclose</name>
         <value>0x3d2e</value>
         <object_component_ref idref="oc-dc"/>
      </symbol>
      <symbol id="sm-2a6">
         <name>_remove</name>
         <value>0x4414</value>
         <object_component_ref idref="oc-e0"/>
      </symbol>
   </symbol_table>
</link_info>
