******************************************************************************
              TMS320C55x Linker PC v4.3.8                      
******************************************************************************
>> Linked Thu Oct 27 12:02:14 2011

OUTPUT FILE NAME:   <aic3204.out>
ENTRY POINT SYMBOL: "_c_int00"  address: 0000535e


MEMORY CONFIGURATION

         name            origin    length      used     unused   attr    fill
                        (bytes)   (bytes)    (bytes)   (bytes)
----------------------  --------  ---------  --------  --------  ----  --------
PAGE 0:
  MMR                   00000000   000000c0  00000000  000000c0  RWIX
  BTRSVD                000000c0   00000240  00000000  00000240  RWIX
  DARAM                 00000300   0000fb00  0000b094  00004a6c  RWIX
  VECS                  0000fe00   00000200  00000100  00000100  RWIX
  CE0                   00010000   003f0000  00000000  003f0000  RWIX
  CE1                   00400000   00400000  00000000  00400000  RWIX
  CE2                   00800000   00400000  00000000  00400000  RWIX
  CE3                   00c00000   003f8000  00000000  003f8000  RWIX
  PDROM                 00ff8000   00008000  00000000  00008000  R IX

PAGE 2:
  IOPORT                00000000   00020000  00000000  00020000  RWI 


SECTION ALLOCATION MAP
(Addresses surrounded by []'s are displayed for convenience only!)

output                                                          attributes/
section   page  orgn(bytes) orgn(words) len(bytes) len(words)   input sections
--------  ----  ----------- ----------- ---------- ----------   --------------
.text        0     00000300  [ 00000180 ] 000051d0          *   
                   00000300  [ 00000180 ] 00001598          *   rts55x.lib : _printfi.obj (.text)
                   00001898  [ 00000c4c ] 00000543          *              : lowlev.obj (.text)
                   00001ddb  [ 00000eed+] 00000528          *              : trgdrv.obj (.text)
                   00002303  [ 00001181+] 000004b5          *              : memory.obj (.text)
                   000027b8  [ 000013dc ] 0000036c          *              : divd.obj (.text)
                   00002b24  [ 00001592 ] 0000027f          *              : fopen.obj (.text)
                   00002da3  [ 000016d1 ] 00000001          *   --HOLE-- [fill = 20]
                   00002da4  [ 000016d2 ] 00000261          *   csl5502x.lib : mcbsp_rst.obj (.text:MCBSP_reset)
                   00003005  [ 00001802+] 0000025e          *   rts55x.lib : llmpy.obj (.text)
                   00003263  [ 00001931+] 00000259          *              : addd.obj (.text)
                   000034bc  [ 00001a5e ] 00000249          *   aic3204_loop_linein.obj (.text)
                   00003705  [ 00001b82+] 00000249          *   aic3204_tone_headphone.obj (.text)
                   0000394e  [ 00001ca7 ] 000001ea          *   rts55x.lib : cmpd.obj (.text)
                   00003b38  [ 00001d9c ] 0000018e          *   csl5502x.lib : i2c_write.obj (.text:I2C_write)
                   00003cc6  [ 00001e63 ] 00000163          *   rts55x.lib : fputs.obj (.text)
                   00003e29  [ 00001f14+] 00000002          *              : vectors.obj (.text)
                   00003e2b  [ 00001f15 ] 00000001          *   --HOLE-- [fill = 20]
                   00003e2c  [ 00001f16 ] 0000015d          *   csl5502x.lib : i2c_read.obj (.text:I2C_read)
                   00003f89  [ 00001fc4+] 0000014e          *   ezdsp5502bsl.lib : ezdsp5502_i2cgpio.obj (.text)
                   000040d7  [ 0000206b+] 0000014c          *   rts55x.lib : mpyd.obj (.text)
                   00004223  [ 00002111 ] 00000001          *   --HOLE-- [fill = 20]
                   00004224  [ 00002112 ] 00000130          *   csl5502x.lib : mcbsp_cfg.obj (.text:MCBSP_config)
                   00004354  [ 000021aa ] 000000ee          *                : mcbsp_open.obj (.text:MCBSP_open)
                   00004442  [ 00002221 ] 000000e6          *   rts55x.lib : setvbuf.obj (.text)
                   00004528  [ 00002294 ] 000000dd          *              : _io_perm.obj (.text)
                   00004605  [ 00002302+] 000000d5          *   aic3204_test.obj (.text)
                   000046da  [ 0000236d ] 000000c8          *   rts55x.lib : frcmpyd_div.obj (.text)
                   000047a2  [ 000023d1 ] 000000c2          *              : fflush.obj (.text)
                   00004864  [ 00002432 ] 000000ba          *              : trgmsg.obj (.text:CIO_breakpoint)
                   0000491e  [ 0000248f ] 000000ba          *   ezdsp5502bsl.lib : ezdsp5502_mcbsp.obj (.text)
                   000049d8  [ 000024ec ] 000000a6          *   rts55x.lib : fputc.obj (.text)
                   00004a7e  [ 0000253f ] 000000a1          *              : divul.obj (.text)
                   00004b1f  [ 0000258f ] 00000001          *   --HOLE-- [fill = 20]
                   00004b20  [ 00002590 ] 00000082          *   csl5502x.lib : mcbsp_start.obj (.text:MCBSP_start)
                   00004ba2  [ 000025d1 ] 0000007d          *   rts55x.lib : ltoa.obj (.text)
                   00004c1f  [ 0000260f+] 0000007b          *              : fclose.obj (.text)
                   00004c9a  [ 0000264d ] 00000076          *              : frcmpyd.obj (.text)
                   00004d10  [ 00002688 ] 00000072          *   csl5502x.lib : i2c_cfg.obj (.text:I2C_config)
                   00004d82  [ 000026c1 ] 00000072          *   rts55x.lib : remul.obj (.text)
                   00004df4  [ 000026fa ] 0000006f          *   ezdsp5502bsl.lib : ezdsp5502.obj (.text)
                   00004e63  [ 00002731+] 0000006f          *   rts55x.lib : fixdli.obj (.text)
                   00004ed2  [ 00002769 ] 0000006d          *   ezdsp5502bsl.lib : ezdsp5502_i2c.obj (.text)
                   00004f3f  [ 0000279f+] 0000006d          *   rts55x.lib : trgmsg.obj (.text)
                   00004fac  [ 000027d6 ] 0000006b          *              : fseek.obj (.text)
                   00005017  [ 0000280b+] 00000067          *              : fltlid.obj (.text)
                   0000507e  [ 0000283f ] 0000005c          *              : atoi.obj (.text)
                   000050da  [ 0000286d ] 00000055          *   main.obj (.text)
                   0000512f  [ 00002897+] 00000050          *   rts55x.lib : printf.obj (.text)
                   0000517f  [ 000028bf+] 0000004d          *              : autoinit.obj (.text)
                   000051cc  [ 000028e6 ] 0000004b          *              : args_main.obj (.text)
                   00005217  [ 0000290b+] 0000004b          *              : remli.obj (.text)
                   00005262  [ 00002931 ] 00000048          *              : divli.obj (.text)
                   000052aa  [ 00002955 ] 0000003f          *              : memcpy.obj (.text)
                   000052e9  [ 00002974+] 0000003e          *              : exit.obj (.text)
                   00005327  [ 00002993 ] 00000001          *   --HOLE-- [fill = 20]
                   00005328  [ 00002994 ] 00000036          *   csl5502x.lib : mcbsp_cls.obj (.text:MCBSP_close)
                   0000535e  [ 000029af ] 00000034          *   rts55x.lib : boot.obj (.text)
                   00005392  [ 000029c9 ] 0000002a          *              : fixdi.obj (.text)
                   000053bc  [ 000029de ] 0000002a          *              : udiv.obj (.text)
                   000053e6  [ 000029f3 ] 00000023          *              : memccpy.obj (.text)
                   00005409  [ 00002a04+] 0000001c          *              : isinf.obj (.text)
                   00005425  [ 00002a12+] 00000014          *              : subd.obj (.text)
                   00005439  [ 00002a1c+] 00000013          *              : lmpy.obj (.text)
                   0000544c  [ 00002a26 ] 00000012          *              : _lock.obj (.text)
                   0000545e  [ 00002a2f ] 00000010          *              : negd.obj (.text)
                   0000546e  [ 00002a37 ] 00000002          *   --HOLE-- [fill = 20]
                   00005470  [ 00002a38 ] 0000000f          *   csl5502x.lib : irq_gdisab.obj (.text:IRQ_globalDisable)
                   0000547f  [ 00002a3f ] 00000001          *   --HOLE-- [fill = 20]
                   00005480  [ 00002a40 ] 0000000d          *                : _csl_init.obj (.text:_CSL_init)
                   0000548d  [ 00002a46 ] 00000003          *   --HOLE-- [fill = 20]
                   00005490  [ 00002a48 ] 0000000c          *                : csl.obj (.text:CSL_init)
                   0000549c  [ 00002a4e ] 0000000c          *                : irq_grest.obj (.text:IRQ_globalRestore)
                   000054a8  [ 00002a54 ] 0000000a          *   rts55x.lib : remove.obj (.text)
                   000054b2  [ 00002a59 ] 00000007          *              : exit.obj (.text:CIO_breakpoint)
                   000054b9  [ 00002a5c ] 00000003          *   --HOLE-- [fill = 20]
                   000054bc  [ 00002a5e ] 00000007          *   csl5502x.lib : mcbsp_r16.obj (.text:MCBSP_read16)
                   000054c3  [ 00002a61 ] 00000001          *   --HOLE-- [fill = 20]
                   000054c4  [ 00002a62 ] 00000007          *                : mcbsp_w16.obj (.text:MCBSP_write16)
                   000054cb  [ 00002a65 ] 00000001          *   --HOLE-- [fill = 20]
                   000054cc  [ 00002a66 ] 00000002          *                : csl.obj (.text)
                   000054ce  [ 00002a67 ] 00000002          *   --HOLE-- [fill = 20]

.data        0   [ 00000300 ]  00000180          *   00000000   

.pinit       0   [ 00000300 ]  00000180          *   00000000   

.stack       0   [ 000054e0 ]  00002a70          *   00001000   
                 [ 000054e0 ]  00002a70          *   00001000   --HOLE-- [fill = 00]

.sysmem      0   [ 000074e0 ]  00003a70          *   00001000   UNINITIALIZED
                 [ 000074e0 ]  00003a70          *   00001000   --HOLE--

.sysstack 
*            0   [ 000094e0 ]  00004a70          *   00000800   
                 [ 000094e0 ]  00004a70          *   00000800   --HOLE-- [fill = 00]

.bss         0   [ 0000a4e0 ]  00005270          *   0000026c   
                 [ 0000a4e0 ]  00005270          *   00000119   rts55x.lib : defs.obj (.bss) [fill = 00]
                 [ 0000a712 ]  00005389          *   000000d0              : trgdrv.obj (.bss) [fill = 00]
                 [ 0000a8b2 ]  00005459          *   00000001   main.obj (.bss) [fill = 00]
                 [ 0000a8b4 ]  0000545a          *   00000071   rts55x.lib : lowlev.obj (.bss) [fill = 00]
                 [ 0000a996 ]  000054cb          *   00000001              : fopen.obj (.bss) [fill = 00]
                 [ 0000a998 ]  000054cc          *   00000006              : memory.obj (.bss) [fill = 00]
                 [ 0000a9a4 ]  000054d2          *   00000004              : _lock.obj (.bss) [fill = 00]
                 [ 0000a9ac ]  000054d6          *   00000004              : exit.obj (.bss) [fill = 00]
                 [ 0000a9b4 ]  000054da          *   00000002   ezdsp5502bsl.lib : ezdsp5502_mcbsp.obj (.bss) [fill = 00]

.const       0   [ 0000a9c0 ]  000054e0          *   00000248   
                 [ 0000a9c0 ]  000054e0          *   00000101   rts55x.lib : ctype.obj (.const:__ctypes_)
                 [ 0000abc2 ]  000055e1          *   00000001   --HOLE-- [fill = 00]
                 [ 0000abc4 ]  000055e2          *   00000061   main.obj (.const:.string)
                 [ 0000ac86 ]  00005643          *   00000001   --HOLE-- [fill = 00]
                 [ 0000ac88 ]  00005644          *   0000004f   aic3204_test.obj (.const:.string)
                 [ 0000ad26 ]  00005693          *   00000030   aic3204_tone_headphone.obj (.const:_$P$T0$1)
                 [ 0000ad86 ]  000056c3          *   00000001   --HOLE-- [fill = 00]
                 [ 0000ad88 ]  000056c4          *   00000024   rts55x.lib : _printfi.obj (.const:.string)
                 [ 0000add0 ]  000056e8          *   0000001b   ezdsp5502bsl.lib : ezdsp5502_mcbsp.obj (.const:_$P$T0$1)
                 [ 0000ae06 ]  00005703          *   00000001   --HOLE-- [fill = 00]
                 [ 0000ae08 ]  00005704          *   0000000c   rts55x.lib : _printfi.obj (.const)
                 [ 0000ae20 ]  00005710          *   0000000a   ezdsp5502bsl.lib : ezdsp5502_i2c.obj (.const:_$P$T0$1)
                 [ 0000ae34 ]  0000571a          *   00000008   rts55x.lib : divd.obj (.const:_initial_approx$1)
                 [ 0000ae44 ]  00005722          *   00000002              : fputs.obj (.const:.string)
                 [ 0000ae48 ]  00005724          *   00000002              : divd.obj (.const)
                 [ 0000ae4c ]  00005726          *   00000002              : fltlid.obj (.const)

.cio         0   [ 0000ae60 ]  00005730          *   00000120   
                 [ 0000ae60 ]  00005730          *   00000120   rts55x.lib : trgmsg.obj (.cio) [fill = 00]

.cinit       0   [ 0000b0a0 ]  00005850          *   00000106   
                 [ 0000b0a0 ]  00005850          *   00000069   csl5502x.lib : csl_mcbspdat.obj (.cinit)
                 [ 0000b172 ]  000058b9          *   0000002d   rts55x.lib : lowlev.obj (.cinit)
                 [ 0000b1cc ]  000058e6          *   0000002a              : defs.obj (.cinit)
                 [ 0000b220 ]  00005910          *   00000025   csl5502x.lib : csl_csldat.obj (.cinit)
                 [ 0000b26a ]  00005935          *   0000000a   rts55x.lib : _lock.obj (.cinit)
                 [ 0000b27e ]  0000593f          *   0000000a              : exit.obj (.cinit)
                 [ 0000b292 ]  00005949          *   00000004   main.obj (.cinit)
                 [ 0000b29a ]  0000594d          *   00000004   rts55x.lib : fopen.obj (.cinit)
                 [ 0000b2a2 ]  00005951          *   00000004              : memory.obj (.cinit)
                 [ 0000b2aa ]  00005955          *   00000001   --HOLE-- [fill = 0]

.csldata     0   [ 0000b2c0 ]  00005960          *   00000088   
                 [ 0000b2c0 ]  00005960          *   00000066   csl5502x.lib : csl_mcbspdat.obj (.csldata:MCBSP_data) [fill = 00]
                 [ 0000b38c ]  000059c6          *   00000022                : csl_csldat.obj (.csldata:SYS_data) [fill = 00]

vectors      0     0000fe00  [ 00007f00 ] 00000100          *   
                   0000fe00  [ 00007f00 ] 00000100          *   rts55x.lib : vectors.obj (vectors)


GLOBAL SYMBOLS: SORTED ALPHABETICALLY BY Name 

abs. value/
byte addr   word addr   name
---------   ---------   ----
00000002                $TI_capability$C5500$CallingConvention
00000002                $TI_capability$C5500$MemoryModel
00000001                $TI_capability_requires_rev2
            00005270    .bss
            00000180    .data
00000300                .text
000054b3                C$$EXIT
00004919                C$$IO$$
00005439                I$$LMPY
000053bc                I$$UDIV
000053d1                I$$UMOD
00004605                _AIC3204_rget
00004652                _AIC3204_rset
000054cc                _CSL5502_LIB_
            00005960    _CSL_McbspData
            000059c6    _CSL_SysData
00005490                _CSL_init
00003f89                _EZDSP5502_I2CGPIO_configLine
00004060                _EZDSP5502_I2CGPIO_read
00003fdc                _EZDSP5502_I2CGPIO_readLine
000040ad                _EZDSP5502_I2CGPIO_write
0000400d                _EZDSP5502_I2CGPIO_writeLine
00004ed2                _EZDSP5502_I2C_init
00004f1b                _EZDSP5502_I2C_read
00004eef                _EZDSP5502_I2C_reset
00004ef9                _EZDSP5502_I2C_write
00004962                _EZDSP5502_MCBSP_close
0000491e                _EZDSP5502_MCBSP_init
000049a4                _EZDSP5502_MCBSP_read
00004974                _EZDSP5502_MCBSP_write
00004e4a                _EZDSP5502_init
00004e04                _EZDSP5502_wait
00004e38                _EZDSP5502_waitusec
000022a5                _HOSTclock
0000223a                _HOSTclose
00002185                _HOSTlseek
000020e6                _HOSTopen
00002059                _HOSTread
00001fab                _HOSTrename
00001f4d                _HOSTtime
00001ee3                _HOSTunlink
00001e56                _HOSTwrite
00004d10                _I2C_config
00003e2c                _I2C_read
00003b38                _I2C_write
00005470                _IRQ_globalDisable
0000549c                _IRQ_globalRestore
00005328                _MCBSP_close
00004224                _MCBSP_config
00004354                _MCBSP_open
000054bc                _MCBSP_read16
00002da4                _MCBSP_reset
00004b20                _MCBSP_start
000054c4                _MCBSP_write16
0000fe00                _Reset
000050da                _StopTest
            00005459    _TestFail
            00005730    __CIOBUF_
00005480                __CSL_init
            00003a70    __STACK_END
00002000                __STACK_SIZE
00002000                __SYSMEM_SIZE
00001000                __SYSSTACK_SIZE
ffffffff                ___binit__
            00005270    ___bss__
ffffffff                ___c_args__
            00005850    ___cinit__
            00000180    ___data__
            00000180    ___edata__
            000054dc    ___end__
000054d0                ___etext__
00005409                ___isinf
ffffffff                ___pinit__
00000300                ___text__
00003263                __addd
000051cc                __args_main
00002c45                __cleanup
            000054d6    __cleanup_ptr
00003ae0                __cmpd
            000054e0    __ctypes_
000027da                __divd
00005262                __divli
0000322e                __divlli
000053bc                __divu
00004a7e                __divul
0000313a                __divull
000047a2                __doflush
            000054d8    __dtors_ptr
00003aac                __eqld
00005392                __fixdi
00004e63                __fixdli
00005017                __fltlid
00004c9a                __frcmpyd
000046da                __frcmpyd_div
            00005388    __ft_end
            00005270    __ftable
00003a62                __geqd
00003a17                __gtrd
000039ca                __leqd
            000054d2    __lock
00003982                __lssd
000040d7                __mpyd
00005439                __mpyli
00003082                __mpylli
0000545e                __negd
0000394e                __neqd
0000545c                __nop
00001656                __printfi
000045a8                __rd_ok
00005454                __register_lock
0000544c                __register_unlock
00005217                __remli
00003053                __remlli
000053d1                __remu
00004d82                __remul
00003005                __remull
            00002a70    __stack
00005425                __subd
            00003a70    __sys_memory
            00004a70    __sysstack
            000052e8    __tmpnams
            000054d4    __unlock
00004528                __wrt_ok
000054b2                _abort
00001ceb                _add_device
000034bc                _aic3204_loop_linein
0000467c                _aic3204_test
00003705                _aic3204_tone_headphone
            000054da    _aicMcbsp
0000507e                _atoi
0000517f                _auto_init
0000535e                _c_int00
00002792                _calloc
0000278a                _chkheap
00001c78                _close
000052e9                _exit
00004c1f                _fclose
0000480b                _fflush
00001c6f                _find_registered_device
00002d68                _fopen
000049d8                _fputc
00003cc6                _fputs
00002303                _free
00002734                _free_memory
00002c9f                _freopen
00004fac                _fseek
00001ddb                _getenv
00001c09                _lseek
00004ba2                _ltoa
000050dc                _main
00002434                _malloc
000026da                _max_free
000053e6                _memccpy
000052aa                _memcpy
000023cf                _minit
00001b4a                _open
0000512f                _printf
000049d8                _putc
00004a6f                _putchar
00003dfb                _puts
00001a9c                _read
00004f3f                _readmsg
00002529                _realloc
000054a8                _remove
00001a66                _remove_device
00001a0d                _rename
00004442                _setvbuf
000019da                _unlink
00001898                _write
00004864                _writemsg
ffffffff                binit
            00005850    cinit
            00000180    edata
            000054dc    end
000054d0                etext
ffffffff                pinit


GLOBAL SYMBOLS: SORTED BY Symbol Address 

abs. value/
byte addr   word addr   name
---------   ---------   ----
00000001                $TI_capability_requires_rev2
00000002                $TI_capability$C5500$CallingConvention
00000002                $TI_capability$C5500$MemoryModel
            00000180    .data
00000300                .text
            00000180    ___data__
            00000180    ___edata__
00000300                ___text__
            00000180    edata
00001000                __SYSSTACK_SIZE
00001656                __printfi
00001898                _write
000019da                _unlink
00001a0d                _rename
00001a66                _remove_device
00001a9c                _read
00001b4a                _open
00001c09                _lseek
00001c6f                _find_registered_device
00001c78                _close
00001ceb                _add_device
00001ddb                _getenv
00001e56                _HOSTwrite
00001ee3                _HOSTunlink
00001f4d                _HOSTtime
00001fab                _HOSTrename
00002000                __STACK_SIZE
00002000                __SYSMEM_SIZE
00002059                _HOSTread
000020e6                _HOSTopen
00002185                _HOSTlseek
0000223a                _HOSTclose
000022a5                _HOSTclock
00002303                _free
000023cf                _minit
00002434                _malloc
00002529                _realloc
000026da                _max_free
00002734                _free_memory
0000278a                _chkheap
00002792                _calloc
000027da                __divd
00002c45                __cleanup
00002c9f                _freopen
00002d68                _fopen
00002da4                _MCBSP_reset
00003005                __remull
00003053                __remlli
00003082                __mpylli
0000313a                __divull
0000322e                __divlli
00003263                __addd
000034bc                _aic3204_loop_linein
00003705                _aic3204_tone_headphone
0000394e                __neqd
00003982                __lssd
000039ca                __leqd
00003a17                __gtrd
00003a62                __geqd
00003aac                __eqld
00003ae0                __cmpd
00003b38                _I2C_write
00003cc6                _fputs
00003dfb                _puts
00003e2c                _I2C_read
00003f89                _EZDSP5502_I2CGPIO_configLine
00003fdc                _EZDSP5502_I2CGPIO_readLine
0000400d                _EZDSP5502_I2CGPIO_writeLine
00004060                _EZDSP5502_I2CGPIO_read
000040ad                _EZDSP5502_I2CGPIO_write
000040d7                __mpyd
00004224                _MCBSP_config
00004354                _MCBSP_open
00004442                _setvbuf
00004528                __wrt_ok
000045a8                __rd_ok
00004605                _AIC3204_rget
00004652                _AIC3204_rset
0000467c                _aic3204_test
000046da                __frcmpyd_div
000047a2                __doflush
0000480b                _fflush
00004864                _writemsg
00004919                C$$IO$$
0000491e                _EZDSP5502_MCBSP_init
00004962                _EZDSP5502_MCBSP_close
00004974                _EZDSP5502_MCBSP_write
000049a4                _EZDSP5502_MCBSP_read
000049d8                _fputc
000049d8                _putc
00004a6f                _putchar
00004a7e                __divul
00004b20                _MCBSP_start
00004ba2                _ltoa
00004c1f                _fclose
00004c9a                __frcmpyd
00004d10                _I2C_config
00004d82                __remul
00004e04                _EZDSP5502_wait
00004e38                _EZDSP5502_waitusec
00004e4a                _EZDSP5502_init
00004e63                __fixdli
00004ed2                _EZDSP5502_I2C_init
00004eef                _EZDSP5502_I2C_reset
00004ef9                _EZDSP5502_I2C_write
00004f1b                _EZDSP5502_I2C_read
00004f3f                _readmsg
00004fac                _fseek
00005017                __fltlid
0000507e                _atoi
000050da                _StopTest
000050dc                _main
0000512f                _printf
0000517f                _auto_init
000051cc                __args_main
00005217                __remli
00005262                __divli
000052aa                _memcpy
000052e9                _exit
00005328                _MCBSP_close
0000535e                _c_int00
00005392                __fixdi
000053bc                I$$UDIV
000053bc                __divu
000053d1                I$$UMOD
000053d1                __remu
000053e6                _memccpy
00005409                ___isinf
00005425                __subd
00005439                I$$LMPY
00005439                __mpyli
0000544c                __register_unlock
00005454                __register_lock
0000545c                __nop
0000545e                __negd
00005470                _IRQ_globalDisable
00005480                __CSL_init
00005490                _CSL_init
0000549c                _IRQ_globalRestore
000054a8                _remove
000054b2                _abort
000054b3                C$$EXIT
000054bc                _MCBSP_read16
000054c4                _MCBSP_write16
000054cc                _CSL5502_LIB_
000054d0                ___etext__
000054d0                etext
            00002a70    __stack
            00003a70    __STACK_END
            00003a70    __sys_memory
            00004a70    __sysstack
            00005270    .bss
            00005270    ___bss__
            00005270    __ftable
            000052e8    __tmpnams
            00005388    __ft_end
            00005459    _TestFail
            000054d2    __lock
            000054d4    __unlock
            000054d6    __cleanup_ptr
            000054d8    __dtors_ptr
            000054da    _aicMcbsp
            000054dc    ___end__
            000054dc    end
            000054e0    __ctypes_
            00005730    __CIOBUF_
            00005850    ___cinit__
            00005850    cinit
            00005960    _CSL_McbspData
            000059c6    _CSL_SysData
0000fe00                _Reset
ffffffff                ___binit__
ffffffff                ___c_args__
ffffffff                ___pinit__
ffffffff                binit
ffffffff                pinit

[176 symbols]
