******************************************************************************
              TMS320C55x Linker PC v4.4.1                      
******************************************************************************
>> Linked Wed Feb 14 12:15:24 2018

OUTPUT FILE NAME:   <fir_iir.out>
ENTRY POINT SYMBOL: "_c_int00"  address: 000043d6


MEMORY CONFIGURATION

         name            origin    length      used     unused   attr    fill
                        (bytes)   (bytes)    (bytes)   (bytes)
----------------------  --------  ---------  --------  --------  ----  --------
PAGE 0:
  MMR                   00000000   000000c0  00000000  000000c0  RWIX
  BTRSVD                000000c0   00000240  00000000  00000240  RWIX
  DARAM0                00000300   0000fb00  0000418e  0000b972  RWIX
  VECS                  0000fe00   00000200  00000100  00000100  RWIX
  CE0                   00010000   003f0000  00000000  003f0000  RWIX
  CE1                   00400000   00400000  00000000  00400000  RWIX
  CE2                   00800000   00400000  00000000  00400000  RWIX
  CE3                   00c00000   003f8000  00000000  003f8000  RWIX
  PDROM                 00ff8000   00008000  00000000  00008000  R IX

PAGE 2:
  IOPORT                00000000   00020000  00000000  00020000  RWI 


SECTION ALLOCATION MAP
(Addresses surrounded by []'s are displayed for convenience only!)

output                                                          attributes/
section   page  orgn(bytes) orgn(words) len(bytes) len(words)   input sections
--------  ----  ----------- ----------- ---------- ----------   --------------
.pinit       0   [ 00000300 ]  00000180          *   00000000   UNINITIALIZED

.stack       0   [ 00000300 ]  00000180          *   00001000   UNINITIALIZED
                 [ 00000300 ]  00000180          *   00001000   --HOLE--

.data        0   [ 00000300 ]  00000180          *   00000000   UNINITIALIZED

.const       0   [ 00002300 ]  00001180          *   00000800   
                 [ 00002300 ]  00001180          *   00000800   main.obj (.const:_$P$T0$1)

.sysstack 
*            0   [ 00003300 ]  00001980          *   00000800   UNINITIALIZED
                 [ 00003300 ]  00001980          *   00000800   --HOLE--

.text        0     00004300  [ 00002180 ] 00000154          *   
                   00004300  [ 00002180 ] 0000004d          *   rts55x.lib : autoinit.obj (.text)
                   0000434d  [ 000021a6+] 0000004b          *              : args_main.obj (.text)
                   00004398  [ 000021cc ] 0000003e          *              : exit.obj (.text)
                   000043d6  [ 000021eb ] 00000034          *              : boot.obj (.text)
                   0000440a  [ 00002205 ] 0000002e          *   main.obj (.text)
                   00004438  [ 0000221c ] 00000012          *   rts55x.lib : _lock.obj (.text)
                   0000444a  [ 00002225 ] 00000007          *              : exit.obj (.text:CIO_breakpoint)
                   00004451  [ 00002228+] 00000002          *              : vectors.obj (.text)
                   00004453  [ 00002229 ] 00000001          *   --HOLE-- [fill = 20]

.cinit       0   [ 00004454 ]  0000222a          *   00000015   
                 [ 00004454 ]  0000222a          *   0000000a   rts55x.lib : _lock.obj (.cinit)
                 [ 00004468 ]  00002234          *   0000000a              : exit.obj (.cinit)
                 [ 0000447c ]  0000223e          *   00000001   --HOLE-- [fill = 0]

.bss         0   [ 00004480 ]  00002240          *   00000008   UNINITIALIZED
                 [ 00004480 ]  00002240          *   00000004   rts55x.lib : _lock.obj (.bss)
                 [ 00004488 ]  00002244          *   00000004              : exit.obj (.bss)

vectors      0     0000fe00  [ 00007f00 ] 00000100          *   
                   0000fe00  [ 00007f00 ] 00000100          *   rts55x.lib : vectors.obj (vectors)


GLOBAL SYMBOLS: SORTED ALPHABETICALLY BY Name 

abs. value/
byte addr   word addr   name
---------   ---------   ----
00000002                $TI_capability$C5500$CallingConvention
00000002                $TI_capability$C5500$MemoryModel
00000001                $TI_capability_requires_rev2
ffffffff                .bss
ffffffff                .data
ffffffff                .text
0000444b                C$$EXIT
0000fe00                _Reset
            00001180    __STACK_END
00002000                __STACK_SIZE
00001000                __SYSSTACK_SIZE
00000001                __TI_args_main
ffffffff                ___binit__
ffffffff                ___bss__
ffffffff                ___c_args__
            0000222a    ___cinit__
ffffffff                ___data__
ffffffff                ___edata__
ffffffff                ___end__
ffffffff                ___etext__
ffffffff                ___pinit__
ffffffff                ___text__
0000434d                __args_main
            00002244    __cleanup_ptr
            00002246    __dtors_ptr
            00002240    __lock
00004448                __nop
00004440                __register_lock
00004438                __register_unlock
            00000180    __stack
            00001980    __sysstack
            00002242    __unlock
0000444a                _abort
00004300                _auto_init
000043d6                _c_int00
00004398                _exit
0000440a                _main
ffffffff                binit
            0000222a    cinit
ffffffff                edata
ffffffff                end
ffffffff                etext
ffffffff                pinit


GLOBAL SYMBOLS: SORTED BY Symbol Address 

abs. value/
byte addr   word addr   name
---------   ---------   ----
00000001                $TI_capability_requires_rev2
00000001                __TI_args_main
00000002                $TI_capability$C5500$CallingConvention
00000002                $TI_capability$C5500$MemoryModel
            00000180    __stack
00001000                __SYSSTACK_SIZE
00002000                __STACK_SIZE
            00001180    __STACK_END
            00001980    __sysstack
00004300                _auto_init
0000434d                __args_main
00004398                _exit
000043d6                _c_int00
0000440a                _main
00004438                __register_unlock
00004440                __register_lock
00004448                __nop
0000444a                _abort
0000444b                C$$EXIT
            0000222a    ___cinit__
            0000222a    cinit
            00002240    __lock
            00002242    __unlock
            00002244    __cleanup_ptr
            00002246    __dtors_ptr
0000fe00                _Reset
ffffffff                .bss
ffffffff                .data
ffffffff                .text
ffffffff                ___binit__
ffffffff                ___bss__
ffffffff                ___c_args__
ffffffff                ___data__
ffffffff                ___edata__
ffffffff                ___end__
ffffffff                ___etext__
ffffffff                ___pinit__
ffffffff                ___text__
ffffffff                binit
ffffffff                edata
ffffffff                end
ffffffff                etext
ffffffff                pinit

[43 symbols]
