******************************************************************************
              TMS320C55x Linker PC v4.4.1                      
******************************************************************************
>> Linked Sat Feb 17 20:21:05 2018

OUTPUT FILE NAME:   <fir_iir.out>
ENTRY POINT SYMBOL: "_c_int00"  address: 00004464


MEMORY CONFIGURATION

         name            origin    length      used     unused   attr    fill
                        (bytes)   (bytes)    (bytes)   (bytes)
----------------------  --------  ---------  --------  --------  ----  --------
PAGE 0:
  MMR                   00000000   000000c0  00000000  000000c0  RWIX
  BTRSVD                000000c0   00000240  00000000  00000240  RWIX
  DARAM0                00000300   0000fb00  0000b514  000045ec  RWIX
  VECS                  0000fe00   00000200  00000100  00000100  RWIX
  CE0                   00010000   003f0000  00000000  003f0000  RWIX
  CE1                   00400000   00400000  00000000  00400000  RWIX
  CE2                   00800000   00400000  00000000  00400000  RWIX
  CE3                   00c00000   003f8000  00000000  003f8000  RWIX
  PDROM                 00ff8000   00008000  00000000  00008000  R IX

PAGE 2:
  IOPORT                00000000   00020000  00000000  00020000  RWI 


SECTION ALLOCATION MAP
(Addresses surrounded by []'s are displayed for convenience only!)

output                                                          attributes/
section   page  orgn(bytes) orgn(words) len(bytes) len(words)   input sections
--------  ----  ----------- ----------- ---------- ----------   --------------
.pinit       0   [ 00000300 ]  00000180          *   00000000   UNINITIALIZED

.data        0   [ 00000300 ]  00000180          *   00000000   UNINITIALIZED

.text        0     00000300  [ 00000180 ] 00004286          *   
                   00000300  [ 00000180 ] 000015a4          *   rts55x.lib : _printfi.obj (.text)
                   000018a4  [ 00000c52 ] 00000543          *              : lowlev.obj (.text)
                   00001de7  [ 00000ef3+] 00000528          *              : trgdrv.obj (.text)
                   0000230f  [ 00001187+] 000004b5          *              : memory.obj (.text)
                   000027c4  [ 000013e2 ] 000003cc          *              : divd.obj (.text)
                   00002b90  [ 000015c8 ] 0000027f          *              : fopen.obj (.text)
                   00002e0f  [ 00001707+] 0000025e          *              : llmpy.obj (.text)
                   0000306d  [ 00001836+] 0000025a          *              : addd.obj (.text)
                   000032c7  [ 00001963+] 000001ea          *              : cmpd.obj (.text)
                   000034b1  [ 00001a58+] 00000163          *              : fputs.obj (.text)
                   00003614  [ 00001b0a ] 0000014c          *              : mpyd.obj (.text)
                   00003760  [ 00001bb0 ] 0000013e          *   main.obj (.text)
                   0000389e  [ 00001c4f ] 000000e6          *   rts55x.lib : setvbuf.obj (.text)
                   00003984  [ 00001cc2 ] 000000dd          *              : _io_perm.obj (.text)
                   00003a61  [ 00001d30+] 000000c2          *              : fflush.obj (.text)
                   00003b23  [ 00001d91+] 000000ba          *              : trgmsg.obj (.text:CIO_breakpoint)
                   00003bdd  [ 00001dee+] 000000a6          *              : fputc.obj (.text)
                   00003c83  [ 00001e41+] 000000a1          *   55xdspx.lib : iircas51.obj (.text)
                   00003d24  [ 00001e92 ] 000000a1          *   rts55x.lib : divul.obj (.text)
                   00003dc5  [ 00001ee2+] 0000007d          *              : ltoa.obj (.text)
                   00003e42  [ 00001f21 ] 0000007b          *              : fclose.obj (.text)
                   00003ebd  [ 00001f5e+] 00000076          *              : frcmpyd.obj (.text)
                   00003f33  [ 00001f99+] 00000073          *              : frcmpyd_div.obj (.text)
                   00003fa6  [ 00001fd3 ] 00000072          *              : remul.obj (.text)
                   00004018  [ 0000200c ] 0000006f          *              : fixdli.obj (.text)
                   00004087  [ 00002043+] 0000006d          *              : trgmsg.obj (.text)
                   000040f4  [ 0000207a ] 0000006b          *              : fseek.obj (.text)
                   0000415f  [ 000020af+] 00000067          *              : fltlid.obj (.text)
                   000041c6  [ 000020e3 ] 0000005c          *              : atoi.obj (.text)
                   00004222  [ 00002111 ] 00000050          *              : printf.obj (.text)
                   00004272  [ 00002139 ] 0000004d          *              : autoinit.obj (.text)
                   000042bf  [ 0000215f+] 0000004b          *              : args_main.obj (.text)
                   0000430a  [ 00002185 ] 0000004b          *              : remli.obj (.text)
                   00004355  [ 000021aa+] 0000004a          *              : fprintf.obj (.text)
                   0000439f  [ 000021cf+] 00000048          *              : divli.obj (.text)
                   000043e7  [ 000021f3+] 0000003f          *              : memcpy.obj (.text)
                   00004426  [ 00002213 ] 0000003e          *              : exit.obj (.text)
                   00004464  [ 00002232 ] 00000034          *              : boot.obj (.text)
                   00004498  [ 0000224c ] 0000002a          *              : fixdi.obj (.text)
                   000044c2  [ 00002261 ] 0000002a          *              : udiv.obj (.text)
                   000044ec  [ 00002276 ] 00000023          *              : memccpy.obj (.text)
                   0000450f  [ 00002287+] 0000001a          *              : isinf.obj (.text)
                   00004529  [ 00002294+] 00000014          *              : subd.obj (.text)
                   0000453d  [ 0000229e+] 00000013          *              : lmpy.obj (.text)
                   00004550  [ 000022a8 ] 00000012          *              : _lock.obj (.text)
                   00004562  [ 000022b1 ] 00000010          *              : negd.obj (.text)
                   00004572  [ 000022b9 ] 0000000a          *              : remove.obj (.text)
                   0000457c  [ 000022be ] 00000007          *              : exit.obj (.text:CIO_breakpoint)
                   00004583  [ 000022c1+] 00000002          *              : vectors.obj (.text)
                   00004585  [ 000022c2 ] 00000001          *   --HOLE-- [fill = 20]

.stack       0   [ 00004588 ]  000022c4          *   00001000   UNINITIALIZED
                 [ 00004588 ]  000022c4          *   00001000   --HOLE--

.sysmem      0   [ 00006588 ]  000032c4          *   00001000   UNINITIALIZED
                 [ 00006588 ]  000032c4          *   00001000   --HOLE--

.bss.1       0   [ 00008588 ]  000042c4          *   000009c5   UNINITIALIZED
                 [ 00008588 ]  000042c4          *   000007db   main.obj (.bss)
                 [ 0000953e ]  00004a9f          *   00000001   rts55x.lib : fopen.obj (.bss)
                 [ 00009540 ]  00004aa0          *   00000119              : defs.obj (.bss)
                 [ 00009772 ]  00004bb9          *   000000d0              : trgdrv.obj (.bss)

.bss.2       0   [ 00009914 ]  00004c8a          *   00000071   UNINITIALIZED
                 [ 00009914 ]  00004c8a          *   00000071   rts55x.lib : lowlev.obj (.bss)

.bss.3       0   [ 000099f8 ]  00004cfc          *   0000000e   UNINITIALIZED
                 [ 000099f8 ]  00004cfc          *   00000006   rts55x.lib : memory.obj (.bss)
                 [ 00009a04 ]  00004d02          *   00000004              : _lock.obj (.bss)
                 [ 00009a0c ]  00004d06          *   00000004              : exit.obj (.bss)

.sysstack 
*            0   [ 00009a14 ]  00004d0a          *   00000800   UNINITIALIZED
                 [ 00009a14 ]  00004d0a          *   00000800   --HOLE--

.cinit       0   [ 0000aa14 ]  0000550a          *   00000467   
                 [ 0000aa14 ]  0000550a          *   000003f3   main.obj (.cinit)
                 [ 0000b1fa ]  000058fd          *   0000002d   rts55x.lib : lowlev.obj (.cinit)
                 [ 0000b254 ]  0000592a          *   0000002a              : defs.obj (.cinit)
                 [ 0000b2a8 ]  00005954          *   0000000a              : _lock.obj (.cinit)
                 [ 0000b2bc ]  0000595e          *   0000000a              : exit.obj (.cinit)
                 [ 0000b2d0 ]  00005968          *   00000004              : fopen.obj (.cinit)
                 [ 0000b2d8 ]  0000596c          *   00000004              : memory.obj (.cinit)
                 [ 0000b2e0 ]  00005970          *   00000001   --HOLE-- [fill = 0]

.const.1     0   [ 0000b2e4 ]  00005972          *   00000101   
                 [ 0000b2e4 ]  00005972          *   00000101   rts55x.lib : ctype.obj (.const:__ctypes_)

.const.2     0   [ 0000b4e8 ]  00005a74          *   0000003f   
                 [ 0000b4e8 ]  00005a74          *   0000003f   main.obj (.const:.string)

.const.3     0   [ 0000b568 ]  00005ab4          *   0000003c   
                 [ 0000b568 ]  00005ab4          *   00000024   rts55x.lib : _printfi.obj (.const:.string)
                 [ 0000b5b0 ]  00005ad8          *   0000000c              : _printfi.obj (.const)
                 [ 0000b5c8 ]  00005ae4          *   00000008              : divd.obj (.const:_initial_approx$1)
                 [ 0000b5d8 ]  00005aec          *   00000002              : fputs.obj (.const:.string)
                 [ 0000b5dc ]  00005aee          *   00000002              : fltlid.obj (.const)

.cio         0   [ 0000b5e0 ]  00005af0          *   00000120   UNINITIALIZED
                 [ 0000b5e0 ]  00005af0          *   00000120   rts55x.lib : trgmsg.obj (.cio)

vectors      0     0000fe00  [ 00007f00 ] 00000100          *   
                   0000fe00  [ 00007f00 ] 00000100          *   rts55x.lib : vectors.obj (vectors)


GLOBAL SYMBOLS: SORTED ALPHABETICALLY BY Name 

abs. value/
byte addr   word addr   name
---------   ---------   ----
00000002                $TI_capability$C5500$CallingConvention
00000002                $TI_capability$C5500$MemoryModel
00000001                $TI_capability_requires_rev2
ffffffff                .bss
ffffffff                .data
ffffffff                .text
0000457d                C$$EXIT
00003bd8                C$$IO$$
0000453d                I$$LMPY
000044c2                I$$UDIV
000044d7                I$$UMOD
000022b1                _HOSTclock
00002246                _HOSTclose
00002191                _HOSTlseek
000020f2                _HOSTopen
00002065                _HOSTread
00001fb7                _HOSTrename
00001f59                _HOSTtime
00001eef                _HOSTunlink
00001e62                _HOSTwrite
0000fe00                _Reset
            00005af0    __CIOBUF_
            000032c4    __STACK_END
00002000                __STACK_SIZE
00002000                __SYSMEM_SIZE
00001000                __SYSSTACK_SIZE
00000001                __TI_args_main
ffffffff                ___binit__
ffffffff                ___bss__
ffffffff                ___c_args__
            0000550a    ___cinit__
ffffffff                ___data__
ffffffff                ___edata__
ffffffff                ___end__
ffffffff                ___etext__
0000450f                ___isinf
ffffffff                ___pinit__
ffffffff                ___text__
0000306d                __addd
000042bf                __args_main
00002cb1                __cleanup
            00004d06    __cleanup_ptr
00003459                __cmpd
            00005972    __ctypes_
000027c4                __divd
0000439f                __divli
00003038                __divlli
000044c2                __divu
00003d24                __divul
00002f44                __divull
00003a61                __doflush
            00004d08    __dtors_ptr
00003425                __eqld
00004498                __fixdi
00004018                __fixdli
0000415f                __fltlid
00003ebd                __frcmpyd
00003f33                __frcmpyd_div
            00004bb8    __ft_end
            00004aa0    __ftable
000033db                __geqd
00003390                __gtrd
00003343                __leqd
            00004d02    __lock
000032fb                __lssd
00003614                __mpyd
0000453d                __mpyli
00002e8c                __mpylli
00004562                __negd
000032c7                __neqd
00004560                __nop
00001662                __printfi
00003a04                __rd_ok
00004558                __register_lock
00004550                __register_unlock
0000430a                __remli
00002e5d                __remlli
000044d7                __remu
00003fa6                __remul
00002e0f                __remull
            000022c4    __stack
00004529                __subd
            000032c4    __sys_memory
            00004d0a    __sysstack
            00004b18    __tmpnams
            00004d04    __unlock
00003984                __wrt_ok
0000457c                _abort
00001cf7                _add_device
000041c6                _atoi
00004272                _auto_init
00004464                _c_int00
0000279e                _calloc
00002796                _chkheap
00001c84                _close
            00004a9a    _coef
            00004a95    _dbuffer
00004426                _exit
00003e42                _fclose
00003aca                _fflush
00003760                _filter
00001c7b                _find_registered_device
00002dd4                _fopen
00004355                _fprintf
00003bdd                _fputc
000034b1                _fputs
0000230f                _free
00002740                _free_memory
00002d0b                _freopen
000040f4                _fseek
00001de7                _getenv
00003c83                _iircas51
00001c15                _lseek
00003dc5                _ltoa
000037ab                _main
00002440                _malloc
000026e6                _max_free
000044ec                _memccpy
000043e7                _memcpy
000023db                _minit
            000046ac    _oflag
00001b56                _open
            000042c4    _out
000037fa                _printFileOUT
000037bc                _printOUT
00004222                _printf
00003bdd                _putc
00003c74                _putchar
000035e6                _puts
00001aa8                _read
00004087                _readmsg
00002535                _realloc
00004572                _remove
00001a72                _remove_device
00001a19                _rename
            000046ad    _samplesIn
0000389e                _setvbuf
000019e6                _unlink
000018a4                _write
00003b23                _writemsg
0000384e                _zerarVetores
ffffffff                binit
            0000550a    cinit
ffffffff                edata
ffffffff                end
ffffffff                etext
ffffffff                pinit


GLOBAL SYMBOLS: SORTED BY Symbol Address 

abs. value/
byte addr   word addr   name
---------   ---------   ----
00000001                $TI_capability_requires_rev2
00000001                __TI_args_main
00000002                $TI_capability$C5500$CallingConvention
00000002                $TI_capability$C5500$MemoryModel
00001000                __SYSSTACK_SIZE
00001662                __printfi
000018a4                _write
000019e6                _unlink
00001a19                _rename
00001a72                _remove_device
00001aa8                _read
00001b56                _open
00001c15                _lseek
00001c7b                _find_registered_device
00001c84                _close
00001cf7                _add_device
00001de7                _getenv
00001e62                _HOSTwrite
00001eef                _HOSTunlink
00001f59                _HOSTtime
00001fb7                _HOSTrename
00002000                __STACK_SIZE
00002000                __SYSMEM_SIZE
00002065                _HOSTread
000020f2                _HOSTopen
00002191                _HOSTlseek
00002246                _HOSTclose
000022b1                _HOSTclock
0000230f                _free
000023db                _minit
00002440                _malloc
00002535                _realloc
000026e6                _max_free
00002740                _free_memory
00002796                _chkheap
0000279e                _calloc
000027c4                __divd
00002cb1                __cleanup
00002d0b                _freopen
00002dd4                _fopen
00002e0f                __remull
00002e5d                __remlli
00002e8c                __mpylli
00002f44                __divull
00003038                __divlli
0000306d                __addd
000032c7                __neqd
000032fb                __lssd
00003343                __leqd
00003390                __gtrd
000033db                __geqd
00003425                __eqld
00003459                __cmpd
000034b1                _fputs
000035e6                _puts
00003614                __mpyd
00003760                _filter
000037ab                _main
000037bc                _printOUT
000037fa                _printFileOUT
0000384e                _zerarVetores
0000389e                _setvbuf
00003984                __wrt_ok
00003a04                __rd_ok
00003a61                __doflush
00003aca                _fflush
00003b23                _writemsg
00003bd8                C$$IO$$
00003bdd                _fputc
00003bdd                _putc
00003c74                _putchar
00003c83                _iircas51
00003d24                __divul
00003dc5                _ltoa
00003e42                _fclose
00003ebd                __frcmpyd
00003f33                __frcmpyd_div
00003fa6                __remul
00004018                __fixdli
00004087                _readmsg
000040f4                _fseek
0000415f                __fltlid
000041c6                _atoi
00004222                _printf
00004272                _auto_init
000042bf                __args_main
0000430a                __remli
00004355                _fprintf
0000439f                __divli
000043e7                _memcpy
00004426                _exit
00004464                _c_int00
00004498                __fixdi
000044c2                I$$UDIV
000044c2                __divu
000044d7                I$$UMOD
000044d7                __remu
000044ec                _memccpy
0000450f                ___isinf
00004529                __subd
0000453d                I$$LMPY
0000453d                __mpyli
00004550                __register_unlock
00004558                __register_lock
00004560                __nop
00004562                __negd
00004572                _remove
0000457c                _abort
0000457d                C$$EXIT
            000022c4    __stack
            000032c4    __STACK_END
            000032c4    __sys_memory
            000042c4    _out
            000046ac    _oflag
            000046ad    _samplesIn
            00004a95    _dbuffer
            00004a9a    _coef
            00004aa0    __ftable
            00004b18    __tmpnams
            00004bb8    __ft_end
            00004d02    __lock
            00004d04    __unlock
            00004d06    __cleanup_ptr
            00004d08    __dtors_ptr
            00004d0a    __sysstack
            0000550a    ___cinit__
            0000550a    cinit
            00005972    __ctypes_
            00005af0    __CIOBUF_
0000fe00                _Reset
ffffffff                .bss
ffffffff                .data
ffffffff                .text
ffffffff                ___binit__
ffffffff                ___bss__
ffffffff                ___c_args__
ffffffff                ___data__
ffffffff                ___edata__
ffffffff                ___end__
ffffffff                ___etext__
ffffffff                ___pinit__
ffffffff                ___text__
ffffffff                binit
ffffffff                edata
ffffffff                end
ffffffff                etext
ffffffff                pinit

[147 symbols]
