******************************************************************************
              TMS320C55x Linker PC v4.4.1                      
******************************************************************************
>> Linked Sat Feb 17 15:52:22 2018

OUTPUT FILE NAME:   <fir_iir.out>
ENTRY POINT SYMBOL: "_c_int00"  address: 00004475


MEMORY CONFIGURATION

         name            origin    length      used     unused   attr    fill
                        (bytes)   (bytes)    (bytes)   (bytes)
----------------------  --------  ---------  --------  --------  ----  --------
PAGE 0:
  MMR                   00000000   000000c0  00000000  000000c0  RWIX
  BTRSVD                000000c0   00000240  00000000  00000240  RWIX
  DARAM0                00000300   0000fb00  0000b527  000045d9  RWIX
  VECS                  0000fe00   00000200  00000100  00000100  RWIX
  CE0                   00010000   003f0000  00000000  003f0000  RWIX
  CE1                   00400000   00400000  00000000  00400000  RWIX
  CE2                   00800000   00400000  00000000  00400000  RWIX
  CE3                   00c00000   003f8000  00000000  003f8000  RWIX
  PDROM                 00ff8000   00008000  00000000  00008000  R IX

PAGE 2:
  IOPORT                00000000   00020000  00000000  00020000  RWI 


SECTION ALLOCATION MAP
(Addresses surrounded by []'s are displayed for convenience only!)

output                                                          attributes/
section   page  orgn(bytes) orgn(words) len(bytes) len(words)   input sections
--------  ----  ----------- ----------- ---------- ----------   --------------
.pinit       0   [ 00000300 ]  00000180          *   00000000   UNINITIALIZED

.data        0   [ 00000300 ]  00000180          *   00000000   UNINITIALIZED

.text        0     00000300  [ 00000180 ] 00004297          *   
                   00000300  [ 00000180 ] 000015a4          *   rts55x.lib : _printfi.obj (.text)
                   000018a4  [ 00000c52 ] 00000543          *              : lowlev.obj (.text)
                   00001de7  [ 00000ef3+] 00000528          *              : trgdrv.obj (.text)
                   0000230f  [ 00001187+] 000004b5          *              : memory.obj (.text)
                   000027c4  [ 000013e2 ] 000003cc          *              : divd.obj (.text)
                   00002b90  [ 000015c8 ] 0000027f          *              : fopen.obj (.text)
                   00002e0f  [ 00001707+] 0000025e          *              : llmpy.obj (.text)
                   0000306d  [ 00001836+] 0000025a          *              : addd.obj (.text)
                   000032c7  [ 00001963+] 000001ea          *              : cmpd.obj (.text)
                   000034b1  [ 00001a58+] 00000163          *              : fputs.obj (.text)
                   00003614  [ 00001b0a ] 0000014f          *   main.obj (.text)
                   00003763  [ 00001bb1+] 0000014c          *   rts55x.lib : mpyd.obj (.text)
                   000038af  [ 00001c57+] 000000e6          *              : setvbuf.obj (.text)
                   00003995  [ 00001cca+] 000000dd          *              : _io_perm.obj (.text)
                   00003a72  [ 00001d39 ] 000000c2          *              : fflush.obj (.text)
                   00003b34  [ 00001d9a ] 000000ba          *              : trgmsg.obj (.text:CIO_breakpoint)
                   00003bee  [ 00001df7 ] 000000a6          *              : fputc.obj (.text)
                   00003c94  [ 00001e4a ] 000000a1          *   55xdspx.lib : iircas51.obj (.text)
                   00003d35  [ 00001e9a+] 000000a1          *   rts55x.lib : divul.obj (.text)
                   00003dd6  [ 00001eeb ] 0000007d          *              : ltoa.obj (.text)
                   00003e53  [ 00001f29+] 0000007b          *              : fclose.obj (.text)
                   00003ece  [ 00001f67 ] 00000076          *              : frcmpyd.obj (.text)
                   00003f44  [ 00001fa2 ] 00000073          *              : frcmpyd_div.obj (.text)
                   00003fb7  [ 00001fdb+] 00000072          *              : remul.obj (.text)
                   00004029  [ 00002014+] 0000006f          *              : fixdli.obj (.text)
                   00004098  [ 0000204c ] 0000006d          *              : trgmsg.obj (.text)
                   00004105  [ 00002082+] 0000006b          *              : fseek.obj (.text)
                   00004170  [ 000020b8 ] 00000067          *              : fltlid.obj (.text)
                   000041d7  [ 000020eb+] 0000005c          *              : atoi.obj (.text)
                   00004233  [ 00002119+] 00000050          *              : printf.obj (.text)
                   00004283  [ 00002141+] 0000004d          *              : autoinit.obj (.text)
                   000042d0  [ 00002168 ] 0000004b          *              : args_main.obj (.text)
                   0000431b  [ 0000218d+] 0000004b          *              : remli.obj (.text)
                   00004366  [ 000021b3 ] 0000004a          *              : fprintf.obj (.text)
                   000043b0  [ 000021d8 ] 00000048          *              : divli.obj (.text)
                   000043f8  [ 000021fc ] 0000003f          *              : memcpy.obj (.text)
                   00004437  [ 0000221b+] 0000003e          *              : exit.obj (.text)
                   00004475  [ 0000223a+] 00000034          *              : boot.obj (.text)
                   000044a9  [ 00002254+] 0000002a          *              : fixdi.obj (.text)
                   000044d3  [ 00002269+] 0000002a          *              : udiv.obj (.text)
                   000044fd  [ 0000227e+] 00000023          *              : memccpy.obj (.text)
                   00004520  [ 00002290 ] 0000001a          *              : isinf.obj (.text)
                   0000453a  [ 0000229d ] 00000014          *              : subd.obj (.text)
                   0000454e  [ 000022a7 ] 00000013          *              : lmpy.obj (.text)
                   00004561  [ 000022b0+] 00000012          *              : _lock.obj (.text)
                   00004573  [ 000022b9+] 00000010          *              : negd.obj (.text)
                   00004583  [ 000022c1+] 0000000a          *              : remove.obj (.text)
                   0000458d  [ 000022c6+] 00000007          *              : exit.obj (.text:CIO_breakpoint)
                   00004594  [ 000022ca ] 00000002          *              : vectors.obj (.text)
                   00004596  [ 000022cb ] 00000001          *   --HOLE-- [fill = 20]

.stack       0   [ 00004598 ]  000022cc          *   00001000   UNINITIALIZED
                 [ 00004598 ]  000022cc          *   00001000   --HOLE--

.sysmem      0   [ 00006598 ]  000032cc          *   00001000   UNINITIALIZED
                 [ 00006598 ]  000032cc          *   00001000   --HOLE--

.bss.1       0   [ 00008598 ]  000042cc          *   000009c5   UNINITIALIZED
                 [ 00008598 ]  000042cc          *   000007db   main.obj (.bss)
                 [ 0000954e ]  00004aa7          *   00000001   rts55x.lib : fopen.obj (.bss)
                 [ 00009550 ]  00004aa8          *   00000119              : defs.obj (.bss)
                 [ 00009782 ]  00004bc1          *   000000d0              : trgdrv.obj (.bss)

.bss.2       0   [ 00009924 ]  00004c92          *   00000071   UNINITIALIZED
                 [ 00009924 ]  00004c92          *   00000071   rts55x.lib : lowlev.obj (.bss)

.bss.3       0   [ 00009a08 ]  00004d04          *   0000000e   UNINITIALIZED
                 [ 00009a08 ]  00004d04          *   00000006   rts55x.lib : memory.obj (.bss)
                 [ 00009a14 ]  00004d0a          *   00000004              : _lock.obj (.bss)
                 [ 00009a1c ]  00004d0e          *   00000004              : exit.obj (.bss)

.sysstack 
*            0   [ 00009a24 ]  00004d12          *   00000800   UNINITIALIZED
                 [ 00009a24 ]  00004d12          *   00000800   --HOLE--

.cinit       0   [ 0000aa24 ]  00005512          *   00000467   
                 [ 0000aa24 ]  00005512          *   000003f3   main.obj (.cinit)
                 [ 0000b20a ]  00005905          *   0000002d   rts55x.lib : lowlev.obj (.cinit)
                 [ 0000b264 ]  00005932          *   0000002a              : defs.obj (.cinit)
                 [ 0000b2b8 ]  0000595c          *   0000000a              : _lock.obj (.cinit)
                 [ 0000b2cc ]  00005966          *   0000000a              : exit.obj (.cinit)
                 [ 0000b2e0 ]  00005970          *   00000004              : fopen.obj (.cinit)
                 [ 0000b2e8 ]  00005974          *   00000004              : memory.obj (.cinit)
                 [ 0000b2f0 ]  00005978          *   00000001   --HOLE-- [fill = 0]

.const.1     0   [ 0000b2f4 ]  0000597a          *   00000101   
                 [ 0000b2f4 ]  0000597a          *   00000101   rts55x.lib : ctype.obj (.const:__ctypes_)

.const.2     0   [ 0000b4f8 ]  00005a7c          *   0000007c   
                 [ 0000b4f8 ]  00005a7c          *   00000040   main.obj (.const:.string)
                 [ 0000b578 ]  00005abc          *   00000024   rts55x.lib : _printfi.obj (.const:.string)
                 [ 0000b5c0 ]  00005ae0          *   0000000c              : _printfi.obj (.const)
                 [ 0000b5d8 ]  00005aec          *   00000008              : divd.obj (.const:_initial_approx$1)
                 [ 0000b5e8 ]  00005af4          *   00000002              : fputs.obj (.const:.string)
                 [ 0000b5ec ]  00005af6          *   00000002              : fltlid.obj (.const)

.cio         0   [ 0000b5f0 ]  00005af8          *   00000120   UNINITIALIZED
                 [ 0000b5f0 ]  00005af8          *   00000120   rts55x.lib : trgmsg.obj (.cio)

vectors      0     0000fe00  [ 00007f00 ] 00000100          *   
                   0000fe00  [ 00007f00 ] 00000100          *   rts55x.lib : vectors.obj (vectors)


GLOBAL SYMBOLS: SORTED ALPHABETICALLY BY Name 

abs. value/
byte addr   word addr   name
---------   ---------   ----
00000002                $TI_capability$C5500$CallingConvention
00000002                $TI_capability$C5500$MemoryModel
00000001                $TI_capability_requires_rev2
ffffffff                .bss
ffffffff                .data
ffffffff                .text
0000458e                C$$EXIT
00003be9                C$$IO$$
0000454e                I$$LMPY
000044d3                I$$UDIV
000044e8                I$$UMOD
000022b1                _HOSTclock
00002246                _HOSTclose
00002191                _HOSTlseek
000020f2                _HOSTopen
00002065                _HOSTread
00001fb7                _HOSTrename
00001f59                _HOSTtime
00001eef                _HOSTunlink
00001e62                _HOSTwrite
0000fe00                _Reset
            00005af8    __CIOBUF_
            000032cc    __STACK_END
00002000                __STACK_SIZE
00002000                __SYSMEM_SIZE
00001000                __SYSSTACK_SIZE
00000001                __TI_args_main
ffffffff                ___binit__
ffffffff                ___bss__
ffffffff                ___c_args__
            00005512    ___cinit__
ffffffff                ___data__
ffffffff                ___edata__
ffffffff                ___end__
ffffffff                ___etext__
00004520                ___isinf
ffffffff                ___pinit__
ffffffff                ___text__
0000306d                __addd
000042d0                __args_main
00002cb1                __cleanup
            00004d0e    __cleanup_ptr
00003459                __cmpd
            0000597a    __ctypes_
000027c4                __divd
000043b0                __divli
00003038                __divlli
000044d3                __divu
00003d35                __divul
00002f44                __divull
00003a72                __doflush
            00004d10    __dtors_ptr
00003425                __eqld
000044a9                __fixdi
00004029                __fixdli
00004170                __fltlid
00003ece                __frcmpyd
00003f44                __frcmpyd_div
            00004bc0    __ft_end
            00004aa8    __ftable
000033db                __geqd
00003390                __gtrd
00003343                __leqd
            00004d0a    __lock
000032fb                __lssd
00003763                __mpyd
0000454e                __mpyli
00002e8c                __mpylli
00004573                __negd
000032c7                __neqd
00004571                __nop
00001662                __printfi
00003a15                __rd_ok
00004569                __register_lock
00004561                __register_unlock
0000431b                __remli
00002e5d                __remlli
000044e8                __remu
00003fb7                __remul
00002e0f                __remull
            000022cc    __stack
0000453a                __subd
            000032cc    __sys_memory
            00004d12    __sysstack
            00004b20    __tmpnams
            00004d0c    __unlock
00003995                __wrt_ok
0000458d                _abort
00001cf7                _add_device
000041d7                _atoi
00004283                _auto_init
00004475                _c_int00
0000279e                _calloc
00002796                _chkheap
00001c84                _close
            00004aa2    _coef
            00004a9d    _dbuffer
00004437                _exit
00003e53                _fclose
00003adb                _fflush
00003614                _filter
00001c7b                _find_registered_device
00002dd4                _fopen
00004366                _fprintf
00003bee                _fputc
000034b1                _fputs
0000230f                _free
00002740                _free_memory
00002d0b                _freopen
00004105                _fseek
00001de7                _getenv
00003c94                _iircas51
00001c15                _lseek
00003dd6                _ltoa
0000365f                _main
00002440                _malloc
000026e6                _max_free
000044fd                _memccpy
000043f8                _memcpy
000023db                _minit
            000046b4    _oflag
00001b56                _open
            000042cc    _out
000036ae                _printFileOUT
00003670                _printOUT
00004233                _printf
00003bee                _putc
00003c85                _putchar
000035e6                _puts
00001aa8                _read
00004098                _readmsg
00002535                _realloc
00004583                _remove
00001a72                _remove_device
00001a19                _rename
            000046b5    _samplesIn
000038af                _setvbuf
000019e6                _unlink
000018a4                _write
00003b34                _writemsg
00003713                _zerarVetores
ffffffff                binit
            00005512    cinit
ffffffff                edata
ffffffff                end
ffffffff                etext
ffffffff                pinit


GLOBAL SYMBOLS: SORTED BY Symbol Address 

abs. value/
byte addr   word addr   name
---------   ---------   ----
00000001                $TI_capability_requires_rev2
00000001                __TI_args_main
00000002                $TI_capability$C5500$CallingConvention
00000002                $TI_capability$C5500$MemoryModel
00001000                __SYSSTACK_SIZE
00001662                __printfi
000018a4                _write
000019e6                _unlink
00001a19                _rename
00001a72                _remove_device
00001aa8                _read
00001b56                _open
00001c15                _lseek
00001c7b                _find_registered_device
00001c84                _close
00001cf7                _add_device
00001de7                _getenv
00001e62                _HOSTwrite
00001eef                _HOSTunlink
00001f59                _HOSTtime
00001fb7                _HOSTrename
00002000                __STACK_SIZE
00002000                __SYSMEM_SIZE
00002065                _HOSTread
000020f2                _HOSTopen
00002191                _HOSTlseek
00002246                _HOSTclose
000022b1                _HOSTclock
0000230f                _free
000023db                _minit
00002440                _malloc
00002535                _realloc
000026e6                _max_free
00002740                _free_memory
00002796                _chkheap
0000279e                _calloc
000027c4                __divd
00002cb1                __cleanup
00002d0b                _freopen
00002dd4                _fopen
00002e0f                __remull
00002e5d                __remlli
00002e8c                __mpylli
00002f44                __divull
00003038                __divlli
0000306d                __addd
000032c7                __neqd
000032fb                __lssd
00003343                __leqd
00003390                __gtrd
000033db                __geqd
00003425                __eqld
00003459                __cmpd
000034b1                _fputs
000035e6                _puts
00003614                _filter
0000365f                _main
00003670                _printOUT
000036ae                _printFileOUT
00003713                _zerarVetores
00003763                __mpyd
000038af                _setvbuf
00003995                __wrt_ok
00003a15                __rd_ok
00003a72                __doflush
00003adb                _fflush
00003b34                _writemsg
00003be9                C$$IO$$
00003bee                _fputc
00003bee                _putc
00003c85                _putchar
00003c94                _iircas51
00003d35                __divul
00003dd6                _ltoa
00003e53                _fclose
00003ece                __frcmpyd
00003f44                __frcmpyd_div
00003fb7                __remul
00004029                __fixdli
00004098                _readmsg
00004105                _fseek
00004170                __fltlid
000041d7                _atoi
00004233                _printf
00004283                _auto_init
000042d0                __args_main
0000431b                __remli
00004366                _fprintf
000043b0                __divli
000043f8                _memcpy
00004437                _exit
00004475                _c_int00
000044a9                __fixdi
000044d3                I$$UDIV
000044d3                __divu
000044e8                I$$UMOD
000044e8                __remu
000044fd                _memccpy
00004520                ___isinf
0000453a                __subd
0000454e                I$$LMPY
0000454e                __mpyli
00004561                __register_unlock
00004569                __register_lock
00004571                __nop
00004573                __negd
00004583                _remove
0000458d                _abort
0000458e                C$$EXIT
            000022cc    __stack
            000032cc    __STACK_END
            000032cc    __sys_memory
            000042cc    _out
            000046b4    _oflag
            000046b5    _samplesIn
            00004a9d    _dbuffer
            00004aa2    _coef
            00004aa8    __ftable
            00004b20    __tmpnams
            00004bc0    __ft_end
            00004d0a    __lock
            00004d0c    __unlock
            00004d0e    __cleanup_ptr
            00004d10    __dtors_ptr
            00004d12    __sysstack
            00005512    ___cinit__
            00005512    cinit
            0000597a    __ctypes_
            00005af8    __CIOBUF_
0000fe00                _Reset
ffffffff                .bss
ffffffff                .data
ffffffff                .text
ffffffff                ___binit__
ffffffff                ___bss__
ffffffff                ___c_args__
ffffffff                ___data__
ffffffff                ___edata__
ffffffff                ___end__
ffffffff                ___etext__
ffffffff                ___pinit__
ffffffff                ___text__
ffffffff                binit
ffffffff                edata
ffffffff                end
ffffffff                etext
ffffffff                pinit

[147 symbols]
