******************************************************************************
              TMS320C55x Linker PC v4.4.1                      
******************************************************************************
>> Linked Fri Feb 16 18:17:06 2018

OUTPUT FILE NAME:   <fir_iir.out>
ENTRY POINT SYMBOL: "_c_int00"  address: 00004447


MEMORY CONFIGURATION

         name            origin    length      used     unused   attr    fill
                        (bytes)   (bytes)    (bytes)   (bytes)
----------------------  --------  ---------  --------  --------  ----  --------
PAGE 0:
  MMR                   00000000   000000c0  00000000  000000c0  RWIX
  BTRSVD                000000c0   00000240  00000000  00000240  RWIX
  DARAM0                00000300   0000fb00  0000c1fd  00003903  RWIX
  VECS                  0000fe00   00000200  00000100  00000100  RWIX
  CE0                   00010000   003f0000  00000000  003f0000  RWIX
  CE1                   00400000   00400000  00000000  00400000  RWIX
  CE2                   00800000   00400000  00000000  00400000  RWIX
  CE3                   00c00000   003f8000  00000000  003f8000  RWIX
  PDROM                 00ff8000   00008000  00000000  00008000  R IX

PAGE 2:
  IOPORT                00000000   00020000  00000000  00020000  RWI 


SECTION ALLOCATION MAP
(Addresses surrounded by []'s are displayed for convenience only!)

output                                                          attributes/
section   page  orgn(bytes) orgn(words) len(bytes) len(words)   input sections
--------  ----  ----------- ----------- ---------- ----------   --------------
.pinit       0   [ 00000300 ]  00000180          *   00000000   UNINITIALIZED

.data        0   [ 00000300 ]  00000180          *   00000000   UNINITIALIZED

.text        0     00000300  [ 00000180 ] 00004269          *   
                   00000300  [ 00000180 ] 000015a4          *   rts55x.lib : _printfi.obj (.text)
                   000018a4  [ 00000c52 ] 00000543          *              : lowlev.obj (.text)
                   00001de7  [ 00000ef3+] 00000528          *              : trgdrv.obj (.text)
                   0000230f  [ 00001187+] 000004b5          *              : memory.obj (.text)
                   000027c4  [ 000013e2 ] 000003cc          *              : divd.obj (.text)
                   00002b90  [ 000015c8 ] 0000027f          *              : fopen.obj (.text)
                   00002e0f  [ 00001707+] 0000025e          *              : llmpy.obj (.text)
                   0000306d  [ 00001836+] 0000025a          *              : addd.obj (.text)
                   000032c7  [ 00001963+] 000001ea          *              : cmpd.obj (.text)
                   000034b1  [ 00001a58+] 00000163          *              : fputs.obj (.text)
                   00003614  [ 00001b0a ] 00000157          *   main.obj (.text)
                   0000376b  [ 00001bb5+] 0000014c          *   rts55x.lib : mpyd.obj (.text)
                   000038b7  [ 00001c5b+] 000000e6          *              : setvbuf.obj (.text)
                   0000399d  [ 00001cce+] 000000dd          *              : _io_perm.obj (.text)
                   00003a7a  [ 00001d3d ] 000000c2          *              : fflush.obj (.text)
                   00003b3c  [ 00001d9e ] 000000ba          *              : trgmsg.obj (.text:CIO_breakpoint)
                   00003bf6  [ 00001dfb ] 000000a6          *              : fputc.obj (.text)
                   00003c9c  [ 00001e4e ] 000000a1          *              : divul.obj (.text)
                   00003d3d  [ 00001e9e+] 0000007d          *              : ltoa.obj (.text)
                   00003dba  [ 00001edd ] 0000007b          *              : fclose.obj (.text)
                   00003e35  [ 00001f1a+] 00000076          *              : frcmpyd.obj (.text)
                   00003eab  [ 00001f55+] 00000073          *              : frcmpyd_div.obj (.text)
                   00003f1e  [ 00001f8f ] 00000072          *              : remul.obj (.text)
                   00003f90  [ 00001fc8 ] 0000006f          *              : fixdli.obj (.text)
                   00003fff  [ 00001fff+] 0000006d          *              : trgmsg.obj (.text)
                   0000406c  [ 00002036 ] 0000006b          *   55xdspx.lib : fir.obj (.text)
                   000040d7  [ 0000206b+] 0000006b          *   rts55x.lib : fseek.obj (.text)
                   00004142  [ 000020a1 ] 00000067          *              : fltlid.obj (.text)
                   000041a9  [ 000020d4+] 0000005c          *              : atoi.obj (.text)
                   00004205  [ 00002102+] 00000050          *              : printf.obj (.text)
                   00004255  [ 0000212a+] 0000004d          *              : autoinit.obj (.text)
                   000042a2  [ 00002151 ] 0000004b          *              : args_main.obj (.text)
                   000042ed  [ 00002176+] 0000004b          *              : remli.obj (.text)
                   00004338  [ 0000219c ] 0000004a          *              : fprintf.obj (.text)
                   00004382  [ 000021c1 ] 00000048          *              : divli.obj (.text)
                   000043ca  [ 000021e5 ] 0000003f          *              : memcpy.obj (.text)
                   00004409  [ 00002204+] 0000003e          *              : exit.obj (.text)
                   00004447  [ 00002223+] 00000034          *              : boot.obj (.text)
                   0000447b  [ 0000223d+] 0000002a          *              : fixdi.obj (.text)
                   000044a5  [ 00002252+] 0000002a          *              : udiv.obj (.text)
                   000044cf  [ 00002267+] 00000023          *              : memccpy.obj (.text)
                   000044f2  [ 00002279 ] 0000001a          *              : isinf.obj (.text)
                   0000450c  [ 00002286 ] 00000014          *              : subd.obj (.text)
                   00004520  [ 00002290 ] 00000013          *              : lmpy.obj (.text)
                   00004533  [ 00002299+] 00000012          *              : _lock.obj (.text)
                   00004545  [ 000022a2+] 00000010          *              : negd.obj (.text)
                   00004555  [ 000022aa+] 0000000a          *              : remove.obj (.text)
                   0000455f  [ 000022af+] 00000007          *              : exit.obj (.text:CIO_breakpoint)
                   00004566  [ 000022b3 ] 00000002          *              : vectors.obj (.text)
                   00004568  [ 000022b4 ] 00000001          *   --HOLE-- [fill = 20]

.stack       0   [ 0000456c ]  000022b6          *   00001000   UNINITIALIZED
                 [ 0000456c ]  000022b6          *   00001000   --HOLE--

.sysmem      0   [ 0000656c ]  000032b6          *   00001000   UNINITIALIZED
                 [ 0000656c ]  000032b6          *   00001000   --HOLE--

.bss.1       0   [ 0000856c ]  000042b6          *   00000dc5   UNINITIALIZED
                 [ 0000856c ]  000042b6          *   00000bdb   main.obj (.bss)
                 [ 00009d22 ]  00004e91          *   00000001   rts55x.lib : fopen.obj (.bss)
                 [ 00009d24 ]  00004e92          *   00000119              : defs.obj (.bss)
                 [ 00009f56 ]  00004fab          *   000000d0              : trgdrv.obj (.bss)

.bss.2       0   [ 0000a0f8 ]  0000507c          *   00000071   UNINITIALIZED
                 [ 0000a0f8 ]  0000507c          *   00000071   rts55x.lib : lowlev.obj (.bss)

.bss.3       0   [ 0000a1dc ]  000050ee          *   0000000e   UNINITIALIZED
                 [ 0000a1dc ]  000050ee          *   00000006   rts55x.lib : memory.obj (.bss)
                 [ 0000a1e8 ]  000050f4          *   00000004              : _lock.obj (.bss)
                 [ 0000a1f0 ]  000050f8          *   00000004              : exit.obj (.bss)

.sysstack 
*            0   [ 0000a1f8 ]  000050fc          *   00000800   UNINITIALIZED
                 [ 0000a1f8 ]  000050fc          *   00000800   --HOLE--

.cinit       0   [ 0000b1f8 ]  000058fc          *   000006d9   
                 [ 0000b1f8 ]  000058fc          *   00000665   main.obj (.cinit)
                 [ 0000bec2 ]  00005f61          *   0000002d   rts55x.lib : lowlev.obj (.cinit)
                 [ 0000bf1c ]  00005f8e          *   0000002a              : defs.obj (.cinit)
                 [ 0000bf70 ]  00005fb8          *   0000000a              : _lock.obj (.cinit)
                 [ 0000bf84 ]  00005fc2          *   0000000a              : exit.obj (.cinit)
                 [ 0000bf98 ]  00005fcc          *   00000004              : fopen.obj (.cinit)
                 [ 0000bfa0 ]  00005fd0          *   00000004              : memory.obj (.cinit)
                 [ 0000bfa8 ]  00005fd4          *   00000001   --HOLE-- [fill = 0]

.const.1     0   [ 0000bfac ]  00005fd6          *   00000101   
                 [ 0000bfac ]  00005fd6          *   00000101   rts55x.lib : ctype.obj (.const:__ctypes_)

.const.2     0   [ 0000c1b0 ]  000060d8          *   0000008c   
                 [ 0000c1b0 ]  000060d8          *   00000050   main.obj (.const:.string)
                 [ 0000c250 ]  00006128          *   00000024   rts55x.lib : _printfi.obj (.const:.string)
                 [ 0000c298 ]  0000614c          *   0000000c              : _printfi.obj (.const)
                 [ 0000c2b0 ]  00006158          *   00000008              : divd.obj (.const:_initial_approx$1)
                 [ 0000c2c0 ]  00006160          *   00000002              : fputs.obj (.const:.string)
                 [ 0000c2c4 ]  00006162          *   00000002              : fltlid.obj (.const)

.cio         0   [ 0000c2c8 ]  00006164          *   00000120   UNINITIALIZED
                 [ 0000c2c8 ]  00006164          *   00000120   rts55x.lib : trgmsg.obj (.cio)

vectors      0     0000fe00  [ 00007f00 ] 00000100          *   
                   0000fe00  [ 00007f00 ] 00000100          *   rts55x.lib : vectors.obj (vectors)


GLOBAL SYMBOLS: SORTED ALPHABETICALLY BY Name 

abs. value/
byte addr   word addr   name
---------   ---------   ----
00000002                $TI_capability$C5500$CallingConvention
00000002                $TI_capability$C5500$MemoryModel
00000001                $TI_capability_requires_rev2
ffffffff                .bss
ffffffff                .data
ffffffff                .text
00004560                C$$EXIT
00003bf1                C$$IO$$
00004520                I$$LMPY
000044a5                I$$UDIV
000044ba                I$$UMOD
            00004454    _HBand
            0000437d    _HHigh
            000042b6    _HLow
000022b1                _HOSTclock
00002246                _HOSTclose
00002191                _HOSTlseek
000020f2                _HOSTopen
00002065                _HOSTread
00001fb7                _HOSTrename
00001f59                _HOSTtime
00001eef                _HOSTunlink
00001e62                _HOSTwrite
0000fe00                _Reset
            00006164    __CIOBUF_
            000032b6    __STACK_END
00002000                __STACK_SIZE
00002000                __SYSMEM_SIZE
00001000                __SYSSTACK_SIZE
00000001                __TI_args_main
ffffffff                ___binit__
ffffffff                ___bss__
ffffffff                ___c_args__
            000058fc    ___cinit__
ffffffff                ___data__
ffffffff                ___edata__
ffffffff                ___end__
ffffffff                ___etext__
000044f2                ___isinf
ffffffff                ___pinit__
ffffffff                ___text__
0000306d                __addd
000042a2                __args_main
00002cb1                __cleanup
            000050f8    __cleanup_ptr
00003459                __cmpd
            00005fd6    __ctypes_
000027c4                __divd
00004382                __divli
00003038                __divlli
000044a5                __divu
00003c9c                __divul
00002f44                __divull
00003a7a                __doflush
            000050fa    __dtors_ptr
00003425                __eqld
0000447b                __fixdi
00003f90                __fixdli
00004142                __fltlid
00003e35                __frcmpyd
00003eab                __frcmpyd_div
            00004faa    __ft_end
            00004e92    __ftable
000033db                __geqd
00003390                __gtrd
00003343                __leqd
            000050f4    __lock
000032fb                __lssd
0000376b                __mpyd
00004520                __mpyli
00002e8c                __mpylli
00004545                __negd
000032c7                __neqd
00004543                __nop
00001662                __printfi
00003a1d                __rd_ok
0000453b                __register_lock
00004533                __register_unlock
000042ed                __remli
00002e5d                __remlli
000044ba                __remu
00003f1e                __remul
00002e0f                __remull
            000022b6    __stack
0000450c                __subd
            000032b6    __sys_memory
            000050fc    __sysstack
            00004f0a    __tmpnams
            000050f6    __unlock
0000399d                __wrt_ok
0000455f                _abort
00001cf7                _add_device
000041a9                _atoi
00004255                _auto_init
00004447                _c_int00
0000279e                _calloc
00002796                _chkheap
00001c84                _close
            00004906    _dbuffer
            000049cf    _dbufferHigh
00004409                _exit
00003dba                _fclose
00003ae3                _fflush
00001c7b                _find_registered_device
0000406c                _fir
00002dd4                _fopen
00004338                _fprintf
00003bf6                _fputc
000034b1                _fputs
0000230f                _free
00002740                _free_memory
00002d0b                _freopen
000040d7                _fseek
00001de7                _getenv
00001c15                _lseek
00003d3d                _ltoa
00003614                _main
00002440                _malloc
000026e6                _max_free
000044cf                _memccpy
000043ca                _memcpy
000023db                _minit
            00004904    _nh
            00004905    _nh2
            00004903    _nx
            00004e90    _oflag
00001b56                _open
            00004aa8    _out
00004205                _printf
00003bf6                _putc
00003c8d                _putchar
000035e6                _puts
00001aa8                _read
00003fff                _readmsg
00002535                _realloc
00004555                _remove
00001a72                _remove_device
00001a19                _rename
            0000451b    _samplesIn
000038b7                _setvbuf
0000366e                _showOutFIR
000019e6                _unlink
000018a4                _write
000036ac                _writeOutFIR
00003b3c                _writemsg
00003719                _zerarVetores
ffffffff                binit
            000058fc    cinit
ffffffff                edata
ffffffff                end
ffffffff                etext
ffffffff                pinit


GLOBAL SYMBOLS: SORTED BY Symbol Address 

abs. value/
byte addr   word addr   name
---------   ---------   ----
00000001                $TI_capability_requires_rev2
00000001                __TI_args_main
00000002                $TI_capability$C5500$CallingConvention
00000002                $TI_capability$C5500$MemoryModel
00001000                __SYSSTACK_SIZE
00001662                __printfi
000018a4                _write
000019e6                _unlink
00001a19                _rename
00001a72                _remove_device
00001aa8                _read
00001b56                _open
00001c15                _lseek
00001c7b                _find_registered_device
00001c84                _close
00001cf7                _add_device
00001de7                _getenv
00001e62                _HOSTwrite
00001eef                _HOSTunlink
00001f59                _HOSTtime
00001fb7                _HOSTrename
00002000                __STACK_SIZE
00002000                __SYSMEM_SIZE
00002065                _HOSTread
000020f2                _HOSTopen
00002191                _HOSTlseek
00002246                _HOSTclose
000022b1                _HOSTclock
0000230f                _free
000023db                _minit
00002440                _malloc
00002535                _realloc
000026e6                _max_free
00002740                _free_memory
00002796                _chkheap
0000279e                _calloc
000027c4                __divd
00002cb1                __cleanup
00002d0b                _freopen
00002dd4                _fopen
00002e0f                __remull
00002e5d                __remlli
00002e8c                __mpylli
00002f44                __divull
00003038                __divlli
0000306d                __addd
000032c7                __neqd
000032fb                __lssd
00003343                __leqd
00003390                __gtrd
000033db                __geqd
00003425                __eqld
00003459                __cmpd
000034b1                _fputs
000035e6                _puts
00003614                _main
0000366e                _showOutFIR
000036ac                _writeOutFIR
00003719                _zerarVetores
0000376b                __mpyd
000038b7                _setvbuf
0000399d                __wrt_ok
00003a1d                __rd_ok
00003a7a                __doflush
00003ae3                _fflush
00003b3c                _writemsg
00003bf1                C$$IO$$
00003bf6                _fputc
00003bf6                _putc
00003c8d                _putchar
00003c9c                __divul
00003d3d                _ltoa
00003dba                _fclose
00003e35                __frcmpyd
00003eab                __frcmpyd_div
00003f1e                __remul
00003f90                __fixdli
00003fff                _readmsg
0000406c                _fir
000040d7                _fseek
00004142                __fltlid
000041a9                _atoi
00004205                _printf
00004255                _auto_init
000042a2                __args_main
000042ed                __remli
00004338                _fprintf
00004382                __divli
000043ca                _memcpy
00004409                _exit
00004447                _c_int00
0000447b                __fixdi
000044a5                I$$UDIV
000044a5                __divu
000044ba                I$$UMOD
000044ba                __remu
000044cf                _memccpy
000044f2                ___isinf
0000450c                __subd
00004520                I$$LMPY
00004520                __mpyli
00004533                __register_unlock
0000453b                __register_lock
00004543                __nop
00004545                __negd
00004555                _remove
0000455f                _abort
00004560                C$$EXIT
            000022b6    __stack
            000032b6    __STACK_END
            000032b6    __sys_memory
            000042b6    _HLow
            0000437d    _HHigh
            00004454    _HBand
            0000451b    _samplesIn
            00004903    _nx
            00004904    _nh
            00004905    _nh2
            00004906    _dbuffer
            000049cf    _dbufferHigh
            00004aa8    _out
            00004e90    _oflag
            00004e92    __ftable
            00004f0a    __tmpnams
            00004faa    __ft_end
            000050f4    __lock
            000050f6    __unlock
            000050f8    __cleanup_ptr
            000050fa    __dtors_ptr
            000050fc    __sysstack
            000058fc    ___cinit__
            000058fc    cinit
            00005fd6    __ctypes_
            00006164    __CIOBUF_
0000fe00                _Reset
ffffffff                .bss
ffffffff                .data
ffffffff                .text
ffffffff                ___binit__
ffffffff                ___bss__
ffffffff                ___c_args__
ffffffff                ___data__
ffffffff                ___edata__
ffffffff                ___end__
ffffffff                ___etext__
ffffffff                ___pinit__
ffffffff                ___text__
ffffffff                binit
ffffffff                edata
ffffffff                end
ffffffff                etext
ffffffff                pinit

[152 symbols]
