******************************************************************************
              TMS320C55x Linker PC v4.4.1                      
******************************************************************************
>> Linked Wed Dec 13 11:50:31 2017

OUTPUT FILE NAME:   <lab3_ativ1.out>
ENTRY POINT SYMBOL: "_c_int00"  address: 0000497a


MEMORY CONFIGURATION

         name            origin    length      used     unused   attr    fill
                        (bytes)   (bytes)    (bytes)   (bytes)
----------------------  --------  ---------  --------  --------  ----  --------
PAGE 0:
  MMR                   00000000   000000c0  00000000  000000c0  RWIX
  BTRSVD                000000c0   00000240  00000000  00000240  RWIX
  DARAM0                00000300   0000fb00  00009e64  00005c9c  RWIX
  VECS                  0000fe00   00000200  00000100  00000100  RWIX
  CE0                   00010000   003f0000  00005030  003eafd0  RWIX
  CE1                   00400000   00400000  00000000  00400000  RWIX
  CE2                   00800000   00400000  00000000  00400000  RWIX
  CE3                   00c00000   003f8000  00000000  003f8000  RWIX
  PDROM                 00ff8000   00008000  00000000  00008000  R IX

PAGE 2:
  IOPORT                00000000   00020000  00000000  00020000  RWI 


SECTION ALLOCATION MAP
(Addresses surrounded by []'s are displayed for convenience only!)

output                                                          attributes/
section   page  orgn(bytes) orgn(words) len(bytes) len(words)   input sections
--------  ----  ----------- ----------- ---------- ----------   --------------
.pinit       0   [ 00000300 ]  00000180          *   00000000   UNINITIALIZED

.data        0   [ 00000300 ]  00000180          *   00000000   UNINITIALIZED

.text        0     00000300  [ 00000180 ] 0000479c          *   
                   00000300  [ 00000180 ] 000015a4          *   rts55x.lib : _printfi.obj (.text)
                   000018a4  [ 00000c52 ] 00000543          *              : lowlev.obj (.text)
                   00001de7  [ 00000ef3+] 00000528          *              : trgdrv.obj (.text)
                   0000230f  [ 00001187+] 000004b5          *              : memory.obj (.text)
                   000027c4  [ 000013e2 ] 000003cc          *              : divd.obj (.text)
                   00002b90  [ 000015c8 ] 00000394          *   main.obj (.text)
                   00002f24  [ 00001792 ] 0000027f          *   rts55x.lib : fopen.obj (.text)
                   000031a3  [ 000018d1+] 0000025e          *              : llmpy.obj (.text)
                   00003401  [ 00001a00+] 0000025a          *              : addd.obj (.text)
                   0000365b  [ 00001b2d+] 000001ee          *              : fwrite.obj (.text)
                   00003849  [ 00001c24+] 000001ea          *              : cmpd.obj (.text)
                   00003a33  [ 00001d19+] 00000163          *              : fputs.obj (.text)
                   00003b96  [ 00001dcb ] 0000014c          *              : mpyd.obj (.text)
                   00003ce2  [ 00001e71 ] 0000010f          *              : fread.obj (.text)
                   00003df1  [ 00001ef8+] 000000e6          *              : setvbuf.obj (.text)
                   00003ed7  [ 00001f6b+] 000000dd          *              : _io_perm.obj (.text)
                   00003fb4  [ 00001fda ] 000000c2          *              : fflush.obj (.text)
                   00004076  [ 0000203b ] 000000ba          *              : trgmsg.obj (.text:CIO_breakpoint)
                   00004130  [ 00002098 ] 000000ae          *              : _bufread.obj (.text)
                   000041de  [ 000020ef ] 000000a6          *              : fputc.obj (.text)
                   00004284  [ 00002142 ] 000000a1          *              : divul.obj (.text)
                   00004325  [ 00002192+] 0000007d          *              : ltoa.obj (.text)
                   000043a2  [ 000021d1 ] 0000007b          *              : fclose.obj (.text)
                   0000441d  [ 0000220e+] 00000076          *              : frcmpyd.obj (.text)
                   00004493  [ 00002249+] 00000073          *              : frcmpyd_div.obj (.text)
                   00004506  [ 00002283 ] 00000072          *              : remul.obj (.text)
                   00004578  [ 000022bc ] 0000006f          *              : fixdli.obj (.text)
                   000045e7  [ 000022f3+] 0000006d          *              : trgmsg.obj (.text)
                   00004654  [ 0000232a ] 0000006b          *              : fseek.obj (.text)
                   000046bf  [ 0000235f+] 00000067          *              : fltlid.obj (.text)
                   00004726  [ 00002393 ] 0000005c          *              : atoi.obj (.text)
                   00004782  [ 000023c1 ] 00000050          *              : printf.obj (.text)
                   000047d2  [ 000023e9 ] 0000004d          *              : autoinit.obj (.text)
                   0000481f  [ 0000240f+] 0000004b          *              : args_main.obj (.text)
                   0000486a  [ 00002435 ] 0000004b          *              : remli.obj (.text)
                   000048b5  [ 0000245a+] 00000048          *              : divli.obj (.text)
                   000048fd  [ 0000247e+] 0000003f          *              : memcpy.obj (.text)
                   0000493c  [ 0000249e ] 0000003e          *              : exit.obj (.text)
                   0000497a  [ 000024bd ] 00000034          *              : boot.obj (.text)
                   000049ae  [ 000024d7 ] 0000002a          *              : fixdi.obj (.text)
                   000049d8  [ 000024ec ] 0000002a          *              : udiv.obj (.text)
                   00004a02  [ 00002501 ] 00000023          *              : memccpy.obj (.text)
                   00004a25  [ 00002512+] 0000001a          *              : isinf.obj (.text)
                   00004a3f  [ 0000251f+] 00000014          *              : subd.obj (.text)
                   00004a53  [ 00002529+] 00000013          *              : lmpy.obj (.text)
                   00004a66  [ 00002533 ] 00000012          *              : _lock.obj (.text)
                   00004a78  [ 0000253c ] 00000010          *              : negd.obj (.text)
                   00004a88  [ 00002544 ] 0000000a          *              : remove.obj (.text)
                   00004a92  [ 00002549 ] 00000007          *              : exit.obj (.text:CIO_breakpoint)
                   00004a99  [ 0000254c+] 00000002          *              : vectors.obj (.text)
                   00004a9b  [ 0000254d ] 00000001          *   --HOLE-- [fill = 20]

.stack       0   [ 00004a9c ]  0000254e          *   00001000   UNINITIALIZED
                 [ 00004a9c ]  0000254e          *   00001000   --HOLE--

.sysmem      0   [ 00006a9c ]  0000354e          *   00001000   UNINITIALIZED
                 [ 00006a9c ]  0000354e          *   00001000   --HOLE--

.sysstack 
*            0   [ 00008a9c ]  0000454e          *   00000800   UNINITIALIZED
                 [ 00008a9c ]  0000454e          *   00000800   --HOLE--

.const.1     0   [ 00009a9c ]  00004d4e          *   00000101   
                 [ 00009a9c ]  00004d4e          *   00000101   rts55x.lib : ctype.obj (.const:__ctypes_)

.const.2     0   [ 00009ca0 ]  00004e50          *   0000008b   
                 [ 00009ca0 ]  00004e50          *   0000008b   main.obj (.const:.string)

.const.3     0   [ 00009db8 ]  00004edc          *   0000003c   
                 [ 00009db8 ]  00004edc          *   00000024   rts55x.lib : _printfi.obj (.const:.string)
                 [ 00009e00 ]  00004f00          *   0000000c              : _printfi.obj (.const)
                 [ 00009e18 ]  00004f0c          *   00000008              : divd.obj (.const:_initial_approx$1)
                 [ 00009e28 ]  00004f14          *   00000002              : fputs.obj (.const:.string)
                 [ 00009e2c ]  00004f16          *   00000002              : fltlid.obj (.const)

.cio         0   [ 00009e30 ]  00004f18          *   00000120   UNINITIALIZED
                 [ 00009e30 ]  00004f18          *   00000120   rts55x.lib : trgmsg.obj (.cio)

.cinit       0   [ 0000a070 ]  00005038          *   0000007c   
                 [ 0000a070 ]  00005038          *   0000002d   rts55x.lib : lowlev.obj (.cinit)
                 [ 0000a0ca ]  00005065          *   0000002a              : defs.obj (.cinit)
                 [ 0000a11e ]  0000508f          *   0000000a              : _lock.obj (.cinit)
                 [ 0000a132 ]  00005099          *   0000000a              : exit.obj (.cinit)
                 [ 0000a146 ]  000050a3          *   00000008   main.obj (.cinit)
                 [ 0000a156 ]  000050ab          *   00000004   rts55x.lib : fopen.obj (.cinit)
                 [ 0000a15e ]  000050af          *   00000004              : memory.obj (.cinit)
                 [ 0000a166 ]  000050b3          *   00000001   --HOLE-- [fill = 0]

vectors      0     0000fe00  [ 00007f00 ] 00000100          *   
                   0000fe00  [ 00007f00 ] 00000100          *   rts55x.lib : vectors.obj (vectors)

.bss.1       0   [ 00010000 ]  00008000          *   00002799   UNINITIALIZED
                 [ 00010000 ]  00008000          *   000025af   main.obj (.bss)
                 [ 00014b5e ]  0000a5af          *   00000001   rts55x.lib : fopen.obj (.bss)
                 [ 00014b60 ]  0000a5b0          *   00000119              : defs.obj (.bss)
                 [ 00014d92 ]  0000a6c9          *   000000d0              : trgdrv.obj (.bss)

.bss.2       0   [ 00014f34 ]  0000a79a          *   00000071   UNINITIALIZED
                 [ 00014f34 ]  0000a79a          *   00000071   rts55x.lib : lowlev.obj (.bss)

.bss.3       0   [ 00015018 ]  0000a80c          *   0000000e   UNINITIALIZED
                 [ 00015018 ]  0000a80c          *   00000006   rts55x.lib : memory.obj (.bss)
                 [ 00015024 ]  0000a812          *   00000004              : _lock.obj (.bss)
                 [ 0001502c ]  0000a816          *   00000004              : exit.obj (.bss)


GLOBAL SYMBOLS: SORTED ALPHABETICALLY BY Name 

abs. value/
byte addr   word addr   name
---------   ---------   ----
00000002                $TI_capability$C5500$CallingConvention
00000002                $TI_capability$C5500$MemoryModel
00000001                $TI_capability_requires_rev2
ffffffff                .bss
ffffffff                .data
ffffffff                .text
00004a93                C$$EXIT
0000412b                C$$IO$$
00004a53                I$$LMPY
000049d8                I$$UDIV
000049ed                I$$UMOD
000022b1                _HOSTclock
00002246                _HOSTclose
00002191                _HOSTlseek
000020f2                _HOSTopen
00002065                _HOSTread
00001fb7                _HOSTrename
00001f59                _HOSTtime
00001eef                _HOSTunlink
00001e62                _HOSTwrite
0000fe00                _Reset
            00004f18    __CIOBUF_
            0000354e    __STACK_END
00002000                __STACK_SIZE
00002000                __SYSMEM_SIZE
00001000                __SYSSTACK_SIZE
00000001                __TI_args_main
ffffffff                ___binit__
ffffffff                ___bss__
ffffffff                ___c_args__
            00005038    ___cinit__
ffffffff                ___data__
ffffffff                ___edata__
ffffffff                ___end__
ffffffff                ___etext__
00004a25                ___isinf
ffffffff                ___pinit__
ffffffff                ___text__
00003401                __addd
0000481f                __args_main
00004130                __buff_read
00003045                __cleanup
            0000a816    __cleanup_ptr
000039db                __cmpd
            00004d4e    __ctypes_
000027c4                __divd
000048b5                __divli
000033cc                __divlli
000049d8                __divu
00004284                __divul
000032d8                __divull
00003fb4                __doflush
            0000a818    __dtors_ptr
000039a7                __eqld
000049ae                __fixdi
00004578                __fixdli
000046bf                __fltlid
0000441d                __frcmpyd
00004493                __frcmpyd_div
            0000a6c8    __ft_end
            0000a5b0    __ftable
0000395d                __geqd
00003912                __gtrd
000038c5                __leqd
            0000a812    __lock
0000387d                __lssd
00003b96                __mpyd
00004a53                __mpyli
00003220                __mpylli
00004a78                __negd
00003849                __neqd
00004a76                __nop
00001662                __printfi
00003f57                __rd_ok
00004a6e                __register_lock
00004a66                __register_unlock
0000486a                __remli
000031f1                __remlli
000049ed                __remu
00004506                __remul
000031a3                __remull
            0000254e    __stack
00004a3f                __subd
            0000354e    __sys_memory
            0000454e    __sysstack
            0000a628    __tmpnams
            0000a814    __unlock
00003ed7                __wrt_ok
00004a92                _abort
00001cf7                _add_device
00004726                _atoi
000047d2                _auto_init
            0000a580    _buffer
0000497a                _c_int00
0000279e                _calloc
00002796                _chkheap
00001c84                _close
00002e4c                _delay
0000493c                _exit
000043a2                _fclose
0000401d                _fflush
00001c7b                _find_registered_device
00003168                _fopen
000041de                _fputc
00003a33                _fputs
00003ce2                _fread
0000230f                _free
00002740                _free_memory
0000309f                _freopen
00004654                _fseek
0000365b                _fwrite
00001de7                _getenv
00001c15                _lseek
00004325                _ltoa
00002b90                _main
00002440                _malloc
            0000a5ad    _maxIn
            0000a5ae    _maxOut
000026e6                _max_free
00004a02                _memccpy
000048fd                _memcpy
000023db                _minit
00001b56                _open
            00009900    _outSample
            00008c80    _preSample
00004782                _printf
000041de                _putc
00004275                _putchar
00003b68                _puts
00002efd                _q_mul
00001aa8                _read
000045e7                _readmsg
00002535                _realloc
00004a88                _remove
00001a72                _remove_device
00001a19                _rename
            00008000    _samples
00002ed2                _sat16
00003df1                _setvbuf
00002eba                _soma
000019e6                _unlink
            0000a581    _wavHd
00002bab                _wavReader
000018a4                _write
00004076                _writemsg
00002e0a                _zerarBuffers
ffffffff                binit
            00005038    cinit
ffffffff                edata
ffffffff                end
ffffffff                etext
ffffffff                pinit


GLOBAL SYMBOLS: SORTED BY Symbol Address 

abs. value/
byte addr   word addr   name
---------   ---------   ----
00000001                $TI_capability_requires_rev2
00000001                __TI_args_main
00000002                $TI_capability$C5500$CallingConvention
00000002                $TI_capability$C5500$MemoryModel
00001000                __SYSSTACK_SIZE
00001662                __printfi
000018a4                _write
000019e6                _unlink
00001a19                _rename
00001a72                _remove_device
00001aa8                _read
00001b56                _open
00001c15                _lseek
00001c7b                _find_registered_device
00001c84                _close
00001cf7                _add_device
00001de7                _getenv
00001e62                _HOSTwrite
00001eef                _HOSTunlink
00001f59                _HOSTtime
00001fb7                _HOSTrename
00002000                __STACK_SIZE
00002000                __SYSMEM_SIZE
00002065                _HOSTread
000020f2                _HOSTopen
00002191                _HOSTlseek
00002246                _HOSTclose
000022b1                _HOSTclock
0000230f                _free
000023db                _minit
00002440                _malloc
00002535                _realloc
000026e6                _max_free
00002740                _free_memory
00002796                _chkheap
0000279e                _calloc
000027c4                __divd
00002b90                _main
00002bab                _wavReader
00002e0a                _zerarBuffers
00002e4c                _delay
00002eba                _soma
00002ed2                _sat16
00002efd                _q_mul
00003045                __cleanup
0000309f                _freopen
00003168                _fopen
000031a3                __remull
000031f1                __remlli
00003220                __mpylli
000032d8                __divull
000033cc                __divlli
00003401                __addd
0000365b                _fwrite
00003849                __neqd
0000387d                __lssd
000038c5                __leqd
00003912                __gtrd
0000395d                __geqd
000039a7                __eqld
000039db                __cmpd
00003a33                _fputs
00003b68                _puts
00003b96                __mpyd
00003ce2                _fread
00003df1                _setvbuf
00003ed7                __wrt_ok
00003f57                __rd_ok
00003fb4                __doflush
0000401d                _fflush
00004076                _writemsg
0000412b                C$$IO$$
00004130                __buff_read
000041de                _fputc
000041de                _putc
00004275                _putchar
00004284                __divul
00004325                _ltoa
000043a2                _fclose
0000441d                __frcmpyd
00004493                __frcmpyd_div
00004506                __remul
00004578                __fixdli
000045e7                _readmsg
00004654                _fseek
000046bf                __fltlid
00004726                _atoi
00004782                _printf
000047d2                _auto_init
0000481f                __args_main
0000486a                __remli
000048b5                __divli
000048fd                _memcpy
0000493c                _exit
0000497a                _c_int00
000049ae                __fixdi
000049d8                I$$UDIV
000049d8                __divu
000049ed                I$$UMOD
000049ed                __remu
00004a02                _memccpy
00004a25                ___isinf
00004a3f                __subd
00004a53                I$$LMPY
00004a53                __mpyli
00004a66                __register_unlock
00004a6e                __register_lock
00004a76                __nop
00004a78                __negd
00004a88                _remove
00004a92                _abort
00004a93                C$$EXIT
            0000254e    __stack
            0000354e    __STACK_END
            0000354e    __sys_memory
            0000454e    __sysstack
            00004d4e    __ctypes_
            00004f18    __CIOBUF_
            00005038    ___cinit__
            00005038    cinit
0000fe00                _Reset
            00008000    _samples
            00008c80    _preSample
            00009900    _outSample
            0000a580    _buffer
            0000a581    _wavHd
            0000a5ad    _maxIn
            0000a5ae    _maxOut
            0000a5b0    __ftable
            0000a628    __tmpnams
            0000a6c8    __ft_end
            0000a812    __lock
            0000a814    __unlock
            0000a816    __cleanup_ptr
            0000a818    __dtors_ptr
ffffffff                .bss
ffffffff                .data
ffffffff                .text
ffffffff                ___binit__
ffffffff                ___bss__
ffffffff                ___c_args__
ffffffff                ___data__
ffffffff                ___edata__
ffffffff                ___end__
ffffffff                ___etext__
ffffffff                ___pinit__
ffffffff                ___text__
ffffffff                binit
ffffffff                edata
ffffffff                end
ffffffff                etext
ffffffff                pinit

[152 symbols]
