******************************************************************************
              TMS320C55x Linker PC v4.4.1                      
******************************************************************************
>> Linked Mon Dec 11 11:08:17 2017

OUTPUT FILE NAME:   <lab3_ativ1.out>
ENTRY POINT SYMBOL: "_c_int00"  address: 000048dd


MEMORY CONFIGURATION

         name            origin    length      used     unused   attr    fill
                        (bytes)   (bytes)    (bytes)   (bytes)
----------------------  --------  ---------  --------  --------  ----  --------
PAGE 0:
  MMR                   00000000   000000c0  00000000  000000c0  RWIX
  BTRSVD                000000c0   00000240  00000000  00000240  RWIX
  DARAM0                00000300   0000fb00  00009dcb  00005d35  RWIX
  VECS                  0000fe00   00000200  00000100  00000100  RWIX
  CE0                   00010000   003f0000  00005030  003eafd0  RWIX
  CE1                   00400000   00400000  00000000  00400000  RWIX
  CE2                   00800000   00400000  00000000  00400000  RWIX
  CE3                   00c00000   003f8000  00000000  003f8000  RWIX
  PDROM                 00ff8000   00008000  00000000  00008000  R IX

PAGE 2:
  IOPORT                00000000   00020000  00000000  00020000  RWI 


SECTION ALLOCATION MAP
(Addresses surrounded by []'s are displayed for convenience only!)

output                                                          attributes/
section   page  orgn(bytes) orgn(words) len(bytes) len(words)   input sections
--------  ----  ----------- ----------- ---------- ----------   --------------
.pinit       0   [ 00000300 ]  00000180          *   00000000   UNINITIALIZED

.data        0   [ 00000300 ]  00000180          *   00000000   UNINITIALIZED

.text        0     00000300  [ 00000180 ] 000046ff          *   
                   00000300  [ 00000180 ] 000015a4          *   rts55x.lib : _printfi.obj (.text)
                   000018a4  [ 00000c52 ] 00000543          *              : lowlev.obj (.text)
                   00001de7  [ 00000ef3+] 00000528          *              : trgdrv.obj (.text)
                   0000230f  [ 00001187+] 000004b5          *              : memory.obj (.text)
                   000027c4  [ 000013e2 ] 000003cc          *              : divd.obj (.text)
                   00002b90  [ 000015c8 ] 000002f7          *   main.obj (.text)
                   00002e87  [ 00001743+] 0000027f          *   rts55x.lib : fopen.obj (.text)
                   00003106  [ 00001883 ] 0000025e          *              : llmpy.obj (.text)
                   00003364  [ 000019b2 ] 0000025a          *              : addd.obj (.text)
                   000035be  [ 00001adf ] 000001ee          *              : fwrite.obj (.text)
                   000037ac  [ 00001bd6 ] 000001ea          *              : cmpd.obj (.text)
                   00003996  [ 00001ccb ] 00000163          *              : fputs.obj (.text)
                   00003af9  [ 00001d7c+] 0000014c          *              : mpyd.obj (.text)
                   00003c45  [ 00001e22+] 0000010f          *              : fread.obj (.text)
                   00003d54  [ 00001eaa ] 000000e6          *              : setvbuf.obj (.text)
                   00003e3a  [ 00001f1d ] 000000dd          *              : _io_perm.obj (.text)
                   00003f17  [ 00001f8b+] 000000c2          *              : fflush.obj (.text)
                   00003fd9  [ 00001fec+] 000000ba          *              : trgmsg.obj (.text:CIO_breakpoint)
                   00004093  [ 00002049+] 000000ae          *              : _bufread.obj (.text)
                   00004141  [ 000020a0+] 000000a6          *              : fputc.obj (.text)
                   000041e7  [ 000020f3+] 000000a1          *              : divul.obj (.text)
                   00004288  [ 00002144 ] 0000007d          *              : ltoa.obj (.text)
                   00004305  [ 00002182+] 0000007b          *              : fclose.obj (.text)
                   00004380  [ 000021c0 ] 00000076          *              : frcmpyd.obj (.text)
                   000043f6  [ 000021fb ] 00000073          *              : frcmpyd_div.obj (.text)
                   00004469  [ 00002234+] 00000072          *              : remul.obj (.text)
                   000044db  [ 0000226d+] 0000006f          *              : fixdli.obj (.text)
                   0000454a  [ 000022a5 ] 0000006d          *              : trgmsg.obj (.text)
                   000045b7  [ 000022db+] 0000006b          *              : fseek.obj (.text)
                   00004622  [ 00002311 ] 00000067          *              : fltlid.obj (.text)
                   00004689  [ 00002344+] 0000005c          *              : atoi.obj (.text)
                   000046e5  [ 00002372+] 00000050          *              : printf.obj (.text)
                   00004735  [ 0000239a+] 0000004d          *              : autoinit.obj (.text)
                   00004782  [ 000023c1 ] 0000004b          *              : args_main.obj (.text)
                   000047cd  [ 000023e6+] 0000004b          *              : remli.obj (.text)
                   00004818  [ 0000240c ] 00000048          *              : divli.obj (.text)
                   00004860  [ 00002430 ] 0000003f          *              : memcpy.obj (.text)
                   0000489f  [ 0000244f+] 0000003e          *              : exit.obj (.text)
                   000048dd  [ 0000246e+] 00000034          *              : boot.obj (.text)
                   00004911  [ 00002488+] 0000002a          *              : fixdi.obj (.text)
                   0000493b  [ 0000249d+] 0000002a          *              : udiv.obj (.text)
                   00004965  [ 000024b2+] 00000023          *              : memccpy.obj (.text)
                   00004988  [ 000024c4 ] 0000001a          *              : isinf.obj (.text)
                   000049a2  [ 000024d1 ] 00000014          *              : subd.obj (.text)
                   000049b6  [ 000024db ] 00000013          *              : lmpy.obj (.text)
                   000049c9  [ 000024e4+] 00000012          *              : _lock.obj (.text)
                   000049db  [ 000024ed+] 00000010          *              : negd.obj (.text)
                   000049eb  [ 000024f5+] 0000000a          *              : remove.obj (.text)
                   000049f5  [ 000024fa+] 00000007          *              : exit.obj (.text:CIO_breakpoint)
                   000049fc  [ 000024fe ] 00000002          *              : vectors.obj (.text)
                   000049fe  [ 000024ff ] 00000001          *   --HOLE-- [fill = 20]

.stack       0   [ 00004a00 ]  00002500          *   00001000   UNINITIALIZED
                 [ 00004a00 ]  00002500          *   00001000   --HOLE--

.sysmem      0   [ 00006a00 ]  00003500          *   00001000   UNINITIALIZED
                 [ 00006a00 ]  00003500          *   00001000   --HOLE--

.sysstack 
*            0   [ 00008a00 ]  00004500          *   00000800   UNINITIALIZED
                 [ 00008a00 ]  00004500          *   00000800   --HOLE--

.const.1     0   [ 00009a00 ]  00004d00          *   00000101   
                 [ 00009a00 ]  00004d00          *   00000101   rts55x.lib : ctype.obj (.const:__ctypes_)

.const.2     0   [ 00009c04 ]  00004e02          *   0000008d   
                 [ 00009c04 ]  00004e02          *   0000008d   main.obj (.const:.string)

.const.3     0   [ 00009d20 ]  00004e90          *   0000003c   
                 [ 00009d20 ]  00004e90          *   00000024   rts55x.lib : _printfi.obj (.const:.string)
                 [ 00009d68 ]  00004eb4          *   0000000c              : _printfi.obj (.const)
                 [ 00009d80 ]  00004ec0          *   00000008              : divd.obj (.const:_initial_approx$1)
                 [ 00009d90 ]  00004ec8          *   00000002              : fputs.obj (.const:.string)
                 [ 00009d94 ]  00004eca          *   00000002              : fltlid.obj (.const)

.cio         0   [ 00009d98 ]  00004ecc          *   00000120   UNINITIALIZED
                 [ 00009d98 ]  00004ecc          *   00000120   rts55x.lib : trgmsg.obj (.cio)

.cinit       0   [ 00009fd8 ]  00004fec          *   0000007c   
                 [ 00009fd8 ]  00004fec          *   0000002d   rts55x.lib : lowlev.obj (.cinit)
                 [ 0000a032 ]  00005019          *   0000002a              : defs.obj (.cinit)
                 [ 0000a086 ]  00005043          *   0000000a              : _lock.obj (.cinit)
                 [ 0000a09a ]  0000504d          *   0000000a              : exit.obj (.cinit)
                 [ 0000a0ae ]  00005057          *   00000008   main.obj (.cinit)
                 [ 0000a0be ]  0000505f          *   00000004   rts55x.lib : fopen.obj (.cinit)
                 [ 0000a0c6 ]  00005063          *   00000004              : memory.obj (.cinit)
                 [ 0000a0ce ]  00005067          *   00000001   --HOLE-- [fill = 0]

vectors      0     0000fe00  [ 00007f00 ] 00000100          *   
                   0000fe00  [ 00007f00 ] 00000100          *   rts55x.lib : vectors.obj (vectors)

.bss.1       0   [ 00010000 ]  00008000          *   00002799   UNINITIALIZED
                 [ 00010000 ]  00008000          *   000025af   main.obj (.bss)
                 [ 00014b5e ]  0000a5af          *   00000001   rts55x.lib : fopen.obj (.bss)
                 [ 00014b60 ]  0000a5b0          *   00000119              : defs.obj (.bss)
                 [ 00014d92 ]  0000a6c9          *   000000d0              : trgdrv.obj (.bss)

.bss.2       0   [ 00014f34 ]  0000a79a          *   00000071   UNINITIALIZED
                 [ 00014f34 ]  0000a79a          *   00000071   rts55x.lib : lowlev.obj (.bss)

.bss.3       0   [ 00015018 ]  0000a80c          *   0000000e   UNINITIALIZED
                 [ 00015018 ]  0000a80c          *   00000006   rts55x.lib : memory.obj (.bss)
                 [ 00015024 ]  0000a812          *   00000004              : _lock.obj (.bss)
                 [ 0001502c ]  0000a816          *   00000004              : exit.obj (.bss)


GLOBAL SYMBOLS: SORTED ALPHABETICALLY BY Name 

abs. value/
byte addr   word addr   name
---------   ---------   ----
00000002                $TI_capability$C5500$CallingConvention
00000002                $TI_capability$C5500$MemoryModel
00000001                $TI_capability_requires_rev2
ffffffff                .bss
ffffffff                .data
ffffffff                .text
000049f6                C$$EXIT
0000408e                C$$IO$$
000049b6                I$$LMPY
0000493b                I$$UDIV
00004950                I$$UMOD
000022b1                _HOSTclock
00002246                _HOSTclose
00002191                _HOSTlseek
000020f2                _HOSTopen
00002065                _HOSTread
00001fb7                _HOSTrename
00001f59                _HOSTtime
00001eef                _HOSTunlink
00001e62                _HOSTwrite
0000fe00                _Reset
            00004ecc    __CIOBUF_
            00003500    __STACK_END
00002000                __STACK_SIZE
00002000                __SYSMEM_SIZE
00001000                __SYSSTACK_SIZE
00000001                __TI_args_main
ffffffff                ___binit__
ffffffff                ___bss__
ffffffff                ___c_args__
            00004fec    ___cinit__
ffffffff                ___data__
ffffffff                ___edata__
ffffffff                ___end__
ffffffff                ___etext__
00004988                ___isinf
ffffffff                ___pinit__
ffffffff                ___text__
00003364                __addd
00004782                __args_main
00004093                __buff_read
00002fa8                __cleanup
            0000a816    __cleanup_ptr
0000393e                __cmpd
            00004d00    __ctypes_
000027c4                __divd
00004818                __divli
0000332f                __divlli
0000493b                __divu
000041e7                __divul
0000323b                __divull
00003f17                __doflush
            0000a818    __dtors_ptr
0000390a                __eqld
00004911                __fixdi
000044db                __fixdli
00004622                __fltlid
00004380                __frcmpyd
000043f6                __frcmpyd_div
            0000a6c8    __ft_end
            0000a5b0    __ftable
000038c0                __geqd
00003875                __gtrd
00003828                __leqd
            0000a812    __lock
000037e0                __lssd
00003af9                __mpyd
000049b6                __mpyli
00003183                __mpylli
000049db                __negd
000037ac                __neqd
000049d9                __nop
00001662                __printfi
00003eba                __rd_ok
000049d1                __register_lock
000049c9                __register_unlock
000047cd                __remli
00003154                __remlli
00004950                __remu
00004469                __remul
00003106                __remull
            00002500    __stack
000049a2                __subd
            00003500    __sys_memory
            00004500    __sysstack
            0000a628    __tmpnams
            0000a814    __unlock
00003e3a                __wrt_ok
000049f5                _abort
00001cf7                _add_device
00004689                _atoi
00004735                _auto_init
            0000a580    _buffer
000048dd                _c_int00
0000279e                _calloc
00002796                _chkheap
00001c84                _close
00002db0                _delay
0000489f                _exit
00004305                _fclose
00003f80                _fflush
00001c7b                _find_registered_device
000030cb                _fopen
00004141                _fputc
00003996                _fputs
00003c45                _fread
0000230f                _free
00002740                _free_memory
00003002                _freopen
000045b7                _fseek
000035be                _fwrite
00001de7                _getenv
00001c15                _lseek
00004288                _ltoa
00002b90                _main
00002440                _malloc
            0000a5ad    _maxIn
            0000a5ae    _maxOut
000026e6                _max_free
00004965                _memccpy
00004860                _memcpy
000023db                _minit
00001b56                _open
            00009900    _outSample
            00008c80    _preSample
000046e5                _printf
00004141                _putc
000041d8                _putchar
00003acb                _puts
00002e60                _q_mul
00001aa8                _read
0000454a                _readmsg
00002535                _realloc
000049eb                _remove
00001a72                _remove_device
00001a19                _rename
            00008000    _samples
00002e35                _sat16
00003d54                _setvbuf
00002e1d                _soma
000019e6                _unlink
            0000a581    _wavHd
00002bab                _wavReader
000018a4                _write
00003fd9                _writemsg
00002d6e                _zerarBuffers
ffffffff                binit
            00004fec    cinit
ffffffff                edata
ffffffff                end
ffffffff                etext
ffffffff                pinit


GLOBAL SYMBOLS: SORTED BY Symbol Address 

abs. value/
byte addr   word addr   name
---------   ---------   ----
00000001                $TI_capability_requires_rev2
00000001                __TI_args_main
00000002                $TI_capability$C5500$CallingConvention
00000002                $TI_capability$C5500$MemoryModel
00001000                __SYSSTACK_SIZE
00001662                __printfi
000018a4                _write
000019e6                _unlink
00001a19                _rename
00001a72                _remove_device
00001aa8                _read
00001b56                _open
00001c15                _lseek
00001c7b                _find_registered_device
00001c84                _close
00001cf7                _add_device
00001de7                _getenv
00001e62                _HOSTwrite
00001eef                _HOSTunlink
00001f59                _HOSTtime
00001fb7                _HOSTrename
00002000                __STACK_SIZE
00002000                __SYSMEM_SIZE
00002065                _HOSTread
000020f2                _HOSTopen
00002191                _HOSTlseek
00002246                _HOSTclose
000022b1                _HOSTclock
0000230f                _free
000023db                _minit
00002440                _malloc
00002535                _realloc
000026e6                _max_free
00002740                _free_memory
00002796                _chkheap
0000279e                _calloc
000027c4                __divd
00002b90                _main
00002bab                _wavReader
00002d6e                _zerarBuffers
00002db0                _delay
00002e1d                _soma
00002e35                _sat16
00002e60                _q_mul
00002fa8                __cleanup
00003002                _freopen
000030cb                _fopen
00003106                __remull
00003154                __remlli
00003183                __mpylli
0000323b                __divull
0000332f                __divlli
00003364                __addd
000035be                _fwrite
000037ac                __neqd
000037e0                __lssd
00003828                __leqd
00003875                __gtrd
000038c0                __geqd
0000390a                __eqld
0000393e                __cmpd
00003996                _fputs
00003acb                _puts
00003af9                __mpyd
00003c45                _fread
00003d54                _setvbuf
00003e3a                __wrt_ok
00003eba                __rd_ok
00003f17                __doflush
00003f80                _fflush
00003fd9                _writemsg
0000408e                C$$IO$$
00004093                __buff_read
00004141                _fputc
00004141                _putc
000041d8                _putchar
000041e7                __divul
00004288                _ltoa
00004305                _fclose
00004380                __frcmpyd
000043f6                __frcmpyd_div
00004469                __remul
000044db                __fixdli
0000454a                _readmsg
000045b7                _fseek
00004622                __fltlid
00004689                _atoi
000046e5                _printf
00004735                _auto_init
00004782                __args_main
000047cd                __remli
00004818                __divli
00004860                _memcpy
0000489f                _exit
000048dd                _c_int00
00004911                __fixdi
0000493b                I$$UDIV
0000493b                __divu
00004950                I$$UMOD
00004950                __remu
00004965                _memccpy
00004988                ___isinf
000049a2                __subd
000049b6                I$$LMPY
000049b6                __mpyli
000049c9                __register_unlock
000049d1                __register_lock
000049d9                __nop
000049db                __negd
000049eb                _remove
000049f5                _abort
000049f6                C$$EXIT
            00002500    __stack
            00003500    __STACK_END
            00003500    __sys_memory
            00004500    __sysstack
            00004d00    __ctypes_
            00004ecc    __CIOBUF_
            00004fec    ___cinit__
            00004fec    cinit
0000fe00                _Reset
            00008000    _samples
            00008c80    _preSample
            00009900    _outSample
            0000a580    _buffer
            0000a581    _wavHd
            0000a5ad    _maxIn
            0000a5ae    _maxOut
            0000a5b0    __ftable
            0000a628    __tmpnams
            0000a6c8    __ft_end
            0000a812    __lock
            0000a814    __unlock
            0000a816    __cleanup_ptr
            0000a818    __dtors_ptr
ffffffff                .bss
ffffffff                .data
ffffffff                .text
ffffffff                ___binit__
ffffffff                ___bss__
ffffffff                ___c_args__
ffffffff                ___data__
ffffffff                ___edata__
ffffffff                ___end__
ffffffff                ___etext__
ffffffff                ___pinit__
ffffffff                ___text__
ffffffff                binit
ffffffff                edata
ffffffff                end
ffffffff                etext
ffffffff                pinit

[152 symbols]
