******************************************************************************
              TMS320C55x Linker PC v4.3.9                      
******************************************************************************
>> Linked Fri Nov 04 09:19:41 2011

OUTPUT FILE NAME:   <../nettest.out>
ENTRY POINT SYMBOL: "_c_int00"  address: 000540d1


MEMORY CONFIGURATION

         name            origin    length      used     unused   attr    fill
                        (bytes)   (bytes)    (bytes)   (bytes)
----------------------  --------  ---------  --------  --------  ----  --------
PAGE 0:
  MMR                   00000000   000000c0  00000000  000000c0  RWIX
  BTRSVD                000000c0   00000240  00000000  00000240  RWIX
  DARAM                 00000300   0000fb00  00003f9e  0000bb62  RWIX
  VECS                  0000fe00   00000200  00000100  00000100  RWIX
  SDRAMTEXT             00010000   00010000  00008696  0000796a  RWIX
  SDRAMSYSMEM           00020000   00010000  00008000  00008000  RWIX
  SDRAMDATA             00030000   00010000  000011e0  0000ee20  RWIX
  SDRAMCIO              00040000   00010000  00000a60  0000f5a0  RWIX
  SDRAMRTSTEXT          00050000   00010000  00004206  0000bdfa  RWIX
  SDRAMRTSDATA          00060000   00010000  000008e0  0000f720  RWIX
  SDRAMFREE             00070000   00340000  00000000  00340000  RWIX
  SDRAMINIT             003b0000   00010000  00000754  0000f8ac  RWIX
  PDROM                 00ff8000   00008000  00000000  00008000  R IX

PAGE 2:
  IOPORT                00000000   00020000  00000000  00020000  RWI 


SECTION ALLOCATION MAP
(Addresses surrounded by []'s are displayed for convenience only!)

output                                                          attributes/
section   page  orgn(bytes) orgn(words) len(bytes) len(words)   input sections
--------  ----  ----------- ----------- ---------- ----------   --------------
.bss         0   [ 00000300 ]  00000180          *   000017cf   
                 [ 00000300 ]  00000180          *   00000a1b   netdemo.lib : tcp.obj (.bss) [fill = 0]
                 [ 00001736 ]  00000b9b          *   00000001   --HOLE-- [fill = 0]
                 [ 00001738 ]  00000b9c          *   00000004               : memb.obj (.bss) [fill = 0]
                 [ 00001740 ]  00000ba0          *   00000548               : arp.obj (.bss) [fill = 0]
                 [ 000021d0 ]  000010e8          *   00000428   NetTest.obj (.bss) [fill = 0]
                 [ 00002a20 ]  00001510          *   000003ba   netdemo.lib : ezdsk5502.obj (.bss) [fill = 0]
                 [ 00003194 ]  000018ca          *   0000002f               : socket.obj (.bss) [fill = 0]
                 [ 000031f2 ]  000018f9          *   00000001   --HOLE-- [fill = 0]
                 [ 000031f4 ]  000018fa          *   00000027               : ksz8851.obj (.bss) [fill = 0]
                 [ 00003242 ]  00001921          *   00000001   --HOLE-- [fill = 0]
                 [ 00003244 ]  00001922          *   00000018               : Dhcp.obj (.bss) [fill = 0]
                 [ 00003274 ]  0000193a          *   00000008   ezdsp5502bsl.lib : ezdsp5502_gpio.obj (.bss) [fill = 0]
                 [ 00003284 ]  00001942          *   00000003   common.obj (.bss) [fill = 0]
                 [ 0000328a ]  00001945          *   00000001   --HOLE-- [fill = 0]
                 [ 0000328c ]  00001946          *   00000003   netdemo.lib : adapter.obj (.bss) [fill = 0]
                 [ 00003292 ]  00001949          *   00000002   cprintf.obj (.bss) [fill = 0]
                 [ 00003296 ]  0000194b          *   00000002   netdemo.lib : Dns.obj (.bss) [fill = 0]
                 [ 0000329a ]  0000194d          *   00000002               : udp.obj (.bss) [fill = 0]

.stack       0   [ 000032a0 ]  00001950          *   00000400   
                 [ 000032a0 ]  00001950          *   00000400   --HOLE-- [fill = 0]

.sysstack 
*            0   [ 00003aa0 ]  00001d50          *   00000400   
                 [ 00003aa0 ]  00001d50          *   00000400   --HOLE-- [fill = 0]

vectors      0     0000fe00  [ 00007f00 ] 00000100          *   
                   0000fe00  [ 00007f00 ] 00000100          *   rts55x.lib : vectors.obj (vectors)

.nettextfast 
*            0     00010000  [ 00008000 ] 00003d4c          *   
                   00010000  [ 00008000 ] 0000086d          *   netdemo.lib : tcp.obj (.nettextfast:_tcp_state)
                   0001086d  [ 00008436+] 000007e7          *               : tcp.obj (.nettextfast:_tcp_send_socket)
                   00011054  [ 0000882a ] 00000589          *               : ksz8851.obj (.nettextfast:_ksz_read_packet_data)
                   000115dd  [ 00008aee+] 00000411          *               : tcp.obj (.nettextfast:_tcp_read_ip)
                   000119ee  [ 00008cf7 ] 000002ea          *               : arp.obj (.nettextfast:_check_arp_address)
                   00011cd8  [ 00008e6c ] 000002c0          *               : ksz8851.obj (.nettextfast:_smc_write_packet_data)
                   00011f98  [ 00008fcc ] 00000237          *               : socket.obj (.nettextfast:_net_check_callback)
                   000121cf  [ 000090e7+] 00000216          *               : tcp.obj (.nettextfast:_send_tcp_option)
                   000123e5  [ 000091f2+] 000001ed          *               : socket.obj (.nettextfast:_get_socket)
                   000125d2  [ 000092e9 ] 000001e3          *               : ip.obj (.nettextfast:_send_ip)
                   000127b5  [ 000093da+] 000001b5          *               : socket.obj (.nettextfast:_net_resend_all)
                   0001296a  [ 000094b5 ] 000001b4          *               : ksz8851.obj (.nettextfast:_ksz_write_arp_packet_data)
                   00012b1e  [ 0000958f ] 000001ae          *               : socket.obj (.nettextfast:_net_recv)
                   00012ccc  [ 00009666 ] 00000186          *               : ip.obj (.nettextfast:_read_ip)
                   00012e52  [ 00009729 ] 0000017f          *               : socket.obj (.nettextfast:_net_send)
                   00012fd1  [ 000097e8+] 00000174          *               : ksz8851.obj (.nettextfast:_ksz_isr)
                   00013145  [ 000098a2+] 00000147          *               : udp.obj (.nettextfast:_udp_send_socket)
                   0001328c  [ 00009946 ] 00000134          *               : arp.obj (.nettextfast:_arp_timer)
                   000133c0  [ 000099e0 ] 00000113          *               : socket.obj (.nettextfast:_net_isq)
                   000134d3  [ 00009a69+] 00000105          *               : arp.obj (.nettextfast:_save_arp_address)
                   000135d8  [ 00009aec ] 00000103          *               : arp.obj (.nettextfast:_read_arp)
                   000136db  [ 00009b6d+] 000000ea          *               : tcp.obj (.nettextfast:_tcp_recv_socket)
                   000137c5  [ 00009be2+] 000000de          *               : tcp.obj (.nettextfast:_tcp_send_pending)
                   000138a3  [ 00009c51+] 000000cd          *               : tcp.obj (.nettextfast:_tcp_get_checksum)
                   00013970  [ 00009cb8 ] 000000ae          *               : udp.obj (.nettextfast:_udp_read_ip)
                   00013a1e  [ 00009d0f ] 0000008b          *               : tcp.obj (.nettextfast:_tcp_clear_seq)
                   00013aa9  [ 00009d54+] 00000084          *               : arp.obj (.nettextfast:_send_arp)
                   00013b2d  [ 00009d96+] 00000078          *               : arp.obj (.nettextfast:_arp_check_ip_address)
                   00013ba5  [ 00009dd2+] 00000064          *               : memb.obj (.nettextfast:_memb_free)
                   00013c09  [ 00009e04+] 00000052          *               : tcp.obj (.nettextfast:_tcp_send_keep_alive)
                   00013c5b  [ 00009e2d+] 00000041          *               : memb.obj (.nettextfast:_memb_alloc)
                   00013c9c  [ 00009e4e ] 00000034          *               : ksz8851.obj (.nettextfast:_ksz_release_packet)
                   00013cd0  [ 00009e68 ] 00000034          *               : udp.obj (.nettextfast:_udp_recv_socket)
                   00013d04  [ 00009e82 ] 00000021          *               : socket.obj (.nettextfast:_net_malloc)
                   00013d25  [ 00009e92+] 0000001a          *               : arp.obj (.nettextfast:_arp_reply_function)
                   00013d3f  [ 00009e9f+] 00000007          *               : tcp.obj (.nettextfast:_tcp_send_ready)
                   00013d46  [ 00009ea3 ] 00000004          *               : udp.obj (.nettextfast:_udp_get_checksum)
                   00013d4a  [ 00009ea5 ] 00000002          *   --HOLE-- [fill = 20]

.nettextslow 
*            0     00013d60  [ 00009eb0 ] 00003298          *   
                   00013d60  [ 00009eb0 ] 00000362          *   netdemo.lib : Dhcp.obj (.nettextslow:_dhcp_option)
                   000140c2  [ 0000a061 ] 00000338          *               : ksz8851.obj (.nettextslow:_dsk_init)
                   000143fa  [ 0000a1fd ] 000002ef          *               : socket.obj (.nettextslow:_net_post_init)
                   000146e9  [ 0000a374+] 00000230          *               : Dhcp.obj (.nettextslow:_dhcp_recv)
                   00014919  [ 0000a48c+] 00000215          *               : socket.obj (.nettextslow:_socket_open)
                   00014b2e  [ 0000a597 ] 000001fb          *               : Dhcp.obj (.nettextslow:_auto_ip_config)
                   00014d29  [ 0000a694+] 000001d6          *               : Dns.obj (.nettextslow:_open_dns_socket)
                   00014eff  [ 0000a77f+] 000001cc          *               : ksz8851.obj (.nettextslow:_MDIO_poll_phy)
                   000150cb  [ 0000a865+] 00000194          *               : socket.obj (.nettextslow:_net_init)
                   0001525f  [ 0000a92f+] 00000192          *               : Dhcp.obj (.nettextslow:_build_dhcp_message)
                   000153f1  [ 0000a9f8+] 0000018f          *               : icmp.obj (.nettextslow:_icmp_recv_socket)
                   00015580  [ 0000aac0 ] 00000170          *               : socket.obj (.nettextslow:_socket_close)
                   000156f0  [ 0000ab78 ] 00000164          *               : tcp.obj (.nettextslow:_tcp_send_opening)
                   00015854  [ 0000ac2a ] 00000163          *               : Dns.obj (.nettextslow:_dns_recv)
                   000159b7  [ 0000acdb+] 00000148          *               : socket.obj (.nettextslow:_net_print_stat)
                   00015aff  [ 0000ad7f+] 00000144          *               : socket.obj (.nettextslow:_make_dhcp_request)
                   00015c43  [ 0000ae21+] 0000011d          *               : icmp.obj (.nettextslow:_send_ping_reply)
                   00015d60  [ 0000aeb0 ] 00000114          *               : tcp.obj (.nettextslow:_tcp_init_pcb)
                   00015e74  [ 0000af3a ] 000000e1          *               : ksz8851.obj (.nettextslow:_ksz_get_hw_address)
                   00015f55  [ 0000afaa+] 000000de          *               : tcp.obj (.nettextslow:_shutdown)
                   00016033  [ 0000b019+] 000000d8          *               : Dhcp.obj (.nettextslow:_dhcp_enable)
                   0001610b  [ 0000b085+] 000000cd          *               : socket.obj (.nettextslow:_inet_ntoa)
                   000161d8  [ 0000b0ec ] 000000c7          *               : tcp.obj (.nettextslow:_tcp_init)
                   0001629f  [ 0000b14f+] 000000bf          *               : ksz8851.obj (.nettextslow:_ksz_cycle_eeprom_io)
                   0001635e  [ 0000b1af ] 000000bd          *               : Dhcp.obj (.nettextslow:_open_dhcp_socket)
                   0001641b  [ 0000b20d+] 000000aa          *               : arp.obj (.nettextslow:_arp_init)
                   000164c5  [ 0000b262+] 000000aa          *               : socket.obj (.nettextslow:_install_icmp_socket)
                   0001656f  [ 0000b2b7+] 000000a8          *               : adapter.obj (.nettextslow:_add_adapter)
                   00016617  [ 0000b30b+] 000000a4          *               : ksz8851.obj (.nettextslow:_ksz_set_hw_address)
                   000166bb  [ 0000b35d+] 00000095          *               : udp.obj (.nettextslow:_udp_init)
                   00016750  [ 0000b3a8 ] 0000007b          *               : socket.obj (.nettextslow:_get_free_socket)
                   000167cb  [ 0000b3e5+] 00000075          *               : ezdsk5502.obj (.nettextslow:_dsk_spiflash_cycle)
                   00016840  [ 0000b420 ] 00000073          *               : ezdsk5502.obj (.nettextslow:_dsk_flash_sectorerase)
                   000168b3  [ 0000b459+] 0000006d          *               : ezdsk5502.obj (.nettextslow:_dsk_spiflash_write)
                   00016920  [ 0000b490 ] 00000068          *               : ksz8851.obj (.nettextslow:_ksz_read_eeprom_word)
                   00016988  [ 0000b4c4 ] 00000066          *               : ezdsk5502.obj (.nettextslow:_dsk_flash_put_byte)
                   000169ee  [ 0000b4f7 ] 0000005f          *               : ezdsk5502.obj (.nettextslow:_dsk_init_sectors)
                   00016a4d  [ 0000b526+] 0000005e          *               : socket.obj (.nettextslow:_inet_aton)
                   00016aab  [ 0000b555+] 00000059          *               : ksz8851.obj (.nettextslow:_ksz_verify_hw_address)
                   00016b04  [ 0000b582 ] 00000055          *               : socket.obj (.nettextslow:_prepare_for_broadcast)
                   00016b59  [ 0000b5ac+] 00000055          *               : ksz8851.obj (.nettextslow:_set_phy_cap)
                   00016bae  [ 0000b5d7 ] 00000054          *               : ezdsk5502.obj (.nettextslow:_dsk_flash_get_byte)
                   00016c02  [ 0000b601 ] 00000054          *               : icmp.obj (.nettextslow:_icmp_init)
                   00016c56  [ 0000b62b ] 0000004f          *               : ezdsk5502.obj (.nettextslow:_dsk_spiflash_read)
                   00016ca5  [ 0000b652+] 00000040          *               : memb.obj (.nettextslow:_memb_arp_init)
                   00016ce5  [ 0000b672+] 00000040          *               : memb.obj (.nettextslow:_memb_init)
                   00016d25  [ 0000b692+] 0000003e          *               : ezdsk5502.obj (.nettextslow:_dsk_spiflash_erase)
                   00016d63  [ 0000b6b1+] 0000003d          *               : ezdsk5502.obj (.nettextslow:_dsk_hal_dc_init)
                   00016da0  [ 0000b6d0 ] 00000039          *               : ezdsk5502.obj (.nettextslow:_dsk_check_sectorerase)
                   00016dd9  [ 0000b6ec+] 00000039          *               : ezdsk5502.obj (.nettextslow:_dsk_flush_buffer)
                   00016e12  [ 0000b709 ] 00000037          *               : socket.obj (.nettextslow:_net_set_gateway)
                   00016e49  [ 0000b724+] 00000034          *               : icmp.obj (.nettextslow:_icmp_read_ip)
                   00016e7d  [ 0000b73e+] 00000031          *               : socket.obj (.nettextslow:_get_mac_address)
                   00016eae  [ 0000b757 ] 0000002e          *               : socket.obj (.nettextslow:_net_delay)
                   00016edc  [ 0000b76e ] 00000025          *               : socket.obj (.nettextslow:_set_recv_buffer)
                   00016f01  [ 0000b780+] 00000024          *               : Dhcp.obj (.nettextslow:_dhcp_get_address)
                   00016f25  [ 0000b792+] 00000024          *               : socket.obj (.nettextslow:_socket_define_callback)
                   00016f49  [ 0000b7a4+] 0000001f          *               : ezdsk5502.obj (.nettextslow:_dsk_flash_erase_addr)
                   00016f68  [ 0000b7b4 ] 0000001d          *               : ezdsk5502.obj (.nettextslow:_dsk_spiflash_status)
                   00016f85  [ 0000b7c2+] 0000001c          *               : socket.obj (.nettextslow:_get_ip_address)
                   00016fa1  [ 0000b7d0+] 0000001a          *               : Dns.obj (.nettextslow:_dns_enable_server)
                   00016fbb  [ 0000b7dd+] 00000015          *               : arp.obj (.nettextslow:_arp_invalid_ip_address)
                   00016fd0  [ 0000b7e8 ] 00000013          *               : socket.obj (.nettextslow:_get_netlib_ver)
                   00016fe3  [ 0000b7f1+] 0000000c          *               : socket.obj (.nettextslow:_net_allocate_aligned_buffer)
                   00016fef  [ 0000b7f7+] 00000004          *               : icmp.obj (.nettextslow:_icmp_get_checksum)
                   00016ff3  [ 0000b7f9+] 00000003          *               : ksz8851.obj (.nettextslow:__dummy_link_status)
                   00016ff6  [ 0000b7fb ] 00000002          *   --HOLE-- [fill = 20]

.text        0     00017000  [ 0000b800 ] 00000ee0          *   
                   00017000  [ 0000b800 ] 000003fd          *   NetTest.obj (.text)
                   000173fd  [ 0000b9fe+] 0000020c          *   ezdsp5502bsl.lib : ezdsp5502_gpio.obj (.text)
                   00017609  [ 0000bb04 ] 00000003          *   --HOLE-- [fill = 20]
                   0001760c  [ 0000bb06 ] 0000018e          *   csl5502x.lib : i2c_write.obj (.text:I2C_write)
                   0001779a  [ 0000bbcd ] 0000018b          *   lcd.obj (.text)
                   00017925  [ 0000bc92 ] 00000003          *   --HOLE-- [fill = 20]
                   00017928  [ 0000bc94 ] 0000015d          *   csl5502x.lib : i2c_read.obj (.text:I2C_read)
                   00017a85  [ 0000bd42+] 0000014e          *   ezdsp5502bsl.lib : ezdsp5502_i2cgpio.obj (.text)
                   00017bd3  [ 0000bde9 ] 00000001          *   --HOLE-- [fill = 20]
                   00017bd4  [ 0000bdea ] 00000072          *   csl5502x.lib : i2c_cfg.obj (.text:I2C_config)
                   00017c46  [ 0000be23 ] 0000006f          *   ezdsp5502bsl.lib : ezdsp5502.obj (.text)
                   00017cb5  [ 0000be5a+] 0000006d          *                    : ezdsp5502_i2c.obj (.text)
                   00017d22  [ 0000be91 ] 00000055          *   dskpll.obj (.text)
                   00017d77  [ 0000bebb ] 00000001          *   --HOLE-- [fill = 20]
                   00017d78  [ 0000bebc ] 0000004f          *   csl5502x.lib : gpio_open.obj (.text:GPIO_open)
                   00017dc7  [ 0000bee3+] 0000004c          *   dskemif.obj (.text)
                   00017e13  [ 0000bf09 ] 00000001          *   --HOLE-- [fill = 20]
                   00017e14  [ 0000bf0a ] 0000001f          *   csl5502x.lib : gpio_dir.obj (.text:GPIO_pinDirection)
                   00017e33  [ 0000bf19 ] 00000001          *   --HOLE-- [fill = 20]
                   00017e34  [ 0000bf1a ] 0000001f          *                : gpio_write.obj (.text:GPIO_pinWrite)
                   00017e53  [ 0000bf29 ] 00000001          *   --HOLE-- [fill = 20]
                   00017e54  [ 0000bf2a ] 00000016          *                : icache_init.obj (.text)
                   00017e6a  [ 0000bf35 ] 00000002          *   --HOLE-- [fill = 20]
                   00017e6c  [ 0000bf36 ] 00000014          *                : gpio_read.obj (.text:GPIO_pinRead)
                   00017e80  [ 0000bf40 ] 00000013          *                : gpio_enab.obj (.text:GPIO_pinEnable)
                   00017e93  [ 0000bf49 ] 00000001          *   --HOLE-- [fill = 20]
                   00017e94  [ 0000bf4a ] 0000000f          *                : irq_gdisab.obj (.text:IRQ_globalDisable)
                   00017ea3  [ 0000bf51 ] 00000001          *   --HOLE-- [fill = 20]
                   00017ea4  [ 0000bf52 ] 0000000d          *                : icache_enbl.obj (.text:ICACHE_enable)
                   00017eb1  [ 0000bf58 ] 00000003          *   --HOLE-- [fill = 20]
                   00017eb4  [ 0000bf5a ] 0000000d          *                : _csl_init.obj (.text:_CSL_init)
                   00017ec1  [ 0000bf60 ] 00000003          *   --HOLE-- [fill = 20]
                   00017ec4  [ 0000bf62 ] 0000000c          *                : csl.obj (.text:CSL_init)
                   00017ed0  [ 0000bf68 ] 0000000c          *                : irq_grest.obj (.text:IRQ_globalRestore)
                   00017edc  [ 0000bf6e ] 00000002          *                : csl.obj (.text)
                   00017ede  [ 0000bf6f ] 00000002          *   --HOLE-- [fill = 20]

.commonsect 
*            0     00017ee0  [ 0000bf70 ] 000004ee          *   
                   00017ee0  [ 0000bf70 ] 000004cc          *   common.obj (.commonsect)
                   000183ac  [ 0000c1d6 ] 00000020          *   oled_printf.obj (.commonsect)
                   000183cc  [ 0000c1e6 ] 00000002          *   --HOLE-- [fill = 20]

.cprintfsect 
*            0     000183e0  [ 0000c1f0 ] 000002e4          *   
                   000183e0  [ 0000c1f0 ] 00000229          *   oled_printf.obj (.cprintfsect)
                   00018609  [ 0000c304+] 000000ba          *   cprintf.obj (.cprintfsect)
                   000186c3  [ 0000c361 ] 00000001          *   --HOLE-- [fill = 20]

.sysmem      0   [ 00020000 ]  00010000          *   00004000   
                 [ 00020000 ]  00010000          *   00004000   --HOLE-- [fill = 0]

.data        0   [ 00030000 ]  00018000          *   00000000   

.const       0   [ 00030000 ]  00018000          *   00000864   
                 [ 00030000 ]  00018000          *   0000047b   common.obj (.const:.string)
                 [ 000308f6 ]  0001847b          *   00000001   --HOLE-- [fill = 0]
                 [ 000308f8 ]  0001847c          *   00000215   NetTest.obj (.const:.string)
                 [ 00030d22 ]  00018691          *   00000001   --HOLE-- [fill = 0]
                 [ 00030d24 ]  00018692          *   0000013c   netdemo.lib : socket.obj (.const:.string)
                 [ 00030f9c ]  000187ce          *   00000059               : ksz8851.obj (.const:.string)
                 [ 0003104e ]  00018827          *   00000001   --HOLE-- [fill = 0]
                 [ 00031050 ]  00018828          *   0000001c               : Dhcp.obj (.const:.string)
                 [ 00031088 ]  00018844          *   0000000a   ezdsp5502bsl.lib : ezdsp5502_i2c.obj (.const:_$P$T0$1)
                 [ 0003109c ]  0001884e          *   00000009   netdemo.lib : socket.obj (.const:_netlib_ver)
                 [ 000310ae ]  00018857          *   00000001   --HOLE-- [fill = 0]
                 [ 000310b0 ]  00018858          *   00000008               : Dns.obj (.const:.string)
                 [ 000310c0 ]  00018860          *   00000004   cprintf.obj (.const:.string)

.switch      0   [ 000310c8 ]  00018864          *   0000004a   
                 [ 000310c8 ]  00018864          *   00000036   common.obj (.switch)
                 [ 00031134 ]  0001889a          *   00000014   netdemo.lib : tcp.obj (.switch)

.csldata     0   [ 00031160 ]  000188b0          *   00000042   
                 [ 00031160 ]  000188b0          *   00000022   csl5502x.lib : csl_csldat.obj (.csldata:SYS_data) [fill = 0]
                 [ 000311a4 ]  000188d2          *   00000020                : csl_gpiodat.obj (.csldata:GPIO_data) [fill = 0]

.cio         0   [ 00040000 ]  00020000          *   00000530   
                 [ 00040000 ]  00020000          *   00000200   cprintf.obj (.cio) [fill = 0]
                 [ 00040400 ]  00020200          *   000001f6   oled_printf.obj (.cio) [fill = 0]
                 [ 000407ec ]  000203f6          *   00000002   --HOLE-- [fill = 0]
                 [ 000407f0 ]  000203f8          *   00000120   rts55x.lib : trgmsg.obj (.cio) [fill = 0]
                 [ 00040a30 ]  00020518          *   00000018   common.obj (.cio) [fill = 0]

.rtstext     0     00050000  [ 00028000 ] 00004206          *   
                   00050000  [ 00028000 ] 00001598          *   rts55x.lib : _printfi.obj (.text)
                   00051598  [ 00028acc ] 00000543          *              : lowlev.obj (.text)
                   00051adb  [ 00028d6d+] 00000528          *              : trgdrv.obj (.text)
                   00052003  [ 00029001+] 000004b5          *              : memory.obj (.text)
                   000524b8  [ 0002925c ] 0000036c          *              : divd.obj (.text)
                   00052824  [ 00029412 ] 0000027f          *              : fopen.obj (.text)
                   00052aa3  [ 00029551+] 0000025e          *              : llmpy.obj (.text)
                   00052d01  [ 00029680+] 00000259          *              : addd.obj (.text)
                   00052f5a  [ 000297ad ] 000001ea          *              : cmpd.obj (.text)
                   00053144  [ 000298a2 ] 00000163          *              : fputs.obj (.text)
                   000532a7  [ 00029953+] 0000014c          *              : mpyd.obj (.text)
                   000533f3  [ 000299f9+] 000000e6          *              : setvbuf.obj (.text)
                   000534d9  [ 00029a6c+] 000000dd          *              : _io_perm.obj (.text)
                   000535b6  [ 00029adb ] 000000c8          *              : frcmpyd_div.obj (.text)
                   0005367e  [ 00029b3f ] 000000c2          *              : fflush.obj (.text)
                   00053740  [ 00029ba0 ] 000000ba          *              : trgmsg.obj (.text:CIO_breakpoint)
                   000537fa  [ 00029bfd ] 000000a6          *              : fputc.obj (.text)
                   000538a0  [ 00029c50 ] 000000a1          *              : divul.obj (.text)
                   00053941  [ 00029ca0+] 0000007d          *              : ltoa.obj (.text)
                   000539be  [ 00029cdf ] 0000007b          *              : fclose.obj (.text)
                   00053a39  [ 00029d1c+] 00000076          *              : frcmpyd.obj (.text)
                   00053aaf  [ 00029d57+] 00000075          *              : sinit.obj (.text)
                   00053b24  [ 00029d92 ] 00000072          *              : remul.obj (.text)
                   00053b96  [ 00029dcb ] 0000006f          *              : atexit.obj (.text)
                   00053c05  [ 00029e02+] 0000006f          *              : fixdli.obj (.text)
                   00053c74  [ 00029e3a ] 0000006d          *              : trgmsg.obj (.text)
                   00053ce1  [ 00029e70+] 0000006b          *              : fseek.obj (.text)
                   00053d4c  [ 00029ea6 ] 0000006a          *              : vsprintf.obj (.text)
                   00053db6  [ 00029edb ] 00000067          *              : fltlid.obj (.text)
                   00053e1d  [ 00029f0e+] 00000060          *              : rand.obj (.text)
                   00053e7d  [ 00029f3e+] 0000005c          *              : atoi.obj (.text)
                   00053ed9  [ 00029f6c+] 00000050          *              : printf.obj (.text)
                   00053f29  [ 00029f94+] 0000004d          *              : autoinit.obj (.text)
                   00053f76  [ 00029fbb ] 0000004b          *              : args_main.obj (.text)
                   00053fc1  [ 00029fe0+] 0000004b          *              : remli.obj (.text)
                   0005400c  [ 0002a006 ] 00000048          *              : divli.obj (.text)
                   00054054  [ 0002a02a ] 0000003f          *              : memcpy.obj (.text)
                   00054093  [ 0002a049+] 0000003e          *              : exit.obj (.text)
                   000540d1  [ 0002a068+] 00000034          *              : boot.obj (.text)
                   00054105  [ 0002a082+] 0000002a          *              : fixdi.obj (.text)
                   0005412f  [ 0002a097+] 0000002a          *              : udiv.obj (.text)
                   00054159  [ 0002a0ac+] 00000023          *              : memccpy.obj (.text)
                   0005417c  [ 0002a0be ] 0000001c          *              : isinf.obj (.text)
                   00054198  [ 0002a0cc ] 00000014          *              : subd.obj (.text)
                   000541ac  [ 0002a0d6 ] 00000013          *              : lmpy.obj (.text)
                   000541bf  [ 0002a0df+] 00000012          *              : _lock.obj (.text)
                   000541d1  [ 0002a0e8+] 00000011          *              : strlen.obj (.text)
                   000541e2  [ 0002a0f1 ] 00000010          *              : negd.obj (.text)
                   000541f2  [ 0002a0f9 ] 0000000a          *              : remove.obj (.text)
                   000541fc  [ 0002a0fe ] 00000007          *              : exit.obj (.text:CIO_breakpoint)
                   00054203  [ 0002a101+] 00000002          *              : vectors.obj (.text)
                   00054205  [ 0002a102 ] 00000001          *   --HOLE-- [fill = 20]

.rtsbss      0   [ 00060000 ]  00030000          *   00000330   
                 [ 00060000 ]  00030000          *   00000119   rts55x.lib : defs.obj (.bss) [fill = 0]
                 [ 00060232 ]  00030119          *   000000d0              : trgdrv.obj (.bss) [fill = 0]
                 [ 000603d2 ]  000301e9          *   00000001              : fopen.obj (.bss) [fill = 0]
                 [ 000603d4 ]  000301ea          *   000000c2              : atexit.obj (.bss) [fill = 0]
                 [ 00060558 ]  000302ac          *   00000071              : lowlev.obj (.bss) [fill = 0]
                 [ 0006063a ]  0003031d          *   00000001   --HOLE-- [fill = 0]
                 [ 0006063c ]  0003031e          *   00000006              : memory.obj (.bss) [fill = 0]
                 [ 00060648 ]  00030324          *   00000004              : _lock.obj (.bss) [fill = 0]
                 [ 00060650 ]  00030328          *   00000004              : exit.obj (.bss) [fill = 0]
                 [ 00060658 ]  0003032c          *   00000002              : rand.obj (.bss) [fill = 0]
                 [ 0006065c ]  0003032e          *   00000002              : sinit.obj (.bss) [fill = 0]

.rtsdata     0   [ 00060660 ]  00030330          *   00000140   
                 [ 00060660 ]  00030330          *   00000101   rts55x.lib : ctype.obj (.const:__ctypes_)
                 [ 00060862 ]  00030431          *   00000001   --HOLE-- [fill = 0]
                 [ 00060864 ]  00030432          *   00000024              : _printfi.obj (.const:.string)
                 [ 000608ac ]  00030456          *   0000000c              : _printfi.obj (.const)
                 [ 000608c4 ]  00030462          *   00000008              : divd.obj (.const:_initial_approx$1)
                 [ 000608d4 ]  0003046a          *   00000002              : fputs.obj (.const:.string)
                 [ 000608d8 ]  0003046c          *   00000002              : divd.obj (.const)
                 [ 000608dc ]  0003046e          *   00000002              : fltlid.obj (.const)

.cinit       0   [ 003b0000 ]  001d8000          *   000003aa   
                 [ 003b0000 ]  001d8000          *   00000179   oled_printf.obj (.cinit)
                 [ 003b02f2 ]  001d8179          *   00000050   netdemo.lib : socket.obj (.cinit)
                 [ 003b0392 ]  001d81c9          *   0000002d   rts55x.lib : lowlev.obj (.cinit)
                 [ 003b03ec ]  001d81f6          *   0000002c   netdemo.lib : Dhcp.obj (.cinit)
                 [ 003b0444 ]  001d8222          *   0000002b   NetTest.obj (.cinit)
                 [ 003b049a ]  001d824d          *   0000002b   netdemo.lib : ezdsk5502.obj (.cinit)
                 [ 003b04f0 ]  001d8278          *   0000002a   rts55x.lib : defs.obj (.cinit)
                 [ 003b0544 ]  001d82a2          *   00000027   common.obj (.cinit)
                 [ 003b0592 ]  001d82c9          *   00000025   csl5502x.lib : csl_csldat.obj (.cinit)
                 [ 003b05dc ]  001d82ee          *   00000023                : csl_gpiodat.obj (.cinit)
                 [ 003b0622 ]  001d8311          *   0000001b   netdemo.lib : arp.obj (.cinit)
                 [ 003b0658 ]  001d832c          *   0000001a               : tcp.obj (.cinit)
                 [ 003b068c ]  001d8346          *   0000000a               : ksz8851.obj (.cinit)
                 [ 003b06a0 ]  001d8350          *   0000000a               : memb.obj (.cinit)
                 [ 003b06b4 ]  001d835a          *   0000000a   rts55x.lib : _lock.obj (.cinit)
                 [ 003b06c8 ]  001d8364          *   0000000a              : exit.obj (.cinit)
                 [ 003b06dc ]  001d836e          *   00000009   netdemo.lib : adapter.obj (.cinit)
                 [ 003b06ee ]  001d8377          *   00000008   cprintf.obj (.cinit)
                 [ 003b06fe ]  001d837f          *   00000008   netdemo.lib : Dns.obj (.cinit)
                 [ 003b070e ]  001d8387          *   00000008               : udp.obj (.cinit)
                 [ 003b071e ]  001d838f          *   00000008   rts55x.lib : atexit.obj (.cinit)
                 [ 003b072e ]  001d8397          *   00000005              : rand.obj (.cinit)
                 [ 003b0738 ]  001d839c          *   00000005              : sinit.obj (.cinit)
                 [ 003b0742 ]  001d83a1          *   00000004              : fopen.obj (.cinit)
                 [ 003b074a ]  001d83a5          *   00000004              : memory.obj (.cinit)
                 [ 003b0752 ]  001d83a9          *   00000001   --HOLE-- [fill = 0]

.pinit       0   [ 003b0000 ]  001d8000          *   00000000   


GLOBAL SYMBOLS: SORTED ALPHABETICALLY BY Name 

abs. value/
byte addr   word addr   name
---------   ---------   ----
00000002                $TI_capability$C5500$CallingConvention
00000002                $TI_capability$C5500$MemoryModel
00000001                $TI_capability_requires_rev2
            00000180    .bss
            00018000    .data
00017000                .text
000541fd                C$$EXIT
000537f5                C$$IO$$
000541ac                I$$LMPY
0005412f                I$$UDIV
00054144                I$$UMOD
00018095                _AppCleanup
00017ffa                _AppInit
0001864e                _CPrintf
00018609                _CPrintf_select_output
00017edc                _CSL5502_LIB_
            000188d2    _CSL_GpioData
            000188b0    _CSL_SysData
00017ec4                _CSL_init
00018404                _ClearLine
0001758e                _EZDSP5502_GPIO_getInput
000173fd                _EZDSP5502_GPIO_init
00017494                _EZDSP5502_GPIO_setDirection
00017511                _EZDSP5502_GPIO_setOutput
00017a85                _EZDSP5502_I2CGPIO_configLine
00017b5c                _EZDSP5502_I2CGPIO_read
00017ad8                _EZDSP5502_I2CGPIO_readLine
00017ba9                _EZDSP5502_I2CGPIO_write
00017b09                _EZDSP5502_I2CGPIO_writeLine
00017cb5                _EZDSP5502_I2C_init
00017cfe                _EZDSP5502_I2C_read
00017cd2                _EZDSP5502_I2C_reset
00017cdc                _EZDSP5502_I2C_write
00017c9c                _EZDSP5502_init
00017c56                _EZDSP5502_wait
00017c8a                _EZDSP5502_waitusec
00017d78                _GPIO_open
00017e14                _GPIO_pinDirection
00017e80                _GPIO_pinEnable
00017e6c                _GPIO_pinRead
00017e34                _GPIO_pinWrite
00051fa5                _HOSTclock
00051f3a                _HOSTclose
00051e85                _HOSTlseek
00051de6                _HOSTopen
00051d59                _HOSTread
00051cab                _HOSTrename
00051c4d                _HOSTtime
00051be3                _HOSTunlink
00051b56                _HOSTwrite
00017bd4                _I2C_config
00017928                _I2C_read
0001760c                _I2C_write
00017ea4                _ICACHE_enable
00017e54                _ICACHE_setup
00017e94                _IRQ_globalDisable
00017ed0                _IRQ_globalRestore
000183ac                _InitOled
000170c8                _InitializeNetwork
000183e0                _IsPrintable
000182c7                _LED_init
00018313                _LED_off
00018345                _LED_on
000183a5                _LED_state
00018375                _LED_toggle
00014eff                _MDIO_poll_phy
000185c8                _OledPrintf
00017f61                _PrintExitCode
0000fe00                _Reset
00018438                _SelectLine
            000203f8    __CIOBUF_
00017eb4                __CSL_init
            00001d50    __STACK_END
00000800                __STACK_SIZE
00008000                __SYSMEM_SIZE
00000800                __SYSSTACK_SIZE
00053b05                ___add_dtor
            000301ea    ___atexit_func_id__
ffffffff                ___binit__
            00000180    ___bss__
ffffffff                ___c_args__
            001d8000    ___cinit__
            00018000    ___data__
            000018ca    ___dsp_clock
            00018000    ___edata__
            0000194f    ___end__
00017ee0                ___etext__
0005417c                ___isinf
            00001908    ___link_status
            000018cc    ___net_isq_interval
ffffffff                ___pinit__
00017000                ___text__
00052d01                __addd
00053f76                __args_main
00052945                __cleanup
            00030328    __cleanup_ptr
000530ec                __cmpd
            00030330    __ctypes_
000524da                __divd
0005400c                __divli
00052ccc                __divlli
0005412f                __divu
000538a0                __divul
00052bd8                __divull
0005367e                __doflush
            0003032a    __dtors_ptr
00016ff3                __dummy_link_status
000530b8                __eqld
00054105                __fixdi
00053c05                __fixdli
00053db6                __fltlid
00053a39                __frcmpyd
000535b6                __frcmpyd_div
            00030118    __ft_end
            00030000    __ftable
0005306e                __geqd
00053023                __gtrd
00052fd6                __leqd
            00001943    __link
            00030324    __lock
00052f8e                __lssd
000532a7                __mpyd
000541ac                __mpyli
00052b20                __mpylli
000541e2                __negd
00052f5a                __neqd
000541cf                __nop
00051356                __printfi
00053559                __rd_ok
000541c7                __register_lock
000541bf                __register_unlock
00053fc1                __remli
00052af1                __remlli
00054144                __remu
00053b24                __remul
00052aa3                __remull
            00001950    __stack
00054198                __subd
            00010000    __sys_memory
            00001d50    __sysstack
            00000b86    __tcp_retransmit_time
            00030078    __tmpnams
            00030326    __unlock
000534d9                __wrt_ok
000541fc                _abort
            00001946    _adapter_list
0001656f                _add_adapter
000519eb                _add_device
            000018d0    _addr
            00000ba0    _arp_addr
00013b2d                _arp_check_ip_address
            00000baa    _arp_head
0001641b                _arp_init
00016fbb                _arp_invalid_ip_address
00013d25                _arp_reply_function
0001328c                _arp_timer
00053b96                _atexit
00053e7d                _atoi
00053f29                _auto_init
            0000192e    _auto_ip
00014b2e                _auto_ip_config
            0000192c    _auto_ip_state
0001525f                _build_dhcp_message
000540d1                _c_int00
00053aaf                _call_dtors
00052492                _calloc
000119ee                _check_arp_address
0005248a                _chkheap
00051978                _close
            0000190a    _data_len
            00001906    _dev_in_use_cnt
            00001924    _dhcp_data
00016033                _dhcp_enable
00016f01                _dhcp_get_address
            00001928    _dhcp_message_len
            0000192b    _dhcp_nr
00013d60                _dhcp_option
000146e9                _dhcp_recv
            00001926    _dhcp_send_data
            000010f6    _dhcp_setting
            0000192a    _dhcp_state
00016fa1                _dns_enable_server
00015854                _dns_recv
            000010f4    _dns_setting
            000018e6    _domain_name
00016da0                _dsk_check_sectorerase
00016f49                _dsk_flash_erase_addr
00016bae                _dsk_flash_get_byte
00016988                _dsk_flash_put_byte
00016840                _dsk_flash_sectorerase
00016dd9                _dsk_flush_buffer
00016d63                _dsk_hal_dc_init
000140c2                _dsk_init
000169ee                _dsk_init_sectors
000167cb                _dsk_spiflash_cycle
00016d25                _dsk_spiflash_erase
00016c56                _dsk_spiflash_read
00016f68                _dsk_spiflash_status
000168b3                _dsk_spiflash_write
            000010e8    _dsp_clock
            0003032e    _dtors
00054093                _exit
            00001942    _exit_code
            00020200    _f8x8
000539be                _fclose
000536e7                _fflush
0005196f                _find_registered_device
00052a68                _fopen
000537fa                _fputc
00053144                _fputs
            0000190b    _frame_data_out
00052003                _free
00052434                _free_memory
0005299f                _freopen
00053ce1                _fseek
00016750                _get_free_socket
00016f85                _get_ip_address
00016e7d                _get_mac_address
00016fd0                _get_netlib_ver
000123e5                _get_socket
00051adb                _getenv
            00000ba8    _gratuitous_arp
            0000193a    _hGPIO_group0
            0000193c    _hGPIO_group1
            0000193e    _hGPIO_group2
            00001940    _hGPIO_group3
            000018e4    _host_name
00016fef                _icmp_get_checksum
00016c02                _icmp_init
00016e49                _icmp_read_ip
000153f1                _icmp_recv_socket
            000018f6    _ie
00016a4d                _inet_aton
0001610b                _inet_ntoa
00017dc7                _init_emif
00017d22                _init_pll
000164c5                _install_icmp_socket
            000018fa    _ksz_ctl
0001629f                _ksz_cycle_eeprom_io
00015e74                _ksz_get_hw_address
00012fd1                _ksz_isr
00016920                _ksz_read_eeprom_word
00011054                _ksz_read_packet_data
00013c9c                _ksz_release_packet
00016617                _ksz_set_hw_address
0001296a                _ksz_write_arp_packet_data
00017ee0                _link_status
            000018f8    _linkstate
00051909                _lseek
00053941                _ltoa
00017251                _main
00015aff                _make_dhcp_request
00052134                _malloc
000523da                _max_free
00013c5b                _memb_alloc
00016ca5                _memb_arp_init
00013ba5                _memb_free
00016ce5                _memb_init
            00000180    _memb_mem
00054159                _memccpy
00054054                _memcpy
000520cf                _minit
00016fe3                _net_allocate_aligned_buffer
00011f98                _net_check_callback
00016eae                _net_delay
000150cb                _net_init
000133c0                _net_isq
00013d04                _net_malloc
000143fa                _net_post_init
000180d7                _net_print_error
000159b7                _net_print_stat
00012b1e                _net_recv
000127b5                _net_resend_all
00012e52                _net_send
00016e12                _net_set_gateway
            0001884e    _netlib_ver
0005184a                _open
0001635e                _open_dhcp_socket
            000018e2    _open_dhcp_socket_func
00014d29                _open_dns_socket
            000018de    _open_dns_socket_func
0001779a                _osd9616_init
0001789a                _osd9616_multiSend
0001787a                _osd9616_send
            00001949    _output_device
            000015a4    _pflash
00016b04                _prepare_for_broadcast
0001845e                _printChar
000178e8                _printLetter
000184e0                _printString
00053ed9                _printf
            000010f8    _program_name
000537fa                _putc
00053891                _putchar
00053279                _puts
00053e3f                _rand
0005179c                _read
000135d8                _read_arp
00012ccc                _read_ip
00053c74                _readmsg
00052229                _realloc
            000018e0    _recv_dhcp_func
            000018dc    _recv_dns_func
000541f2                _remove
00051766                _remove_device
0005170d                _rename
000134d3                _save_arp_address
00013aa9                _send_arp
000125d2                _send_ip
00015c43                _send_ping_reply
000121cf                _send_tcp_option
            00000b80    _sendmem
00016edc                _set_recv_buffer
000533f3                _setvbuf
00015f55                _shutdown
00011cd8                _smc_write_packet_data
            000018f4    _so_count
            000018d8    _so_head
            000018da    _so_last
00015580                _socket_close
00016f25                _socket_define_callback
00014919                _socket_open
00053e1d                _srand
000541d1                _strlen
0001703a                _tcp_call_back
00013a1e                _tcp_clear_seq
000138a3                _tcp_get_checksum
000161d8                _tcp_init
00015d60                _tcp_init_pcb
            000018ee    _tcp_iss
000115dd                _tcp_read_ip
000136db                _tcp_recv_socket
00013c09                _tcp_send_keep_alive
000156f0                _tcp_send_opening
000137c5                _tcp_send_pending
00013d3f                _tcp_send_ready
0001086d                _tcp_send_socket
            0000150e    _tcp_server
00010000                _tcp_state
            000018f0    _tcp_timer
            000018f2    _timer_count
            00001922    _transaction_id
00017000                _udp_call_back
            0000150c    _udp_echo
00013d46                _udp_get_checksum
000166bb                _udp_init
00013970                _udp_read_ip
00013cd0                _udp_recv_socket
00013145                _udp_send_socket
000516da                _unlink
00053d4c                _vsprintf
00051598                _write
00053740                _writemsg
ffffffff                binit
            001d8000    cinit
            00018000    edata
            0000194f    end
00017ee0                etext
ffffffff                pinit


GLOBAL SYMBOLS: SORTED BY Symbol Address 

abs. value/
byte addr   word addr   name
---------   ---------   ----
00000001                $TI_capability_requires_rev2
00000002                $TI_capability$C5500$CallingConvention
00000002                $TI_capability$C5500$MemoryModel
            00000180    .bss
            00000180    ___bss__
            00000180    _memb_mem
00000800                __STACK_SIZE
00000800                __SYSSTACK_SIZE
            00000b80    _sendmem
            00000b86    __tcp_retransmit_time
            00000ba0    _arp_addr
            00000ba8    _gratuitous_arp
            00000baa    _arp_head
            000010e8    _dsp_clock
            000010f4    _dns_setting
            000010f6    _dhcp_setting
            000010f8    _program_name
            0000150c    _udp_echo
            0000150e    _tcp_server
            000015a4    _pflash
            000018ca    ___dsp_clock
            000018cc    ___net_isq_interval
            000018d0    _addr
            000018d8    _so_head
            000018da    _so_last
            000018dc    _recv_dns_func
            000018de    _open_dns_socket_func
            000018e0    _recv_dhcp_func
            000018e2    _open_dhcp_socket_func
            000018e4    _host_name
            000018e6    _domain_name
            000018ee    _tcp_iss
            000018f0    _tcp_timer
            000018f2    _timer_count
            000018f4    _so_count
            000018f6    _ie
            000018f8    _linkstate
            000018fa    _ksz_ctl
            00001906    _dev_in_use_cnt
            00001908    ___link_status
            0000190a    _data_len
            0000190b    _frame_data_out
            00001922    _transaction_id
            00001924    _dhcp_data
            00001926    _dhcp_send_data
            00001928    _dhcp_message_len
            0000192a    _dhcp_state
            0000192b    _dhcp_nr
            0000192c    _auto_ip_state
            0000192e    _auto_ip
            0000193a    _hGPIO_group0
            0000193c    _hGPIO_group1
            0000193e    _hGPIO_group2
            00001940    _hGPIO_group3
            00001942    _exit_code
            00001943    __link
            00001946    _adapter_list
            00001949    _output_device
            0000194f    ___end__
            0000194f    end
            00001950    __stack
            00001d50    __STACK_END
            00001d50    __sysstack
00008000                __SYSMEM_SIZE
0000fe00                _Reset
00010000                _tcp_state
0001086d                _tcp_send_socket
00011054                _ksz_read_packet_data
000115dd                _tcp_read_ip
000119ee                _check_arp_address
00011cd8                _smc_write_packet_data
00011f98                _net_check_callback
000121cf                _send_tcp_option
000123e5                _get_socket
000125d2                _send_ip
000127b5                _net_resend_all
0001296a                _ksz_write_arp_packet_data
00012b1e                _net_recv
00012ccc                _read_ip
00012e52                _net_send
00012fd1                _ksz_isr
00013145                _udp_send_socket
0001328c                _arp_timer
000133c0                _net_isq
000134d3                _save_arp_address
000135d8                _read_arp
000136db                _tcp_recv_socket
000137c5                _tcp_send_pending
000138a3                _tcp_get_checksum
00013970                _udp_read_ip
00013a1e                _tcp_clear_seq
00013aa9                _send_arp
00013b2d                _arp_check_ip_address
00013ba5                _memb_free
00013c09                _tcp_send_keep_alive
00013c5b                _memb_alloc
00013c9c                _ksz_release_packet
00013cd0                _udp_recv_socket
00013d04                _net_malloc
00013d25                _arp_reply_function
00013d3f                _tcp_send_ready
00013d46                _udp_get_checksum
00013d60                _dhcp_option
000140c2                _dsk_init
000143fa                _net_post_init
000146e9                _dhcp_recv
00014919                _socket_open
00014b2e                _auto_ip_config
00014d29                _open_dns_socket
00014eff                _MDIO_poll_phy
000150cb                _net_init
0001525f                _build_dhcp_message
000153f1                _icmp_recv_socket
00015580                _socket_close
000156f0                _tcp_send_opening
00015854                _dns_recv
000159b7                _net_print_stat
00015aff                _make_dhcp_request
00015c43                _send_ping_reply
00015d60                _tcp_init_pcb
00015e74                _ksz_get_hw_address
00015f55                _shutdown
00016033                _dhcp_enable
0001610b                _inet_ntoa
000161d8                _tcp_init
0001629f                _ksz_cycle_eeprom_io
0001635e                _open_dhcp_socket
0001641b                _arp_init
000164c5                _install_icmp_socket
0001656f                _add_adapter
00016617                _ksz_set_hw_address
000166bb                _udp_init
00016750                _get_free_socket
000167cb                _dsk_spiflash_cycle
00016840                _dsk_flash_sectorerase
000168b3                _dsk_spiflash_write
00016920                _ksz_read_eeprom_word
00016988                _dsk_flash_put_byte
000169ee                _dsk_init_sectors
00016a4d                _inet_aton
00016b04                _prepare_for_broadcast
00016bae                _dsk_flash_get_byte
00016c02                _icmp_init
00016c56                _dsk_spiflash_read
00016ca5                _memb_arp_init
00016ce5                _memb_init
00016d25                _dsk_spiflash_erase
00016d63                _dsk_hal_dc_init
00016da0                _dsk_check_sectorerase
00016dd9                _dsk_flush_buffer
00016e12                _net_set_gateway
00016e49                _icmp_read_ip
00016e7d                _get_mac_address
00016eae                _net_delay
00016edc                _set_recv_buffer
00016f01                _dhcp_get_address
00016f25                _socket_define_callback
00016f49                _dsk_flash_erase_addr
00016f68                _dsk_spiflash_status
00016f85                _get_ip_address
00016fa1                _dns_enable_server
00016fbb                _arp_invalid_ip_address
00016fd0                _get_netlib_ver
00016fe3                _net_allocate_aligned_buffer
00016fef                _icmp_get_checksum
00016ff3                __dummy_link_status
00017000                .text
00017000                ___text__
00017000                _udp_call_back
0001703a                _tcp_call_back
000170c8                _InitializeNetwork
00017251                _main
000173fd                _EZDSP5502_GPIO_init
00017494                _EZDSP5502_GPIO_setDirection
00017511                _EZDSP5502_GPIO_setOutput
0001758e                _EZDSP5502_GPIO_getInput
0001760c                _I2C_write
0001779a                _osd9616_init
0001787a                _osd9616_send
0001789a                _osd9616_multiSend
000178e8                _printLetter
00017928                _I2C_read
00017a85                _EZDSP5502_I2CGPIO_configLine
00017ad8                _EZDSP5502_I2CGPIO_readLine
00017b09                _EZDSP5502_I2CGPIO_writeLine
00017b5c                _EZDSP5502_I2CGPIO_read
00017ba9                _EZDSP5502_I2CGPIO_write
00017bd4                _I2C_config
00017c56                _EZDSP5502_wait
00017c8a                _EZDSP5502_waitusec
00017c9c                _EZDSP5502_init
00017cb5                _EZDSP5502_I2C_init
00017cd2                _EZDSP5502_I2C_reset
00017cdc                _EZDSP5502_I2C_write
00017cfe                _EZDSP5502_I2C_read
00017d22                _init_pll
00017d78                _GPIO_open
00017dc7                _init_emif
00017e14                _GPIO_pinDirection
00017e34                _GPIO_pinWrite
00017e54                _ICACHE_setup
00017e6c                _GPIO_pinRead
00017e80                _GPIO_pinEnable
00017e94                _IRQ_globalDisable
00017ea4                _ICACHE_enable
00017eb4                __CSL_init
00017ec4                _CSL_init
00017ed0                _IRQ_globalRestore
00017edc                _CSL5502_LIB_
00017ee0                ___etext__
00017ee0                _link_status
00017ee0                etext
00017f61                _PrintExitCode
00017ffa                _AppInit
00018095                _AppCleanup
000180d7                _net_print_error
000182c7                _LED_init
00018313                _LED_off
00018345                _LED_on
00018375                _LED_toggle
000183a5                _LED_state
000183ac                _InitOled
000183e0                _IsPrintable
00018404                _ClearLine
00018438                _SelectLine
0001845e                _printChar
000184e0                _printString
000185c8                _OledPrintf
00018609                _CPrintf_select_output
0001864e                _CPrintf
            00010000    __sys_memory
            00018000    .data
            00018000    ___data__
            00018000    ___edata__
            00018000    edata
            0001884e    _netlib_ver
            000188b0    _CSL_SysData
            000188d2    _CSL_GpioData
            00020200    _f8x8
            000203f8    __CIOBUF_
00051356                __printfi
00051598                _write
000516da                _unlink
0005170d                _rename
00051766                _remove_device
0005179c                _read
0005184a                _open
00051909                _lseek
0005196f                _find_registered_device
00051978                _close
000519eb                _add_device
00051adb                _getenv
00051b56                _HOSTwrite
00051be3                _HOSTunlink
00051c4d                _HOSTtime
00051cab                _HOSTrename
00051d59                _HOSTread
00051de6                _HOSTopen
00051e85                _HOSTlseek
00051f3a                _HOSTclose
00051fa5                _HOSTclock
00052003                _free
000520cf                _minit
00052134                _malloc
00052229                _realloc
000523da                _max_free
00052434                _free_memory
0005248a                _chkheap
00052492                _calloc
000524da                __divd
00052945                __cleanup
0005299f                _freopen
00052a68                _fopen
00052aa3                __remull
00052af1                __remlli
00052b20                __mpylli
00052bd8                __divull
00052ccc                __divlli
00052d01                __addd
00052f5a                __neqd
00052f8e                __lssd
00052fd6                __leqd
00053023                __gtrd
0005306e                __geqd
000530b8                __eqld
000530ec                __cmpd
00053144                _fputs
00053279                _puts
000532a7                __mpyd
000533f3                _setvbuf
000534d9                __wrt_ok
00053559                __rd_ok
000535b6                __frcmpyd_div
0005367e                __doflush
000536e7                _fflush
00053740                _writemsg
000537f5                C$$IO$$
000537fa                _fputc
000537fa                _putc
00053891                _putchar
000538a0                __divul
00053941                _ltoa
000539be                _fclose
00053a39                __frcmpyd
00053aaf                _call_dtors
00053b05                ___add_dtor
00053b24                __remul
00053b96                _atexit
00053c05                __fixdli
00053c74                _readmsg
00053ce1                _fseek
00053d4c                _vsprintf
00053db6                __fltlid
00053e1d                _srand
00053e3f                _rand
00053e7d                _atoi
00053ed9                _printf
00053f29                _auto_init
00053f76                __args_main
00053fc1                __remli
0005400c                __divli
00054054                _memcpy
00054093                _exit
000540d1                _c_int00
00054105                __fixdi
0005412f                I$$UDIV
0005412f                __divu
00054144                I$$UMOD
00054144                __remu
00054159                _memccpy
0005417c                ___isinf
00054198                __subd
000541ac                I$$LMPY
000541ac                __mpyli
000541bf                __register_unlock
000541c7                __register_lock
000541cf                __nop
000541d1                _strlen
000541e2                __negd
000541f2                _remove
000541fc                _abort
000541fd                C$$EXIT
            00030000    __ftable
            00030078    __tmpnams
            00030118    __ft_end
            000301ea    ___atexit_func_id__
            00030324    __lock
            00030326    __unlock
            00030328    __cleanup_ptr
            0003032a    __dtors_ptr
            0003032e    _dtors
            00030330    __ctypes_
            001d8000    ___cinit__
            001d8000    cinit
ffffffff                ___binit__
ffffffff                ___c_args__
ffffffff                ___pinit__
ffffffff                binit
ffffffff                pinit

[359 symbols]
